[2026-09-15 08:25:32] [ERROR] unhandledRejection {}
[2026-09-15 08:25:32] [ERROR] unhandledRejection {}
[2026-09-15 08:25:38] [ERROR] unhandledRejection {}
[2026-09-15 08:26:27] [WARN] [INIT] auto clear log: C:\Users\User\OneDrive\Documents\EasyEDA-Pro\logs
[2026-09-15 08:27:27] [WARN] [INIT] auto clear log: C:\Users\User\OneDrive\Documents\EasyEDA-Pro\logs
[2026-09-15 08:28:27] [WARN] [INIT] auto clear log: C:\Users\User\OneDrive\Documents\EasyEDA-Pro\logs
[2026-09-15 08:29:27] [WARN] [INIT] auto clear log: C:\Users\User\OneDrive\Documents\EasyEDA-Pro\logs
[2026-09-15 08:30:27] [WARN] [INIT] auto clear log: C:\Users\User\OneDrive\Documents\EasyEDA-Pro\logs
[2026-09-15 08:31:27] [WARN] [INIT] auto clear log: C:\Users\User\OneDrive\Documents\EasyEDA-Pro\logs
[2026-09-15 08:32:27] [WARN] [INIT] auto clear log: C:\Users\User\OneDrive\Documents\EasyEDA-Pro\logs
[2026-09-15 08:33:27] [WARN] [INIT] auto clear log: C:\Users\User\OneDrive\Documents\EasyEDA-Pro\logs
[2026-09-15 08:34:27] [WARN] [INIT] auto clear log: C:\Users\User\OneDrive\Documents\EasyEDA-Pro\logs
[2026-09-15 08:35:27] [WARN] [INIT] auto clear log: C:\Users\User\OneDrive\Documents\EasyEDA-Pro\logs
[2026-09-15 08:36:27] [WARN] [INIT] auto clear log: C:\Users\User\OneDrive\Documents\EasyEDA-Pro\logs
[2026-09-15 08:37:27] [WARN] [INIT] auto clear log: C:\Users\User\OneDrive\Documents\EasyEDA-Pro\logs
[2026-09-15 08:38:27] [WARN] [INIT] auto clear log: C:\Users\User\OneDrive\Documents\EasyEDA-Pro\logs
[2026-09-15 08:39:27] [WARN] [INIT] auto clear log: C:\Users\User\OneDrive\Documents\EasyEDA-Pro\logs
[2026-09-15 08:40:27] [WARN] [INIT] auto clear log: C:\Users\User\OneDrive\Documents\EasyEDA-Pro\logs
[2026-09-15 08:41:27] [WARN] [INIT] auto clear log: C:\Users\User\OneDrive\Documents\EasyEDA-Pro\logs
[2026-09-15 08:42:27] [WARN] [INIT] auto clear log: C:\Users\User\OneDrive\Documents\EasyEDA-Pro\logs
[2026-09-15 08:43:27] [WARN] [INIT] auto clear log: C:\Users\User\OneDrive\Documents\EasyEDA-Pro\logs
[2026-09-15 08:44:27] [WARN] [INIT] auto clear log: C:\Users\User\OneDrive\Documents\EasyEDA-Pro\logs
[2026-09-15 08:45:27] [WARN] [INIT] auto clear log: C:\Users\User\OneDrive\Documents\EasyEDA-Pro\logs
[2026-09-15 08:46:27] [WARN] [INIT] auto clear log: C:\Users\User\OneDrive\Documents\EasyEDA-Pro\logs
[2026-09-15 08:47:27] [WARN] [INIT] auto clear log: C:\Users\User\OneDrive\Documents\EasyEDA-Pro\logs
[2026-09-15 08:48:27] [WARN] [INIT] auto clear log: C:\Users\User\OneDrive\Documents\EasyEDA-Pro\logs
[2026-09-15 08:49:27] [WARN] [INIT] auto clear log: C:\Users\User\OneDrive\Documents\EasyEDA-Pro\logs
[2026-09-15 08:50:28] [WARN] [INIT] auto clear log: C:\Users\User\OneDrive\Documents\EasyEDA-Pro\logs
[2026-09-15 08:51:28] [WARN] [INIT] auto clear log: C:\Users\User\OneDrive\Documents\EasyEDA-Pro\logs
[2026-09-15 08:52:28] [WARN] [INIT] auto clear log: C:\Users\User\OneDrive\Documents\EasyEDA-Pro\logs
[2026-09-15 08:53:28] [WARN] [INIT] auto clear log: C:\Users\User\OneDrive\Documents\EasyEDA-Pro\logs
[2026-09-15 08:54:28] [WARN] [INIT] auto clear log: C:\Users\User\OneDrive\Documents\EasyEDA-Pro\logs
[2026-09-15 08:55:28] [WARN] [INIT] auto clear log: C:\Users\User\OneDrive\Documents\EasyEDA-Pro\logs
[2026-09-15 08:56:28] [WARN] [INIT] auto clear log: C:\Users\User\OneDrive\Documents\EasyEDA-Pro\logs
[2026-09-15 08:57:28] [WARN] [INIT] auto clear log: C:\Users\User\OneDrive\Documents\EasyEDA-Pro\logs
[2026-09-15 08:58:28] [WARN] [INIT] auto clear log: C:\Users\User\OneDrive\Documents\EasyEDA-Pro\logs
[2026-09-15 08:59:28] [WARN] [INIT] auto clear log: C:\Users\User\OneDrive\Documents\EasyEDA-Pro\logs
[2026-09-15 09:00:28] [WARN] [INIT] auto clear log: C:\Users\User\OneDrive\Documents\EasyEDA-Pro\logs
[2026-09-15 09:01:28] [WARN] [INIT] auto clear log: C:\Users\User\OneDrive\Documents\EasyEDA-Pro\logs
[2026-09-15 09:02:28] [WARN] [INIT] auto clear log: C:\Users\User\OneDrive\Documents\EasyEDA-Pro\logs
[2026-09-15 09:03:28] [WARN] [INIT] auto clear log: C:\Users\User\OneDrive\Documents\EasyEDA-Pro\logs
[2026-09-15 09:04:28] [WARN] [INIT] auto clear log: C:\Users\User\OneDrive\Documents\EasyEDA-Pro\logs
[2026-09-15 09:05:28] [WARN] [INIT] auto clear log: C:\Users\User\OneDrive\Documents\EasyEDA-Pro\logs
[2026-09-15 09:06:28] [WARN] [INIT] auto clear log: C:\Users\User\OneDrive\Documents\EasyEDA-Pro\logs
[2026-09-15 09:07:28] [WARN] [INIT] auto clear log: C:\Users\User\OneDrive\Documents\EasyEDA-Pro\logs
[2026-09-15 09:10:13] [WARN] [INIT] auto clear log: C:\Users\User\OneDrive\Documents\EasyEDA-Pro\logs
[2026-09-15 09:11:13] [WARN] [INIT] auto clear log: C:\Users\User\OneDrive\Documents\EasyEDA-Pro\logs
[2026-09-15 09:12:13] [WARN] [INIT] auto clear log: C:\Users\User\OneDrive\Documents\EasyEDA-Pro\logs
[2026-09-15 09:13:13] [WARN] [INIT] auto clear log: C:\Users\User\OneDrive\Documents\EasyEDA-Pro\logs
[2026-09-15 09:14:13] [WARN] [INIT] auto clear log: C:\Users\User\OneDrive\Documents\EasyEDA-Pro\logs
[2026-09-15 09:15:13] [WARN] [INIT] auto clear log: C:\Users\User\OneDrive\Documents\EasyEDA-Pro\logs
[2026-09-15 09:16:13] [WARN] [INIT] auto clear log: C:\Users\User\OneDrive\Documents\EasyEDA-Pro\logs
[2026-09-15 09:17:13] [WARN] [INIT] auto clear log: C:\Users\User\OneDrive\Documents\EasyEDA-Pro\logs
[2026-09-15 09:18:13] [WARN] [INIT] auto clear log: C:\Users\User\OneDrive\Documents\EasyEDA-Pro\logs
[2026-09-15 09:19:13] [WARN] [INIT] auto clear log: C:\Users\User\OneDrive\Documents\EasyEDA-Pro\logs
[2026-09-15 09:20:13] [WARN] [INIT] auto clear log: C:\Users\User\OneDrive\Documents\EasyEDA-Pro\logs
[2026-09-15 09:21:13] [WARN] [INIT] auto clear log: C:\Users\User\OneDrive\Documents\EasyEDA-Pro\logs
[2026-09-15 09:22:13] [WARN] [INIT] auto clear log: C:\Users\User\OneDrive\Documents\EasyEDA-Pro\logs
[2026-09-15 09:23:13] [WARN] [INIT] auto clear log: C:\Users\User\OneDrive\Documents\EasyEDA-Pro\logs
[2026-09-15 09:24:13] [WARN] [INIT] auto clear log: C:\Users\User\OneDrive\Documents\EasyEDA-Pro\logs
[2026-09-15 09:25:13] [WARN] [INIT] auto clear log: C:\Users\User\OneDrive\Documents\EasyEDA-Pro\logs
[2026-09-15 09:26:13] [WARN] [INIT] auto clear log: C:\Users\User\OneDrive\Documents\EasyEDA-Pro\logs
[2026-09-15 09:27:13] [WARN] [INIT] auto clear log: C:\Users\User\OneDrive\Documents\EasyEDA-Pro\logs
[2026-09-15 09:28:13] [WARN] [INIT] auto clear log: C:\Users\User\OneDrive\Documents\EasyEDA-Pro\logs
[2026-09-15 09:29:13] [WARN] [INIT] auto clear log: C:\Users\User\OneDrive\Documents\EasyEDA-Pro\logs
[2026-09-15 09:30:13] [WARN] [INIT] auto clear log: C:\Users\User\OneDrive\Documents\EasyEDA-Pro\logs
[2026-09-15 09:31:13] [WARN] [INIT] auto clear log: C:\Users\User\OneDrive\Documents\EasyEDA-Pro\logs
[2026-09-15 09:32:13] [WARN] [INIT] auto clear log: C:\Users\User\OneDrive\Documents\EasyEDA-Pro\logs
[2026-09-15 09:33:13] [WARN] [INIT] auto clear log: C:\Users\User\OneDrive\Documents\EasyEDA-Pro\logs
[2026-09-15 09:34:13] [WARN] [INIT] auto clear log: C:\Users\User\OneDrive\Documents\EasyEDA-Pro\logs
[2026-09-15 09:35:13] [WARN] [INIT] auto clear log: C:\Users\User\OneDrive\Documents\EasyEDA-Pro\logs
[2026-09-15 09:36:13] [WARN] [INIT] auto clear log: C:\Users\User\OneDrive\Documents\EasyEDA-Pro\logs
[2026-09-15 09:37:13] [WARN] [INIT] auto clear log: C:\Users\User\OneDrive\Documents\EasyEDA-Pro\logs
[2026-09-15 09:38:13] [WARN] [INIT] auto clear log: C:\Users\User\OneDrive\Documents\EasyEDA-Pro\logs
[2026-09-15 09:39:13] [WARN] [INIT] auto clear log: C:\Users\User\OneDrive\Documents\EasyEDA-Pro\logs
[2026-09-15 09:40:13] [WARN] [INIT] auto clear log: C:\Users\User\OneDrive\Documents\EasyEDA-Pro\logs
[2026-09-15 09:41:13] [WARN] [INIT] auto clear log: C:\Users\User\OneDrive\Documents\EasyEDA-Pro\logs
[2026-09-15 09:42:13] [WARN] [INIT] auto clear log: C:\Users\User\OneDrive\Documents\EasyEDA-Pro\logs
[2026-09-15 09:43:13] [WARN] [INIT] auto clear log: C:\Users\User\OneDrive\Documents\EasyEDA-Pro\logs
[2026-09-15 09:44:13] [WARN] [INIT] auto clear log: C:\Users\User\OneDrive\Documents\EasyEDA-Pro\logs
[2026-09-15 09:45:13] [WARN] [INIT] auto clear log: C:\Users\User\OneDrive\Documents\EasyEDA-Pro\logs
[2026-09-15 09:46:13] [WARN] [INIT] auto clear log: C:\Users\User\OneDrive\Documents\EasyEDA-Pro\logs
[2026-09-15 09:47:13] [WARN] [INIT] auto clear log: C:\Users\User\OneDrive\Documents\EasyEDA-Pro\logs
[2026-09-15 09:48:13] [WARN] [INIT] auto clear log: C:\Users\User\OneDrive\Documents\EasyEDA-Pro\logs
[2026-09-15 09:49:13] [WARN] [INIT] auto clear log: C:\Users\User\OneDrive\Documents\EasyEDA-Pro\logs
[2026-09-15 09:50:13] [WARN] [INIT] auto clear log: C:\Users\User\OneDrive\Documents\EasyEDA-Pro\logs
[2026-09-15 09:51:13] [WARN] [INIT] auto clear log: C:\Users\User\OneDrive\Documents\EasyEDA-Pro\logs
[2026-09-15 09:52:13] [WARN] [INIT] auto clear log: C:\Users\User\OneDrive\Documents\EasyEDA-Pro\logs
[2026-09-15 09:53:13] [WARN] [INIT] auto clear log: C:\Users\User\OneDrive\Documents\EasyEDA-Pro\logs
[2026-09-15 09:54:13] [WARN] [INIT] auto clear log: C:\Users\User\OneDrive\Documents\EasyEDA-Pro\logs
[2026-09-15 09:55:13] [WARN] [INIT] auto clear log: C:\Users\User\OneDrive\Documents\EasyEDA-Pro\logs
[2026-09-15 09:56:13] [WARN] [INIT] auto clear log: C:\Users\User\OneDrive\Documents\EasyEDA-Pro\logs
[2026-09-15 09:57:13] [WARN] [INIT] auto clear log: C:\Users\User\OneDrive\Documents\EasyEDA-Pro\logs
[2026-09-15 09:58:13] [WARN] [INIT] auto clear log: C:\Users\User\OneDrive\Documents\EasyEDA-Pro\logs
[2026-09-15 09:59:13] [WARN] [INIT] auto clear log: C:\Users\User\OneDrive\Documents\EasyEDA-Pro\logs
[2026-09-15 10:00:13] [WARN] [INIT] auto clear log: C:\Users\User\OneDrive\Documents\EasyEDA-Pro\logs
[2026-09-15 10:01:13] [WARN] [INIT] auto clear log: C:\Users\User\OneDrive\Documents\EasyEDA-Pro\logs
[2026-09-15 10:02:13] [WARN] [INIT] auto clear log: C:\Users\User\OneDrive\Documents\EasyEDA-Pro\logs
[2026-09-15 10:03:13] [WARN] [INIT] auto clear log: C:\Users\User\OneDrive\Documents\EasyEDA-Pro\logs
[2026-09-15 10:04:13] [WARN] [INIT] auto clear log: C:\Users\User\OneDrive\Documents\EasyEDA-Pro\logs
[2026-09-15 10:04:33] [ERROR] [SERVER] [X-LC-ID-hjw6Gz4KekK6AA==] {"errno":-3008,"code":"ENOTFOUND","syscall":"getaddrinfo","hostname":"pro.easyeda.com"}
[2026-09-15 10:05:13] [WARN] [INIT] auto clear log: C:\Users\User\OneDrive\Documents\EasyEDA-Pro\logs
[2026-09-15 10:06:13] [WARN] [INIT] auto clear log: C:\Users\User\OneDrive\Documents\EasyEDA-Pro\logs
[2026-09-15 10:07:13] [WARN] [INIT] auto clear log: C:\Users\User\OneDrive\Documents\EasyEDA-Pro\logs
[2026-09-15 10:08:13] [WARN] [INIT] auto clear log: C:\Users\User\OneDrive\Documents\EasyEDA-Pro\logs
[2026-09-15 10:09:13] [WARN] [INIT] auto clear log: C:\Users\User\OneDrive\Documents\EasyEDA-Pro\logs
[2026-09-15 10:09:32] [ERROR] [SERVER] [X-LC-ID-LNB4ZD4KekKLAA==] {"errno":-3008,"code":"ENOTFOUND","syscall":"getaddrinfo","hostname":"pro.easyeda.com"}
[2026-09-15 10:10:13] [WARN] [INIT] auto clear log: C:\Users\User\OneDrive\Documents\EasyEDA-Pro\logs
[2026-09-15 10:11:13] [WARN] [INIT] auto clear log: C:\Users\User\OneDrive\Documents\EasyEDA-Pro\logs
[2026-09-15 10:11:36] [ERROR] [SERVER] [X-LC-ID-lOiVgj4KekKYAA==] {"errno":-3008,"code":"ENOTFOUND","syscall":"getaddrinfo","hostname":"pro.easyeda.com"}
[2026-09-15 10:12:13] [WARN] [INIT] auto clear log: C:\Users\User\OneDrive\Documents\EasyEDA-Pro\logs
[2026-09-15 10:12:27] [ERROR] [SERVER] [X-LC-ID-J274jj4KekKNAA==] {"errno":-3008,"code":"ENOTFOUND","syscall":"getaddrinfo","hostname":"pro.easyeda.com"}
[2026-09-15 10:12:27] [ERROR] [SERVER] [X-LC-ID-X3opjz4KekInAA==] {"errno":-3008,"code":"ENOTFOUND","syscall":"getaddrinfo","hostname":"pro.easyeda.com"}
[2026-09-15 10:12:28] [ERROR] [SERVER] [X-LC-ID-qUBAjz4KekLtAA==] {"errno":-3008,"code":"ENOTFOUND","syscall":"getaddrinfo","hostname":"pro.easyeda.com"}
[2026-09-15 10:13:13] [WARN] [INIT] auto clear log: C:\Users\User\OneDrive\Documents\EasyEDA-Pro\logs
[2026-09-15 10:14:13] [WARN] [INIT] auto clear log: C:\Users\User\OneDrive\Documents\EasyEDA-Pro\logs
[2026-09-15 10:14:33] [ERROR] [SERVER] [X-LC-ID-p+e2rT4KekLuAA==] {"errno":-3008,"code":"ENOTFOUND","syscall":"getaddrinfo","hostname":"pro.easyeda.com"}
[2026-09-15 10:15:13] [WARN] [INIT] auto clear log: C:\Users\User\OneDrive\Documents\EasyEDA-Pro\logs
[2026-09-15 10:16:13] [WARN] [INIT] auto clear log: C:\Users\User\OneDrive\Documents\EasyEDA-Pro\logs
[2026-09-15 10:16:58] [ERROR] [SERVER] [X-LC-ID-JB1T0T4KekJ/AA==] {"errno":-3008,"code":"ENOTFOUND","syscall":"getaddrinfo","hostname":"pro.easyeda.com"}
[2026-09-15 10:17:05] [ERROR] [SERVER] [X-LC-ID-SMgP0z4KekL3AA==] {"errno":-3008,"code":"ENOTFOUND","syscall":"getaddrinfo","hostname":"pro.easyeda.com"}
[2026-09-15 10:17:14] [WARN] [INIT] auto clear log: C:\Users\User\OneDrive\Documents\EasyEDA-Pro\logs
[2026-09-15 10:17:14] [ERROR] [SERVER] [X-LC-ID-frQY1T4KekLhAA==] {"errno":-3008,"code":"ENOTFOUND","syscall":"getaddrinfo","hostname":"pro.easyeda.com"}
[2026-09-15 10:17:18] [ERROR] [SERVER] [X-LC-ID-U54V1j4KekLkAA==] {"errno":-3008,"code":"ENOTFOUND","syscall":"getaddrinfo","hostname":"pro.easyeda.com"}
[2026-09-15 10:17:24] [ERROR] [SERVER] [X-LC-ID-9vKc1z4KekLCAA==] {"errno":-3008,"code":"ENOTFOUND","syscall":"getaddrinfo","hostname":"pro.easyeda.com"}
[2026-09-15 10:18:14] [WARN] [INIT] auto clear log: C:\Users\User\OneDrive\Documents\EasyEDA-Pro\logs
[2026-09-15 10:18:14] [ERROR] [SERVER] [X-LC-ID-t2Kw4z4KekKUAA==] {"errno":-3008,"code":"ENOTFOUND","syscall":"getaddrinfo","hostname":"pro.easyeda.com"}
[2026-09-15 10:18:25] [ERROR] [SERVER] [X-LC-ID-bLp35j4KekKeAA==] {"errno":-3008,"code":"ENOTFOUND","syscall":"getaddrinfo","hostname":"pro.easyeda.com"}
[2026-09-15 10:19:14] [WARN] [INIT] auto clear log: C:\Users\User\OneDrive\Documents\EasyEDA-Pro\logs
[2026-09-15 10:19:33] [ERROR] [SERVER] [X-LC-ID-Jgz19j4KekJ+AA==] {"errno":-3008,"code":"ENOTFOUND","syscall":"getaddrinfo","hostname":"pro.easyeda.com"}
[2026-09-15 10:20:14] [WARN] [INIT] auto clear log: C:\Users\User\OneDrive\Documents\EasyEDA-Pro\logs
[2026-09-15 10:21:14] [WARN] [INIT] auto clear log: C:\Users\User\OneDrive\Documents\EasyEDA-Pro\logs
[2026-09-15 10:22:14] [WARN] [INIT] auto clear log: C:\Users\User\OneDrive\Documents\EasyEDA-Pro\logs
[2026-09-15 10:23:14] [WARN] [INIT] auto clear log: C:\Users\User\OneDrive\Documents\EasyEDA-Pro\logs
[2026-09-15 10:23:56] [ERROR] [SERVER] [X-LC-ID-u3cnLj8KekLdAA==] {"code":"ECONNRESET"}
[2026-09-15 10:24:14] [WARN] [INIT] auto clear log: C:\Users\User\OneDrive\Documents\EasyEDA-Pro\logs
[2026-09-15 10:25:14] [WARN] [INIT] auto clear log: C:\Users\User\OneDrive\Documents\EasyEDA-Pro\logs
[2026-09-15 10:26:14] [WARN] [INIT] auto clear log: C:\Users\User\OneDrive\Documents\EasyEDA-Pro\logs
[2026-09-15 10:27:14] [WARN] [INIT] auto clear log: C:\Users\User\OneDrive\Documents\EasyEDA-Pro\logs
[2026-09-15 10:28:14] [WARN] [INIT] auto clear log: C:\Users\User\OneDrive\Documents\EasyEDA-Pro\logs
[2026-09-15 10:29:14] [WARN] [INIT] auto clear log: C:\Users\User\OneDrive\Documents\EasyEDA-Pro\logs
[2026-09-15 10:30:14] [WARN] [INIT] auto clear log: C:\Users\User\OneDrive\Documents\EasyEDA-Pro\logs
[2026-09-15 10:31:14] [WARN] [INIT] auto clear log: C:\Users\User\OneDrive\Documents\EasyEDA-Pro\logs
[2026-09-15 10:32:14] [WARN] [INIT] auto clear log: C:\Users\User\OneDrive\Documents\EasyEDA-Pro\logs
[2026-09-15 10:33:14] [WARN] [INIT] auto clear log: C:\Users\User\OneDrive\Documents\EasyEDA-Pro\logs
[2026-09-15 10:34:14] [WARN] [INIT] auto clear log: C:\Users\User\OneDrive\Documents\EasyEDA-Pro\logs
[2026-09-15 10:35:14] [WARN] [INIT] auto clear log: C:\Users\User\OneDrive\Documents\EasyEDA-Pro\logs
[2026-09-15 10:36:14] [WARN] [INIT] auto clear log: C:\Users\User\OneDrive\Documents\EasyEDA-Pro\logs
[2026-09-15 10:36:33] [ERROR] [SERVER] [X-LC-ID-B+v25T8KekKCAA==] {"errno":-4077,"code":"ECONNRESET","syscall":"read"}
[2026-09-15 10:37:14] [WARN] [INIT] auto clear log: C:\Users\User\OneDrive\Documents\EasyEDA-Pro\logs
[2026-09-15 10:38:14] [WARN] [INIT] auto clear log: C:\Users\User\OneDrive\Documents\EasyEDA-Pro\logs
[2026-09-15 10:39:14] [WARN] [INIT] auto clear log: C:\Users\User\OneDrive\Documents\EasyEDA-Pro\logs
[2026-09-15 10:40:14] [WARN] [INIT] auto clear log: C:\Users\User\OneDrive\Documents\EasyEDA-Pro\logs
[2026-09-15 10:41:14] [WARN] [INIT] auto clear log: C:\Users\User\OneDrive\Documents\EasyEDA-Pro\logs
[2026-09-15 10:42:14] [WARN] [INIT] auto clear log: C:\Users\User\OneDrive\Documents\EasyEDA-Pro\logs
[2026-09-15 10:43:14] [WARN] [INIT] auto clear log: C:\Users\User\OneDrive\Documents\EasyEDA-Pro\logs
[2026-09-15 10:44:14] [WARN] [INIT] auto clear log: C:\Users\User\OneDrive\Documents\EasyEDA-Pro\logs
[2026-09-15 10:45:14] [WARN] [INIT] auto clear log: C:\Users\User\OneDrive\Documents\EasyEDA-Pro\logs
[2026-09-15 10:45:37] [ERROR] [SERVER] [X-LC-ID-T9nzNkAKekI4AA==] {"errno":-4077,"code":"ECONNRESET","syscall":"read"}
[2026-09-15 10:46:14] [WARN] [INIT] auto clear log: C:\Users\User\OneDrive\Documents\EasyEDA-Pro\logs
[2026-09-15 10:47:14] [WARN] [INIT] auto clear log: C:\Users\User\OneDrive\Documents\EasyEDA-Pro\logs
[2026-09-15 10:48:14] [WARN] [INIT] auto clear log: C:\Users\User\OneDrive\Documents\EasyEDA-Pro\logs
[2026-09-15 10:49:14] [WARN] [INIT] auto clear log: C:\Users\User\OneDrive\Documents\EasyEDA-Pro\logs
[2026-09-15 10:50:14] [WARN] [INIT] auto clear log: C:\Users\User\OneDrive\Documents\EasyEDA-Pro\logs
[2026-09-15 10:51:14] [WARN] [INIT] auto clear log: C:\Users\User\OneDrive\Documents\EasyEDA-Pro\logs
[2026-09-15 10:52:14] [WARN] [INIT] auto clear log: C:\Users\User\OneDrive\Documents\EasyEDA-Pro\logs
[2026-09-15 10:53:14] [WARN] [INIT] auto clear log: C:\Users\User\OneDrive\Documents\EasyEDA-Pro\logs
[2026-09-15 10:54:14] [WARN] [INIT] auto clear log: C:\Users\User\OneDrive\Documents\EasyEDA-Pro\logs
[2026-09-15 10:55:14] [WARN] [INIT] auto clear log: C:\Users\User\OneDrive\Documents\EasyEDA-Pro\logs
[2026-09-15 10:56:14] [WARN] [INIT] auto clear log: C:\Users\User\OneDrive\Documents\EasyEDA-Pro\logs
[2026-09-15 10:57:14] [WARN] [INIT] auto clear log: C:\Users\User\OneDrive\Documents\EasyEDA-Pro\logs
[2026-09-15 10:58:14] [WARN] [INIT] auto clear log: C:\Users\User\OneDrive\Documents\EasyEDA-Pro\logs
[2026-09-15 10:59:14] [WARN] [INIT] auto clear log: C:\Users\User\OneDrive\Documents\EasyEDA-Pro\logs
[2026-09-15 11:00:14] [WARN] [INIT] auto clear log: C:\Users\User\OneDrive\Documents\EasyEDA-Pro\logs
[2026-09-15 11:01:14] [WARN] [INIT] auto clear log: C:\Users\User\OneDrive\Documents\EasyEDA-Pro\logs
[2026-09-15 11:02:14] [WARN] [INIT] auto clear log: C:\Users\User\OneDrive\Documents\EasyEDA-Pro\logs
[2026-09-15 11:03:14] [WARN] [INIT] auto clear log: C:\Users\User\OneDrive\Documents\EasyEDA-Pro\logs
[2026-09-15 11:04:14] [WARN] [INIT] auto clear log: C:\Users\User\OneDrive\Documents\EasyEDA-Pro\logs
[2026-09-15 11:05:14] [WARN] [INIT] auto clear log: C:\Users\User\OneDrive\Documents\EasyEDA-Pro\logs
[2026-09-15 11:06:14] [WARN] [INIT] auto clear log: C:\Users\User\OneDrive\Documents\EasyEDA-Pro\logs
[2026-09-15 11:07:14] [WARN] [INIT] auto clear log: C:\Users\User\OneDrive\Documents\EasyEDA-Pro\logs
[2026-09-15 11:08:14] [WARN] [INIT] auto clear log: C:\Users\User\OneDrive\Documents\EasyEDA-Pro\logs
[2026-09-15 11:08:34] [ERROR] [SERVER] [X-LC-ID-lInNxEEKekJrAA==] {"errno":-4077,"code":"ECONNRESET","syscall":"read"}
[2026-09-15 11:08:34] [ERROR] [SERVER] [X-LC-ID-LTEexUEKekJ4AA==] {"errno":-4077,"code":"ECONNRESET","syscall":"read"}
[2026-09-15 11:08:35] [ERROR] [SERVER] [X-LC-ID-41CmwkEKekLAAA==] {"errno":-4077,"code":"ECONNRESET","syscall":"read"}
[2026-09-15 11:09:14] [WARN] [INIT] auto clear log: C:\Users\User\OneDrive\Documents\EasyEDA-Pro\logs
[2026-09-15 11:10:14] [WARN] [INIT] auto clear log: C:\Users\User\OneDrive\Documents\EasyEDA-Pro\logs
[2026-09-15 11:11:14] [WARN] [INIT] auto clear log: C:\Users\User\OneDrive\Documents\EasyEDA-Pro\logs
[2026-09-15 11:12:14] [WARN] [INIT] auto clear log: C:\Users\User\OneDrive\Documents\EasyEDA-Pro\logs
[2026-09-15 11:13:14] [WARN] [INIT] auto clear log: C:\Users\User\OneDrive\Documents\EasyEDA-Pro\logs
[2026-09-15 11:14:14] [WARN] [INIT] auto clear log: C:\Users\User\OneDrive\Documents\EasyEDA-Pro\logs
[2026-09-15 11:15:14] [WARN] [INIT] auto clear log: C:\Users\User\OneDrive\Documents\EasyEDA-Pro\logs
[2026-09-15 11:16:14] [WARN] [INIT] auto clear log: C:\Users\User\OneDrive\Documents\EasyEDA-Pro\logs
[2026-09-15 11:17:14] [WARN] [INIT] auto clear log: C:\Users\User\OneDrive\Documents\EasyEDA-Pro\logs
[2026-09-15 11:18:14] [WARN] [INIT] auto clear log: C:\Users\User\OneDrive\Documents\EasyEDA-Pro\logs
[2026-09-15 11:19:14] [WARN] [INIT] auto clear log: C:\Users\User\OneDrive\Documents\EasyEDA-Pro\logs
[2026-09-15 11:20:14] [WARN] [INIT] auto clear log: C:\Users\User\OneDrive\Documents\EasyEDA-Pro\logs
[2026-09-15 11:21:14] [WARN] [INIT] auto clear log: C:\Users\User\OneDrive\Documents\EasyEDA-Pro\logs
[2026-09-15 11:22:14] [WARN] [INIT] auto clear log: C:\Users\User\OneDrive\Documents\EasyEDA-Pro\logs
[2026-09-15 11:23:14] [WARN] [INIT] auto clear log: C:\Users\User\OneDrive\Documents\EasyEDA-Pro\logs
[2026-09-15 11:24:14] [WARN] [INIT] auto clear log: C:\Users\User\OneDrive\Documents\EasyEDA-Pro\logs
[2026-09-15 11:25:14] [WARN] [INIT] auto clear log: C:\Users\User\OneDrive\Documents\EasyEDA-Pro\logs
[2026-09-15 11:26:14] [WARN] [INIT] auto clear log: C:\Users\User\OneDrive\Documents\EasyEDA-Pro\logs
[2026-09-15 11:27:14] [WARN] [INIT] auto clear log: C:\Users\User\OneDrive\Documents\EasyEDA-Pro\logs
[2026-09-15 11:28:14] [WARN] [INIT] auto clear log: C:\Users\User\OneDrive\Documents\EasyEDA-Pro\logs
[2026-09-15 11:29:14] [WARN] [INIT] auto clear log: C:\Users\User\OneDrive\Documents\EasyEDA-Pro\logs
[2026-09-15 11:30:14] [WARN] [INIT] auto clear log: C:\Users\User\OneDrive\Documents\EasyEDA-Pro\logs
[2026-09-15 11:31:14] [WARN] [INIT] auto clear log: C:\Users\User\OneDrive\Documents\EasyEDA-Pro\logs
[2026-09-15 11:32:14] [WARN] [INIT] auto clear log: C:\Users\User\OneDrive\Documents\EasyEDA-Pro\logs
[2026-09-15 11:33:14] [WARN] [INIT] auto clear log: C:\Users\User\OneDrive\Documents\EasyEDA-Pro\logs
[2026-09-15 11:34:14] [WARN] [INIT] auto clear log: C:\Users\User\OneDrive\Documents\EasyEDA-Pro\logs
[2026-09-15 11:35:14] [WARN] [INIT] auto clear log: C:\Users\User\OneDrive\Documents\EasyEDA-Pro\logs
[2026-09-15 11:36:14] [WARN] [INIT] auto clear log: C:\Users\User\OneDrive\Documents\EasyEDA-Pro\logs
[2026-09-15 11:37:14] [WARN] [INIT] auto clear log: C:\Users\User\OneDrive\Documents\EasyEDA-Pro\logs
[2026-09-15 11:38:14] [WARN] [INIT] auto clear log: C:\Users\User\OneDrive\Documents\EasyEDA-Pro\logs
[2026-09-15 11:39:14] [WARN] [INIT] auto clear log: C:\Users\User\OneDrive\Documents\EasyEDA-Pro\logs
[2026-09-15 11:40:14] [WARN] [INIT] auto clear log: C:\Users\User\OneDrive\Documents\EasyEDA-Pro\logs
[2026-09-15 11:41:14] [WARN] [INIT] auto clear log: C:\Users\User\OneDrive\Documents\EasyEDA-Pro\logs
[2026-09-15 11:42:14] [WARN] [INIT] auto clear log: C:\Users\User\OneDrive\Documents\EasyEDA-Pro\logs
[2026-09-15 11:43:14] [WARN] [INIT] auto clear log: C:\Users\User\OneDrive\Documents\EasyEDA-Pro\logs
[2026-09-15 11:44:14] [WARN] [INIT] auto clear log: C:\Users\User\OneDrive\Documents\EasyEDA-Pro\logs
[2026-09-15 11:45:14] [WARN] [INIT] auto clear log: C:\Users\User\OneDrive\Documents\EasyEDA-Pro\logs
[2026-09-15 11:46:09] [ERROR] [SERVER] [X-LC-ID-AbKt60MKekKhAA==] {"errno":-3008,"code":"ENOTFOUND","syscall":"getaddrinfo","hostname":"pro.easyeda.com"}
[2026-09-15 11:46:14] [WARN] [INIT] auto clear log: C:\Users\User\OneDrive\Documents\EasyEDA-Pro\logs
[2026-09-15 11:47:14] [WARN] [INIT] auto clear log: C:\Users\User\OneDrive\Documents\EasyEDA-Pro\logs
[2026-09-15 11:48:14] [WARN] [INIT] auto clear log: C:\Users\User\OneDrive\Documents\EasyEDA-Pro\logs
[2026-09-15 11:49:14] [WARN] [INIT] auto clear log: C:\Users\User\OneDrive\Documents\EasyEDA-Pro\logs
[2026-09-15 11:50:14] [WARN] [INIT] auto clear log: C:\Users\User\OneDrive\Documents\EasyEDA-Pro\logs
[2026-09-15 11:51:14] [WARN] [INIT] auto clear log: C:\Users\User\OneDrive\Documents\EasyEDA-Pro\logs
[2026-09-15 11:52:14] [WARN] [INIT] auto clear log: C:\Users\User\OneDrive\Documents\EasyEDA-Pro\logs
[2026-09-15 11:53:14] [WARN] [INIT] auto clear log: C:\Users\User\OneDrive\Documents\EasyEDA-Pro\logs
[2026-09-15 11:54:14] [WARN] [INIT] auto clear log: C:\Users\User\OneDrive\Documents\EasyEDA-Pro\logs
[2026-09-15 11:55:14] [WARN] [INIT] auto clear log: C:\Users\User\OneDrive\Documents\EasyEDA-Pro\logs
[2026-09-15 11:56:14] [WARN] [INIT] auto clear log: C:\Users\User\OneDrive\Documents\EasyEDA-Pro\logs
[2026-09-15 11:57:14] [WARN] [INIT] auto clear log: C:\Users\User\OneDrive\Documents\EasyEDA-Pro\logs
[2026-09-15 11:58:14] [WARN] [INIT] auto clear log: C:\Users\User\OneDrive\Documents\EasyEDA-Pro\logs
[2026-09-15 11:59:14] [WARN] [INIT] auto clear log: C:\Users\User\OneDrive\Documents\EasyEDA-Pro\logs
[2026-09-15 12:00:14] [WARN] [INIT] auto clear log: C:\Users\User\OneDrive\Documents\EasyEDA-Pro\logs
[2026-09-15 12:01:14] [WARN] [INIT] auto clear log: C:\Users\User\OneDrive\Documents\EasyEDA-Pro\logs
[2026-09-15 12:02:14] [WARN] [INIT] auto clear log: C:\Users\User\OneDrive\Documents\EasyEDA-Pro\logs
[2026-09-15 12:03:14] [WARN] [INIT] auto clear log: C:\Users\User\OneDrive\Documents\EasyEDA-Pro\logs
[2026-09-15 12:04:14] [WARN] [INIT] auto clear log: C:\Users\User\OneDrive\Documents\EasyEDA-Pro\logs
[2026-09-15 12:05:14] [WARN] [INIT] auto clear log: C:\Users\User\OneDrive\Documents\EasyEDA-Pro\logs
[2026-09-15 12:06:14] [WARN] [INIT] auto clear log: C:\Users\User\OneDrive\Documents\EasyEDA-Pro\logs
[2026-09-15 12:07:14] [WARN] [INIT] auto clear log: C:\Users\User\OneDrive\Documents\EasyEDA-Pro\logs
[2026-09-15 12:08:14] [WARN] [INIT] auto clear log: C:\Users\User\OneDrive\Documents\EasyEDA-Pro\logs
[2026-09-15 12:09:14] [WARN] [INIT] auto clear log: C:\Users\User\OneDrive\Documents\EasyEDA-Pro\logs
[2026-09-15 12:10:14] [WARN] [INIT] auto clear log: C:\Users\User\OneDrive\Documents\EasyEDA-Pro\logs
[2026-09-15 12:11:14] [WARN] [INIT] auto clear log: C:\Users\User\OneDrive\Documents\EasyEDA-Pro\logs
[2026-09-15 12:12:14] [WARN] [INIT] auto clear log: C:\Users\User\OneDrive\Documents\EasyEDA-Pro\logs
[2026-09-15 12:13:14] [WARN] [INIT] auto clear log: C:\Users\User\OneDrive\Documents\EasyEDA-Pro\logs
[2026-09-15 12:14:14] [WARN] [INIT] auto clear log: C:\Users\User\OneDrive\Documents\EasyEDA-Pro\logs
[2026-09-15 12:15:14] [WARN] [INIT] auto clear log: C:\Users\User\OneDrive\Documents\EasyEDA-Pro\logs
[2026-09-15 12:16:14] [WARN] [INIT] auto clear log: C:\Users\User\OneDrive\Documents\EasyEDA-Pro\logs
[2026-09-15 12:17:14] [WARN] [INIT] auto clear log: C:\Users\User\OneDrive\Documents\EasyEDA-Pro\logs
[2026-09-15 12:18:14] [WARN] [INIT] auto clear log: C:\Users\User\OneDrive\Documents\EasyEDA-Pro\logs
[2026-09-15 12:19:14] [WARN] [INIT] auto clear log: C:\Users\User\OneDrive\Documents\EasyEDA-Pro\logs
[2026-09-15 12:20:14] [WARN] [INIT] auto clear log: C:\Users\User\OneDrive\Documents\EasyEDA-Pro\logs
[2026-09-15 12:21:14] [WARN] [INIT] auto clear log: C:\Users\User\OneDrive\Documents\EasyEDA-Pro\logs
[2026-09-15 12:22:14] [WARN] [INIT] auto clear log: C:\Users\User\OneDrive\Documents\EasyEDA-Pro\logs
[2026-09-15 12:23:14] [WARN] [INIT] auto clear log: C:\Users\User\OneDrive\Documents\EasyEDA-Pro\logs
[2026-09-15 12:24:14] [WARN] [INIT] auto clear log: C:\Users\User\OneDrive\Documents\EasyEDA-Pro\logs
[2026-09-15 12:25:14] [WARN] [INIT] auto clear log: C:\Users\User\OneDrive\Documents\EasyEDA-Pro\logs
[2026-09-15 12:26:14] [WARN] [INIT] auto clear log: C:\Users\User\OneDrive\Documents\EasyEDA-Pro\logs
[2026-09-15 12:27:14] [WARN] [INIT] auto clear log: C:\Users\User\OneDrive\Documents\EasyEDA-Pro\logs
[2026-09-15 12:28:14] [WARN] [INIT] auto clear log: C:\Users\User\OneDrive\Documents\EasyEDA-Pro\logs
[2026-09-15 12:29:14] [WARN] [INIT] auto clear log: C:\Users\User\OneDrive\Documents\EasyEDA-Pro\logs
[2026-09-15 12:30:14] [WARN] [INIT] auto clear log: C:\Users\User\OneDrive\Documents\EasyEDA-Pro\logs
[2026-09-15 12:31:14] [WARN] [INIT] auto clear log: C:\Users\User\OneDrive\Documents\EasyEDA-Pro\logs
[2026-09-15 12:32:14] [WARN] [INIT] auto clear log: C:\Users\User\OneDrive\Documents\EasyEDA-Pro\logs
[2026-09-15 12:33:14] [WARN] [INIT] auto clear log: C:\Users\User\OneDrive\Documents\EasyEDA-Pro\logs
[2026-09-15 12:34:14] [WARN] [INIT] auto clear log: C:\Users\User\OneDrive\Documents\EasyEDA-Pro\logs
[2026-09-15 12:35:14] [WARN] [INIT] auto clear log: C:\Users\User\OneDrive\Documents\EasyEDA-Pro\logs
[2026-09-15 12:36:14] [WARN] [INIT] auto clear log: C:\Users\User\OneDrive\Documents\EasyEDA-Pro\logs
[2026-09-15 12:37:14] [WARN] [INIT] auto clear log: C:\Users\User\OneDrive\Documents\EasyEDA-Pro\logs
[2026-09-15 12:38:14] [WARN] [INIT] auto clear log: C:\Users\User\OneDrive\Documents\EasyEDA-Pro\logs
[2026-09-15 12:38:50] [ERROR] [SERVER] {"code":"ECONNRESET"}
[2026-09-15 12:38:50] [ERROR] [SERVER] [X-LC-ID-T6I/6kYKekJVAA==] json api exception {"url":"/upload/public/product/middle/20230108/9EFF6C9CF38B2A9FF71B9CFDE0186ACD.jpg","error":{"code":"ECONNRESET"}}
[2026-09-15 12:39:14] [WARN] [INIT] auto clear log: C:\Users\User\OneDrive\Documents\EasyEDA-Pro\logs
[2026-09-15 12:40:14] [WARN] [INIT] auto clear log: C:\Users\User\OneDrive\Documents\EasyEDA-Pro\logs
[2026-09-15 12:41:14] [WARN] [INIT] auto clear log: C:\Users\User\OneDrive\Documents\EasyEDA-Pro\logs
[2026-09-15 12:42:14] [WARN] [INIT] auto clear log: C:\Users\User\OneDrive\Documents\EasyEDA-Pro\logs
[2026-09-15 12:43:14] [WARN] [INIT] auto clear log: C:\Users\User\OneDrive\Documents\EasyEDA-Pro\logs
[2026-09-15 12:44:14] [WARN] [INIT] auto clear log: C:\Users\User\OneDrive\Documents\EasyEDA-Pro\logs
[2026-09-15 12:45:14] [WARN] [INIT] auto clear log: C:\Users\User\OneDrive\Documents\EasyEDA-Pro\logs
[2026-09-15 12:46:06] [ERROR] [SERVER] [X-LC-ID-/QvKWUcKekJGAA==] {"errno":-4077,"code":"ECONNRESET","syscall":"read"}
[2026-09-15 12:46:14] [WARN] [INIT] auto clear log: C:\Users\User\OneDrive\Documents\EasyEDA-Pro\logs
[2026-09-15 12:47:14] [WARN] [INIT] auto clear log: C:\Users\User\OneDrive\Documents\EasyEDA-Pro\logs
[2026-09-15 12:48:14] [WARN] [INIT] auto clear log: C:\Users\User\OneDrive\Documents\EasyEDA-Pro\logs
[2026-09-15 12:49:14] [WARN] [INIT] auto clear log: C:\Users\User\OneDrive\Documents\EasyEDA-Pro\logs
[2026-09-15 12:49:48] [ERROR] [SERVER] [X-LC-ID-c+jljUcKekLFAA==] {"errno":-4077,"code":"ECONNRESET","syscall":"read"}
[2026-09-15 12:49:48] [ERROR] [SERVER] [X-LC-ID-9Xjpj0cKekJPAA==] {"errno":-3008,"code":"ENOTFOUND","syscall":"getaddrinfo","hostname":"pro.easyeda.com"}
[2026-09-15 12:49:51] [ERROR] [SERVER] {"errno":-4077,"code":"ECONNRESET","syscall":"read"}
[2026-09-15 12:49:51] [ERROR] [SERVER] [X-LC-ID-Z4SKjEcKekIxAA==] json api exception {"url":"/datastr/58/eb/32/82/502e4ec799289e378708cae3","error":{"errno":-4077,"code":"ECONNRESET","syscall":"read"}}
[2026-09-15 12:50:14] [WARN] [INIT] auto clear log: C:\Users\User\OneDrive\Documents\EasyEDA-Pro\logs
[2026-09-15 12:51:14] [WARN] [INIT] auto clear log: C:\Users\User\OneDrive\Documents\EasyEDA-Pro\logs
[2026-09-15 12:52:14] [WARN] [INIT] auto clear log: C:\Users\User\OneDrive\Documents\EasyEDA-Pro\logs
[2026-09-15 12:53:14] [WARN] [INIT] auto clear log: C:\Users\User\OneDrive\Documents\EasyEDA-Pro\logs
[2026-09-15 12:54:14] [WARN] [INIT] auto clear log: C:\Users\User\OneDrive\Documents\EasyEDA-Pro\logs
[2026-09-15 12:55:14] [WARN] [INIT] auto clear log: C:\Users\User\OneDrive\Documents\EasyEDA-Pro\logs
[2026-09-15 12:56:14] [WARN] [INIT] auto clear log: C:\Users\User\OneDrive\Documents\EasyEDA-Pro\logs
[2026-09-15 12:57:14] [WARN] [INIT] auto clear log: C:\Users\User\OneDrive\Documents\EasyEDA-Pro\logs
[2026-09-15 12:58:14] [WARN] [INIT] auto clear log: C:\Users\User\OneDrive\Documents\EasyEDA-Pro\logs
[2026-09-15 12:59:14] [WARN] [INIT] auto clear log: C:\Users\User\OneDrive\Documents\EasyEDA-Pro\logs
[2026-09-15 13:00:14] [WARN] [INIT] auto clear log: C:\Users\User\OneDrive\Documents\EasyEDA-Pro\logs
[2026-09-15 13:01:14] [WARN] [INIT] auto clear log: C:\Users\User\OneDrive\Documents\EasyEDA-Pro\logs
[2026-09-15 13:02:14] [WARN] [INIT] auto clear log: C:\Users\User\OneDrive\Documents\EasyEDA-Pro\logs
[2026-09-15 13:03:14] [WARN] [INIT] auto clear log: C:\Users\User\OneDrive\Documents\EasyEDA-Pro\logs
[2026-09-15 13:03:46] [ERROR] unhandledRejection {"code":"ERR_INVALID_STATE"}
[2026-09-15 13:04:14] [WARN] [INIT] auto clear log: C:\Users\User\OneDrive\Documents\EasyEDA-Pro\logs
[2026-09-15 13:05:14] [WARN] [INIT] auto clear log: C:\Users\User\OneDrive\Documents\EasyEDA-Pro\logs
[2026-09-15 13:06:14] [WARN] [INIT] auto clear log: C:\Users\User\OneDrive\Documents\EasyEDA-Pro\logs
[2026-09-15 13:07:14] [WARN] [INIT] auto clear log: C:\Users\User\OneDrive\Documents\EasyEDA-Pro\logs
[2026-09-15 13:08:14] [WARN] [INIT] auto clear log: C:\Users\User\OneDrive\Documents\EasyEDA-Pro\logs
[2026-09-15 13:09:14] [WARN] [INIT] auto clear log: C:\Users\User\OneDrive\Documents\EasyEDA-Pro\logs
[2026-09-15 13:10:14] [WARN] [INIT] auto clear log: C:\Users\User\OneDrive\Documents\EasyEDA-Pro\logs
[2026-09-15 13:11:14] [WARN] [INIT] auto clear log: C:\Users\User\OneDrive\Documents\EasyEDA-Pro\logs
[2026-09-15 13:12:14] [WARN] [INIT] auto clear log: C:\Users\User\OneDrive\Documents\EasyEDA-Pro\logs
[2026-09-15 13:13:14] [WARN] [INIT] auto clear log: C:\Users\User\OneDrive\Documents\EasyEDA-Pro\logs
[2026-09-15 13:14:14] [WARN] [INIT] auto clear log: C:\Users\User\OneDrive\Documents\EasyEDA-Pro\logs
[2026-09-15 13:15:14] [WARN] [INIT] auto clear log: C:\Users\User\OneDrive\Documents\EasyEDA-Pro\logs
[2026-09-15 13:16:14] [WARN] [INIT] auto clear log: C:\Users\User\OneDrive\Documents\EasyEDA-Pro\logs
[2026-09-15 13:17:14] [WARN] [INIT] auto clear log: C:\Users\User\OneDrive\Documents\EasyEDA-Pro\logs
[2026-09-15 13:18:14] [WARN] [INIT] auto clear log: C:\Users\User\OneDrive\Documents\EasyEDA-Pro\logs
[2026-09-15 13:19:14] [WARN] [INIT] auto clear log: C:\Users\User\OneDrive\Documents\EasyEDA-Pro\logs
[2026-09-15 13:20:14] [WARN] [INIT] auto clear log: C:\Users\User\OneDrive\Documents\EasyEDA-Pro\logs
[2026-09-15 13:21:14] [WARN] [INIT] auto clear log: C:\Users\User\OneDrive\Documents\EasyEDA-Pro\logs
[2026-09-15 13:22:14] [WARN] [INIT] auto clear log: C:\Users\User\OneDrive\Documents\EasyEDA-Pro\logs
[2026-09-15 13:23:14] [WARN] [INIT] auto clear log: C:\Users\User\OneDrive\Documents\EasyEDA-Pro\logs
[2026-09-15 13:24:14] [WARN] [INIT] auto clear log: C:\Users\User\OneDrive\Documents\EasyEDA-Pro\logs
[2026-09-15 13:25:14] [WARN] [INIT] auto clear log: C:\Users\User\OneDrive\Documents\EasyEDA-Pro\logs
[2026-09-15 13:26:14] [WARN] [INIT] auto clear log: C:\Users\User\OneDrive\Documents\EasyEDA-Pro\logs
[2026-09-15 13:27:14] [WARN] [INIT] auto clear log: C:\Users\User\OneDrive\Documents\EasyEDA-Pro\logs
[2026-09-15 13:28:14] [WARN] [INIT] auto clear log: C:\Users\User\OneDrive\Documents\EasyEDA-Pro\logs
[2026-09-15 13:29:14] [WARN] [INIT] auto clear log: C:\Users\User\OneDrive\Documents\EasyEDA-Pro\logs
[2026-09-15 13:30:14] [WARN] [INIT] auto clear log: C:\Users\User\OneDrive\Documents\EasyEDA-Pro\logs
[2026-09-15 13:31:14] [WARN] [INIT] auto clear log: C:\Users\User\OneDrive\Documents\EasyEDA-Pro\logs
[2026-09-15 13:32:14] [WARN] [INIT] auto clear log: C:\Users\User\OneDrive\Documents\EasyEDA-Pro\logs
[2026-09-15 13:33:14] [WARN] [INIT] auto clear log: C:\Users\User\OneDrive\Documents\EasyEDA-Pro\logs
[2026-09-15 13:34:15] [WARN] [INIT] auto clear log: C:\Users\User\OneDrive\Documents\EasyEDA-Pro\logs
[2026-09-15 13:35:15] [WARN] [INIT] auto clear log: C:\Users\User\OneDrive\Documents\EasyEDA-Pro\logs
[2026-09-15 13:36:15] [WARN] [INIT] auto clear log: C:\Users\User\OneDrive\Documents\EasyEDA-Pro\logs
[2026-09-15 13:37:15] [WARN] [INIT] auto clear log: C:\Users\User\OneDrive\Documents\EasyEDA-Pro\logs
[2026-09-15 13:38:15] [WARN] [INIT] auto clear log: C:\Users\User\OneDrive\Documents\EasyEDA-Pro\logs
[2026-09-15 13:39:15] [WARN] [INIT] auto clear log: C:\Users\User\OneDrive\Documents\EasyEDA-Pro\logs
[2026-09-15 13:40:15] [WARN] [INIT] auto clear log: C:\Users\User\OneDrive\Documents\EasyEDA-Pro\logs
[2026-09-15 13:41:15] [WARN] [INIT] auto clear log: C:\Users\User\OneDrive\Documents\EasyEDA-Pro\logs
[2026-09-15 13:42:15] [WARN] [INIT] auto clear log: C:\Users\User\OneDrive\Documents\EasyEDA-Pro\logs
[2026-09-15 13:43:15] [WARN] [INIT] auto clear log: C:\Users\User\OneDrive\Documents\EasyEDA-Pro\logs
[2026-09-15 13:44:15] [WARN] [INIT] auto clear log: C:\Users\User\OneDrive\Documents\EasyEDA-Pro\logs
[2026-09-15 13:45:15] [WARN] [INIT] auto clear log: C:\Users\User\OneDrive\Documents\EasyEDA-Pro\logs
[2026-09-15 13:46:15] [WARN] [INIT] auto clear log: C:\Users\User\OneDrive\Documents\EasyEDA-Pro\logs
[2026-09-15 13:47:15] [WARN] [INIT] auto clear log: C:\Users\User\OneDrive\Documents\EasyEDA-Pro\logs
[2026-09-15 13:48:15] [WARN] [INIT] auto clear log: C:\Users\User\OneDrive\Documents\EasyEDA-Pro\logs
[2026-09-15 13:49:15] [WARN] [INIT] auto clear log: C:\Users\User\OneDrive\Documents\EasyEDA-Pro\logs
[2026-09-15 13:50:15] [WARN] [INIT] auto clear log: C:\Users\User\OneDrive\Documents\EasyEDA-Pro\logs
[2026-09-15 13:51:15] [WARN] [INIT] auto clear log: C:\Users\User\OneDrive\Documents\EasyEDA-Pro\logs
[2026-09-15 13:52:15] [WARN] [INIT] auto clear log: C:\Users\User\OneDrive\Documents\EasyEDA-Pro\logs
[2026-09-15 13:53:15] [WARN] [INIT] auto clear log: C:\Users\User\OneDrive\Documents\EasyEDA-Pro\logs
[2026-09-15 13:54:15] [WARN] [INIT] auto clear log: C:\Users\User\OneDrive\Documents\EasyEDA-Pro\logs
[2026-09-15 13:55:15] [WARN] [INIT] auto clear log: C:\Users\User\OneDrive\Documents\EasyEDA-Pro\logs
[2026-09-15 13:56:15] [WARN] [INIT] auto clear log: C:\Users\User\OneDrive\Documents\EasyEDA-Pro\logs
[2026-09-15 13:57:15] [WARN] [INIT] auto clear log: C:\Users\User\OneDrive\Documents\EasyEDA-Pro\logs
[2026-09-15 13:58:15] [WARN] [INIT] auto clear log: C:\Users\User\OneDrive\Documents\EasyEDA-Pro\logs
[2026-09-15 13:59:15] [WARN] [INIT] auto clear log: C:\Users\User\OneDrive\Documents\EasyEDA-Pro\logs
[2026-09-15 14:00:15] [WARN] [INIT] auto clear log: C:\Users\User\OneDrive\Documents\EasyEDA-Pro\logs
[2026-09-15 14:01:15] [WARN] [INIT] auto clear log: C:\Users\User\OneDrive\Documents\EasyEDA-Pro\logs
[2026-09-15 14:02:15] [WARN] [INIT] auto clear log: C:\Users\User\OneDrive\Documents\EasyEDA-Pro\logs
[2026-09-15 14:03:15] [WARN] [INIT] auto clear log: C:\Users\User\OneDrive\Documents\EasyEDA-Pro\logs
[2026-09-15 14:04:15] [WARN] [INIT] auto clear log: C:\Users\User\OneDrive\Documents\EasyEDA-Pro\logs
[2026-09-15 14:05:15] [WARN] [INIT] auto clear log: C:\Users\User\OneDrive\Documents\EasyEDA-Pro\logs
[2026-09-15 14:06:15] [WARN] [INIT] auto clear log: C:\Users\User\OneDrive\Documents\EasyEDA-Pro\logs
[2026-09-15 14:07:15] [WARN] [INIT] auto clear log: C:\Users\User\OneDrive\Documents\EasyEDA-Pro\logs
[2026-09-15 14:08:15] [WARN] [INIT] auto clear log: C:\Users\User\OneDrive\Documents\EasyEDA-Pro\logs
[2026-09-15 14:09:15] [WARN] [INIT] auto clear log: C:\Users\User\OneDrive\Documents\EasyEDA-Pro\logs
[2026-09-15 14:10:15] [WARN] [INIT] auto clear log: C:\Users\User\OneDrive\Documents\EasyEDA-Pro\logs
[2026-09-15 14:11:15] [WARN] [INIT] auto clear log: C:\Users\User\OneDrive\Documents\EasyEDA-Pro\logs
[2026-09-15 14:12:15] [WARN] [INIT] auto clear log: C:\Users\User\OneDrive\Documents\EasyEDA-Pro\logs
[2026-09-15 14:13:15] [WARN] [INIT] auto clear log: C:\Users\User\OneDrive\Documents\EasyEDA-Pro\logs
[2026-09-15 14:14:15] [WARN] [INIT] auto clear log: C:\Users\User\OneDrive\Documents\EasyEDA-Pro\logs
[2026-09-15 14:15:15] [WARN] [INIT] auto clear log: C:\Users\User\OneDrive\Documents\EasyEDA-Pro\logs
[2026-09-15 14:16:15] [WARN] [INIT] auto clear log: C:\Users\User\OneDrive\Documents\EasyEDA-Pro\logs
[2026-09-15 14:17:15] [WARN] [INIT] auto clear log: C:\Users\User\OneDrive\Documents\EasyEDA-Pro\logs
[2026-09-15 14:18:15] [WARN] [INIT] auto clear log: C:\Users\User\OneDrive\Documents\EasyEDA-Pro\logs
[2026-09-15 14:19:15] [WARN] [INIT] auto clear log: C:\Users\User\OneDrive\Documents\EasyEDA-Pro\logs
[2026-09-15 14:20:15] [WARN] [INIT] auto clear log: C:\Users\User\OneDrive\Documents\EasyEDA-Pro\logs
[2026-09-15 14:21:15] [WARN] [INIT] auto clear log: C:\Users\User\OneDrive\Documents\EasyEDA-Pro\logs
[2026-09-15 14:22:15] [WARN] [INIT] auto clear log: C:\Users\User\OneDrive\Documents\EasyEDA-Pro\logs
[2026-09-15 14:23:15] [WARN] [INIT] auto clear log: C:\Users\User\OneDrive\Documents\EasyEDA-Pro\logs
[2026-09-15 14:24:15] [WARN] [INIT] auto clear log: C:\Users\User\OneDrive\Documents\EasyEDA-Pro\logs
[2026-09-15 14:25:15] [WARN] [INIT] auto clear log: C:\Users\User\OneDrive\Documents\EasyEDA-Pro\logs
[2026-09-15 14:26:15] [WARN] [INIT] auto clear log: C:\Users\User\OneDrive\Documents\EasyEDA-Pro\logs
[2026-09-15 14:27:15] [WARN] [INIT] auto clear log: C:\Users\User\OneDrive\Documents\EasyEDA-Pro\logs
[2026-09-15 14:28:15] [WARN] [INIT] auto clear log: C:\Users\User\OneDrive\Documents\EasyEDA-Pro\logs
[2026-09-15 14:29:15] [WARN] [INIT] auto clear log: C:\Users\User\OneDrive\Documents\EasyEDA-Pro\logs
[2026-09-15 14:30:15] [WARN] [INIT] auto clear log: C:\Users\User\OneDrive\Documents\EasyEDA-Pro\logs
[2026-09-15 14:31:01] [ERROR] [SERVER] [X-LC-ID-RYLgWE0KekKpAA==] {"errno":-3008,"code":"ENOTFOUND","syscall":"getaddrinfo","hostname":"pro.easyeda.com"}
[2026-09-15 14:31:15] [WARN] [INIT] auto clear log: C:\Users\User\OneDrive\Documents\EasyEDA-Pro\logs
[2026-09-15 14:32:15] [WARN] [INIT] auto clear log: C:\Users\User\OneDrive\Documents\EasyEDA-Pro\logs
[2026-09-15 14:33:15] [WARN] [INIT] auto clear log: C:\Users\User\OneDrive\Documents\EasyEDA-Pro\logs
[2026-09-15 14:34:15] [WARN] [INIT] auto clear log: C:\Users\User\OneDrive\Documents\EasyEDA-Pro\logs
[2026-09-15 14:34:34] [ERROR] [SERVER] [X-LC-ID-1ke5jk0KekKFAA==] {"errno":-3008,"code":"ENOTFOUND","syscall":"getaddrinfo","hostname":"pro.easyeda.com"}
[2026-09-15 14:35:15] [WARN] [INIT] auto clear log: C:\Users\User\OneDrive\Documents\EasyEDA-Pro\logs
[2026-09-15 14:36:15] [WARN] [INIT] auto clear log: C:\Users\User\OneDrive\Documents\EasyEDA-Pro\logs
[2026-09-15 14:37:15] [WARN] [INIT] auto clear log: C:\Users\User\OneDrive\Documents\EasyEDA-Pro\logs
[2026-09-15 14:37:40] [ERROR] [SERVER] [X-LC-ID-5RQAvE0KekJ2AA==] {"errno":-3008,"code":"ENOTFOUND","syscall":"getaddrinfo","hostname":"pro.easyeda.com"}
[2026-09-15 14:37:58] [ERROR] [SERVER] [X-LC-ID-BuWUwE0KekIQAA==] {"errno":-3008,"code":"ENOTFOUND","syscall":"getaddrinfo","hostname":"pro.easyeda.com"}
[2026-09-15 14:38:15] [WARN] [INIT] auto clear log: C:\Users\User\OneDrive\Documents\EasyEDA-Pro\logs
[2026-09-15 14:38:21] [ERROR] [SERVER] [X-LC-ID-LgM8xk0KekJKAA==] {"errno":-3008,"code":"ENOTFOUND","syscall":"getaddrinfo","hostname":"pro.easyeda.com"}
[2026-09-15 14:39:15] [WARN] [INIT] auto clear log: C:\Users\User\OneDrive\Documents\EasyEDA-Pro\logs
[2026-09-15 14:39:34] [ERROR] [SERVER] [X-LC-ID-XEv4100KekIcAA==] {"errno":-3008,"code":"ENOTFOUND","syscall":"getaddrinfo","hostname":"pro.easyeda.com"}
[2026-09-15 14:40:15] [WARN] [INIT] auto clear log: C:\Users\User\OneDrive\Documents\EasyEDA-Pro\logs
[2026-09-15 14:41:15] [WARN] [INIT] auto clear log: C:\Users\User\OneDrive\Documents\EasyEDA-Pro\logs
[2026-09-15 14:42:15] [WARN] [INIT] auto clear log: C:\Users\User\OneDrive\Documents\EasyEDA-Pro\logs
[2026-09-15 14:43:15] [WARN] [INIT] auto clear log: C:\Users\User\OneDrive\Documents\EasyEDA-Pro\logs
[2026-09-15 14:44:15] [WARN] [INIT] auto clear log: C:\Users\User\OneDrive\Documents\EasyEDA-Pro\logs
[2026-09-15 14:45:15] [WARN] [INIT] auto clear log: C:\Users\User\OneDrive\Documents\EasyEDA-Pro\logs
[2026-09-15 14:46:15] [WARN] [INIT] auto clear log: C:\Users\User\OneDrive\Documents\EasyEDA-Pro\logs
[2026-09-15 14:47:15] [WARN] [INIT] auto clear log: C:\Users\User\OneDrive\Documents\EasyEDA-Pro\logs
[2026-09-15 14:48:15] [WARN] [INIT] auto clear log: C:\Users\User\OneDrive\Documents\EasyEDA-Pro\logs
[2026-09-15 14:49:15] [WARN] [INIT] auto clear log: C:\Users\User\OneDrive\Documents\EasyEDA-Pro\logs
[2026-09-15 14:50:15] [WARN] [INIT] auto clear log: C:\Users\User\OneDrive\Documents\EasyEDA-Pro\logs
[2026-09-15 14:51:15] [WARN] [INIT] auto clear log: C:\Users\User\OneDrive\Documents\EasyEDA-Pro\logs
[2026-09-15 14:52:15] [WARN] [INIT] auto clear log: C:\Users\User\OneDrive\Documents\EasyEDA-Pro\logs
[2026-09-15 14:53:15] [WARN] [INIT] auto clear log: C:\Users\User\OneDrive\Documents\EasyEDA-Pro\logs
[2026-09-15 14:54:15] [WARN] [INIT] auto clear log: C:\Users\User\OneDrive\Documents\EasyEDA-Pro\logs
[2026-09-15 14:55:15] [WARN] [INIT] auto clear log: C:\Users\User\OneDrive\Documents\EasyEDA-Pro\logs
[2026-09-15 14:56:15] [WARN] [INIT] auto clear log: C:\Users\User\OneDrive\Documents\EasyEDA-Pro\logs
[2026-09-15 14:57:15] [WARN] [INIT] auto clear log: C:\Users\User\OneDrive\Documents\EasyEDA-Pro\logs
[2026-09-15 14:58:15] [WARN] [INIT] auto clear log: C:\Users\User\OneDrive\Documents\EasyEDA-Pro\logs
[2026-09-15 14:59:15] [WARN] [INIT] auto clear log: C:\Users\User\OneDrive\Documents\EasyEDA-Pro\logs
[2026-09-15 15:00:15] [WARN] [INIT] auto clear log: C:\Users\User\OneDrive\Documents\EasyEDA-Pro\logs
[2026-09-15 15:01:15] [WARN] [INIT] auto clear log: C:\Users\User\OneDrive\Documents\EasyEDA-Pro\logs
[2026-09-15 15:02:15] [WARN] [INIT] auto clear log: C:\Users\User\OneDrive\Documents\EasyEDA-Pro\logs
[2026-09-15 15:03:15] [WARN] [INIT] auto clear log: C:\Users\User\OneDrive\Documents\EasyEDA-Pro\logs
[2026-09-15 15:04:15] [WARN] [INIT] auto clear log: C:\Users\User\OneDrive\Documents\EasyEDA-Pro\logs
[2026-09-15 15:05:15] [WARN] [INIT] auto clear log: C:\Users\User\OneDrive\Documents\EasyEDA-Pro\logs
[2026-09-15 15:06:15] [WARN] [INIT] auto clear log: C:\Users\User\OneDrive\Documents\EasyEDA-Pro\logs
[2026-09-15 15:07:15] [WARN] [INIT] auto clear log: C:\Users\User\OneDrive\Documents\EasyEDA-Pro\logs
[2026-09-15 15:08:15] [WARN] [INIT] auto clear log: C:\Users\User\OneDrive\Documents\EasyEDA-Pro\logs
[2026-09-15 15:09:15] [WARN] [INIT] auto clear log: C:\Users\User\OneDrive\Documents\EasyEDA-Pro\logs
[2026-09-15 15:10:15] [WARN] [INIT] auto clear log: C:\Users\User\OneDrive\Documents\EasyEDA-Pro\logs
[2026-09-15 15:11:15] [WARN] [INIT] auto clear log: C:\Users\User\OneDrive\Documents\EasyEDA-Pro\logs
[2026-09-15 15:12:15] [WARN] [INIT] auto clear log: C:\Users\User\OneDrive\Documents\EasyEDA-Pro\logs
[2026-09-15 15:13:15] [WARN] [INIT] auto clear log: C:\Users\User\OneDrive\Documents\EasyEDA-Pro\logs
[2026-09-15 15:14:15] [WARN] [INIT] auto clear log: C:\Users\User\OneDrive\Documents\EasyEDA-Pro\logs
[2026-09-15 15:15:15] [WARN] [INIT] auto clear log: C:\Users\User\OneDrive\Documents\EasyEDA-Pro\logs
[2026-09-15 15:16:15] [WARN] [INIT] auto clear log: C:\Users\User\OneDrive\Documents\EasyEDA-Pro\logs
[2026-09-15 15:17:15] [WARN] [INIT] auto clear log: C:\Users\User\OneDrive\Documents\EasyEDA-Pro\logs
[2026-09-15 15:18:15] [WARN] [INIT] auto clear log: C:\Users\User\OneDrive\Documents\EasyEDA-Pro\logs
[2026-09-15 15:19:15] [WARN] [INIT] auto clear log: C:\Users\User\OneDrive\Documents\EasyEDA-Pro\logs
[2026-09-15 15:20:15] [WARN] [INIT] auto clear log: C:\Users\User\OneDrive\Documents\EasyEDA-Pro\logs
[2026-09-15 15:21:15] [WARN] [INIT] auto clear log: C:\Users\User\OneDrive\Documents\EasyEDA-Pro\logs
[2026-09-15 15:22:15] [WARN] [INIT] auto clear log: C:\Users\User\OneDrive\Documents\EasyEDA-Pro\logs
[2026-09-15 15:23:15] [WARN] [INIT] auto clear log: C:\Users\User\OneDrive\Documents\EasyEDA-Pro\logs
[2026-09-15 15:24:07] [ERROR] [SERVER] [X-LC-ID-yjRoZFAKekIFAA==] {"errno":-3008,"code":"ENOTFOUND","syscall":"getaddrinfo","hostname":"pro.easyeda.com"}
[2026-09-15 15:24:15] [WARN] [INIT] auto clear log: C:\Users\User\OneDrive\Documents\EasyEDA-Pro\logs
[2026-09-15 15:25:15] [WARN] [INIT] auto clear log: C:\Users\User\OneDrive\Documents\EasyEDA-Pro\logs
[2026-09-15 15:26:15] [WARN] [INIT] auto clear log: C:\Users\User\OneDrive\Documents\EasyEDA-Pro\logs
[2026-09-15 15:27:15] [WARN] [INIT] auto clear log: C:\Users\User\OneDrive\Documents\EasyEDA-Pro\logs
[2026-09-15 15:28:15] [WARN] [INIT] auto clear log: C:\Users\User\OneDrive\Documents\EasyEDA-Pro\logs
[2026-09-15 15:29:15] [WARN] [INIT] auto clear log: C:\Users\User\OneDrive\Documents\EasyEDA-Pro\logs
[2026-09-15 15:30:15] [WARN] [INIT] auto clear log: C:\Users\User\OneDrive\Documents\EasyEDA-Pro\logs
[2026-09-15 16:01:09] [WARN] [INIT] auto clear log: C:\Users\User\OneDrive\Documents\EasyEDA-Pro\logs
[2026-09-15 16:02:09] [WARN] [INIT] auto clear log: C:\Users\User\OneDrive\Documents\EasyEDA-Pro\logs
[2026-09-15 16:03:09] [WARN] [INIT] auto clear log: C:\Users\User\OneDrive\Documents\EasyEDA-Pro\logs
[2026-09-15 16:04:09] [WARN] [INIT] auto clear log: C:\Users\User\OneDrive\Documents\EasyEDA-Pro\logs
[2026-09-15 16:05:09] [WARN] [INIT] auto clear log: C:\Users\User\OneDrive\Documents\EasyEDA-Pro\logs
[2026-09-15 16:05:31] [ERROR] [SERVER] [X-LC-ID-fdTdwlIKekLzAA==] {"errno":-3008,"code":"ENOTFOUND","syscall":"getaddrinfo","hostname":"pro.easyeda.com"}
[2026-09-15 16:06:09] [WARN] [INIT] auto clear log: C:\Users\User\OneDrive\Documents\EasyEDA-Pro\logs
[2026-09-15 16:07:09] [WARN] [INIT] auto clear log: C:\Users\User\OneDrive\Documents\EasyEDA-Pro\logs
[2026-09-15 16:07:19] [ERROR] [SERVER] [X-LC-ID-+yJA3VIKekKSAA==] {"errno":-3008,"code":"ENOTFOUND","syscall":"getaddrinfo","hostname":"pro.easyeda.com"}
[2026-09-15 16:08:09] [WARN] [INIT] auto clear log: C:\Users\User\OneDrive\Documents\EasyEDA-Pro\logs
[2026-09-15 16:09:09] [WARN] [INIT] auto clear log: C:\Users\User\OneDrive\Documents\EasyEDA-Pro\logs
[2026-09-15 16:10:09] [WARN] [INIT] auto clear log: C:\Users\User\OneDrive\Documents\EasyEDA-Pro\logs
[2026-09-15 16:11:09] [WARN] [INIT] auto clear log: C:\Users\User\OneDrive\Documents\EasyEDA-Pro\logs
[2026-09-15 16:12:09] [WARN] [INIT] auto clear log: C:\Users\User\OneDrive\Documents\EasyEDA-Pro\logs
[2026-09-15 16:13:09] [WARN] [INIT] auto clear log: C:\Users\User\OneDrive\Documents\EasyEDA-Pro\logs
[2026-09-15 16:14:09] [WARN] [INIT] auto clear log: C:\Users\User\OneDrive\Documents\EasyEDA-Pro\logs
[2026-09-15 16:15:09] [WARN] [INIT] auto clear log: C:\Users\User\OneDrive\Documents\EasyEDA-Pro\logs
[2026-09-15 16:16:09] [WARN] [INIT] auto clear log: C:\Users\User\OneDrive\Documents\EasyEDA-Pro\logs
[2026-09-15 16:17:09] [WARN] [INIT] auto clear log: C:\Users\User\OneDrive\Documents\EasyEDA-Pro\logs
[2026-09-15 16:18:09] [WARN] [INIT] auto clear log: C:\Users\User\OneDrive\Documents\EasyEDA-Pro\logs
[2026-09-15 16:19:09] [WARN] [INIT] auto clear log: C:\Users\User\OneDrive\Documents\EasyEDA-Pro\logs
[2026-09-15 16:20:09] [WARN] [INIT] auto clear log: C:\Users\User\OneDrive\Documents\EasyEDA-Pro\logs
[2026-09-15 16:21:09] [WARN] [INIT] auto clear log: C:\Users\User\OneDrive\Documents\EasyEDA-Pro\logs
[2026-09-15 16:22:09] [WARN] [INIT] auto clear log: C:\Users\User\OneDrive\Documents\EasyEDA-Pro\logs
[2026-09-15 16:23:09] [WARN] [INIT] auto clear log: C:\Users\User\OneDrive\Documents\EasyEDA-Pro\logs
[2026-09-15 16:24:09] [WARN] [INIT] auto clear log: C:\Users\User\OneDrive\Documents\EasyEDA-Pro\logs
[2026-09-15 16:25:09] [WARN] [INIT] auto clear log: C:\Users\User\OneDrive\Documents\EasyEDA-Pro\logs
[2026-09-15 16:26:09] [WARN] [INIT] auto clear log: C:\Users\User\OneDrive\Documents\EasyEDA-Pro\logs
[2026-09-15 16:27:09] [WARN] [INIT] auto clear log: C:\Users\User\OneDrive\Documents\EasyEDA-Pro\logs
[2026-09-15 16:28:09] [WARN] [INIT] auto clear log: C:\Users\User\OneDrive\Documents\EasyEDA-Pro\logs
[2026-09-15 16:29:09] [WARN] [INIT] auto clear log: C:\Users\User\OneDrive\Documents\EasyEDA-Pro\logs
[2026-09-15 16:30:09] [WARN] [INIT] auto clear log: C:\Users\User\OneDrive\Documents\EasyEDA-Pro\logs
[2026-09-15 16:31:09] [WARN] [INIT] auto clear log: C:\Users\User\OneDrive\Documents\EasyEDA-Pro\logs
[2026-09-15 16:32:09] [WARN] [INIT] auto clear log: C:\Users\User\OneDrive\Documents\EasyEDA-Pro\logs
[2026-09-15 16:33:09] [WARN] [INIT] auto clear log: C:\Users\User\OneDrive\Documents\EasyEDA-Pro\logs
[2026-09-15 16:34:09] [WARN] [INIT] auto clear log: C:\Users\User\OneDrive\Documents\EasyEDA-Pro\logs
[2026-09-15 16:35:09] [WARN] [INIT] auto clear log: C:\Users\User\OneDrive\Documents\EasyEDA-Pro\logs
[2026-09-15 16:36:09] [WARN] [INIT] auto clear log: C:\Users\User\OneDrive\Documents\EasyEDA-Pro\logs
[2026-09-15 16:37:09] [WARN] [INIT] auto clear log: C:\Users\User\OneDrive\Documents\EasyEDA-Pro\logs
[2026-09-15 16:38:09] [WARN] [INIT] auto clear log: C:\Users\User\OneDrive\Documents\EasyEDA-Pro\logs
[2026-09-15 16:39:09] [WARN] [INIT] auto clear log: C:\Users\User\OneDrive\Documents\EasyEDA-Pro\logs
[2026-09-15 16:40:09] [WARN] [INIT] auto clear log: C:\Users\User\OneDrive\Documents\EasyEDA-Pro\logs
[2026-09-15 16:41:09] [WARN] [INIT] auto clear log: C:\Users\User\OneDrive\Documents\EasyEDA-Pro\logs
[2026-09-15 16:42:09] [WARN] [INIT] auto clear log: C:\Users\User\OneDrive\Documents\EasyEDA-Pro\logs
[2026-09-15 16:42:39] [ERROR] [SERVER] [X-LC-ID-RyXw4lQKekIGAA==] json api /api/devices/searchByIds" {}
[2026-09-15 16:43:09] [WARN] [INIT] auto clear log: C:\Users\User\OneDrive\Documents\EasyEDA-Pro\logs
[2026-09-15 16:44:09] [WARN] [INIT] auto clear log: C:\Users\User\OneDrive\Documents\EasyEDA-Pro\logs
[2026-09-15 16:45:09] [WARN] [INIT] auto clear log: C:\Users\User\OneDrive\Documents\EasyEDA-Pro\logs
[2026-09-15 16:46:09] [WARN] [INIT] auto clear log: C:\Users\User\OneDrive\Documents\EasyEDA-Pro\logs
[2026-09-15 16:47:09] [WARN] [INIT] auto clear log: C:\Users\User\OneDrive\Documents\EasyEDA-Pro\logs
[2026-09-15 16:47:17] [ERROR] [SERVER] [X-LC-ID-3CEhJVUKekKKAA==] {"errno":-4077,"code":"ECONNRESET","syscall":"read"}
[2026-09-15 16:47:25] [ERROR] [SERVER] [X-LC-ID-xw7YKFUKekJLAA==] {"errno":-3008,"code":"ENOTFOUND","syscall":"getaddrinfo","hostname":"pro.easyeda.com"}
[2026-09-15 16:47:26] [ERROR] [SERVER] [X-LC-ID-MejgKFUKekIiAA==] {"errno":-3008,"code":"ENOTFOUND","syscall":"getaddrinfo","hostname":"pro.easyeda.com"}
[2026-09-15 16:48:09] [WARN] [INIT] auto clear log: C:\Users\User\OneDrive\Documents\EasyEDA-Pro\logs
[2026-09-15 16:49:09] [WARN] [INIT] auto clear log: C:\Users\User\OneDrive\Documents\EasyEDA-Pro\logs
[2026-09-15 16:49:16] [ERROR] [SERVER] [X-LC-ID-RCL0Q1UKekINAA==] {"errno":-3008,"code":"ENOTFOUND","syscall":"getaddrinfo","hostname":"pro.easyeda.com"}
[2026-09-15 16:49:17] [ERROR] [SERVER] [X-LC-ID-LZT5Q1UKekLIAA==] {"errno":-3008,"code":"ENOTFOUND","syscall":"getaddrinfo","hostname":"pro.easyeda.com"}
[2026-09-15 16:49:51] [ERROR] [SERVER] [X-LC-ID-12JjTFUKekKmAA==] {"errno":-3008,"code":"ENOTFOUND","syscall":"getaddrinfo","hostname":"pro.easyeda.com"}
[2026-09-15 16:50:09] [WARN] [INIT] auto clear log: C:\Users\User\OneDrive\Documents\EasyEDA-Pro\logs
[2026-09-15 16:51:09] [WARN] [INIT] auto clear log: C:\Users\User\OneDrive\Documents\EasyEDA-Pro\logs
[2026-09-15 16:52:09] [WARN] [INIT] auto clear log: C:\Users\User\OneDrive\Documents\EasyEDA-Pro\logs
[2026-09-15 16:53:09] [WARN] [INIT] auto clear log: C:\Users\User\OneDrive\Documents\EasyEDA-Pro\logs
[2026-09-15 16:54:09] [WARN] [INIT] auto clear log: C:\Users\User\OneDrive\Documents\EasyEDA-Pro\logs
[2026-09-15 16:55:09] [WARN] [INIT] auto clear log: C:\Users\User\OneDrive\Documents\EasyEDA-Pro\logs
[2026-09-15 16:56:09] [WARN] [INIT] auto clear log: C:\Users\User\OneDrive\Documents\EasyEDA-Pro\logs
[2026-09-15 16:57:09] [WARN] [INIT] auto clear log: C:\Users\User\OneDrive\Documents\EasyEDA-Pro\logs
[2026-09-15 16:58:09] [WARN] [INIT] auto clear log: C:\Users\User\OneDrive\Documents\EasyEDA-Pro\logs
[2026-09-15 16:59:09] [WARN] [INIT] auto clear log: C:\Users\User\OneDrive\Documents\EasyEDA-Pro\logs
[2026-09-15 17:00:09] [WARN] [INIT] auto clear log: C:\Users\User\OneDrive\Documents\EasyEDA-Pro\logs
[2026-09-15 17:01:09] [WARN] [INIT] auto clear log: C:\Users\User\OneDrive\Documents\EasyEDA-Pro\logs
[2026-09-15 17:02:09] [WARN] [INIT] auto clear log: C:\Users\User\OneDrive\Documents\EasyEDA-Pro\logs
[2026-09-15 17:03:09] [WARN] [INIT] auto clear log: C:\Users\User\OneDrive\Documents\EasyEDA-Pro\logs
[2026-09-15 17:04:09] [WARN] [INIT] auto clear log: C:\Users\User\OneDrive\Documents\EasyEDA-Pro\logs
[2026-09-15 17:05:09] [WARN] [INIT] auto clear log: C:\Users\User\OneDrive\Documents\EasyEDA-Pro\logs
[2026-09-15 17:06:09] [WARN] [INIT] auto clear log: C:\Users\User\OneDrive\Documents\EasyEDA-Pro\logs
[2026-09-15 17:07:09] [WARN] [INIT] auto clear log: C:\Users\User\OneDrive\Documents\EasyEDA-Pro\logs
[2026-09-15 17:08:09] [WARN] [INIT] auto clear log: C:\Users\User\OneDrive\Documents\EasyEDA-Pro\logs
[2026-09-15 17:09:09] [WARN] [INIT] auto clear log: C:\Users\User\OneDrive\Documents\EasyEDA-Pro\logs
[2026-09-15 17:10:09] [WARN] [INIT] auto clear log: C:\Users\User\OneDrive\Documents\EasyEDA-Pro\logs
[2026-09-15 17:11:10] [WARN] [INIT] auto clear log: C:\Users\User\OneDrive\Documents\EasyEDA-Pro\logs
[2026-09-15 17:12:10] [WARN] [INIT] auto clear log: C:\Users\User\OneDrive\Documents\EasyEDA-Pro\logs
[2026-09-15 17:13:10] [WARN] [INIT] auto clear log: C:\Users\User\OneDrive\Documents\EasyEDA-Pro\logs
[2026-09-15 17:14:10] [WARN] [INIT] auto clear log: C:\Users\User\OneDrive\Documents\EasyEDA-Pro\logs
[2026-09-15 17:15:10] [WARN] [INIT] auto clear log: C:\Users\User\OneDrive\Documents\EasyEDA-Pro\logs
[2026-09-15 17:16:10] [WARN] [INIT] auto clear log: C:\Users\User\OneDrive\Documents\EasyEDA-Pro\logs
[2026-09-15 17:17:10] [WARN] [INIT] auto clear log: C:\Users\User\OneDrive\Documents\EasyEDA-Pro\logs
[2026-09-15 17:18:10] [WARN] [INIT] auto clear log: C:\Users\User\OneDrive\Documents\EasyEDA-Pro\logs
[2026-09-15 17:19:10] [WARN] [INIT] auto clear log: C:\Users\User\OneDrive\Documents\EasyEDA-Pro\logs
[2026-09-15 17:20:10] [WARN] [INIT] auto clear log: C:\Users\User\OneDrive\Documents\EasyEDA-Pro\logs
[2026-09-15 17:21:10] [WARN] [INIT] auto clear log: C:\Users\User\OneDrive\Documents\EasyEDA-Pro\logs
[2026-09-15 17:22:10] [WARN] [INIT] auto clear log: C:\Users\User\OneDrive\Documents\EasyEDA-Pro\logs
[2026-09-15 17:23:10] [WARN] [INIT] auto clear log: C:\Users\User\OneDrive\Documents\EasyEDA-Pro\logs
[2026-09-15 17:24:10] [WARN] [INIT] auto clear log: C:\Users\User\OneDrive\Documents\EasyEDA-Pro\logs
[2026-09-15 17:25:10] [WARN] [INIT] auto clear log: C:\Users\User\OneDrive\Documents\EasyEDA-Pro\logs
[2026-09-15 17:26:10] [WARN] [INIT] auto clear log: C:\Users\User\OneDrive\Documents\EasyEDA-Pro\logs
[2026-09-15 17:27:10] [WARN] [INIT] auto clear log: C:\Users\User\OneDrive\Documents\EasyEDA-Pro\logs
[2026-09-15 17:28:10] [WARN] [INIT] auto clear log: C:\Users\User\OneDrive\Documents\EasyEDA-Pro\logs
[2026-09-15 17:29:10] [WARN] [INIT] auto clear log: C:\Users\User\OneDrive\Documents\EasyEDA-Pro\logs
[2026-09-15 17:30:10] [WARN] [INIT] auto clear log: C:\Users\User\OneDrive\Documents\EasyEDA-Pro\logs
[2026-09-15 17:31:10] [WARN] [INIT] auto clear log: C:\Users\User\OneDrive\Documents\EasyEDA-Pro\logs
[2026-09-15 17:32:10] [WARN] [INIT] auto clear log: C:\Users\User\OneDrive\Documents\EasyEDA-Pro\logs
[2026-09-15 17:33:10] [WARN] [INIT] auto clear log: C:\Users\User\OneDrive\Documents\EasyEDA-Pro\logs
[2026-09-15 17:34:10] [WARN] [INIT] auto clear log: C:\Users\User\OneDrive\Documents\EasyEDA-Pro\logs
[2026-09-15 17:35:10] [WARN] [INIT] auto clear log: C:\Users\User\OneDrive\Documents\EasyEDA-Pro\logs
[2026-09-15 17:36:10] [WARN] [INIT] auto clear log: C:\Users\User\OneDrive\Documents\EasyEDA-Pro\logs
[2026-09-15 17:37:10] [WARN] [INIT] auto clear log: C:\Users\User\OneDrive\Documents\EasyEDA-Pro\logs
[2026-09-15 17:38:10] [WARN] [INIT] auto clear log: C:\Users\User\OneDrive\Documents\EasyEDA-Pro\logs
[2026-09-15 17:39:10] [WARN] [INIT] auto clear log: C:\Users\User\OneDrive\Documents\EasyEDA-Pro\logs
[2026-09-15 18:12:42] [WARN] [INIT] auto clear log: C:\Users\User\OneDrive\Documents\EasyEDA-Pro\logs
[2026-09-15 18:13:42] [WARN] [INIT] auto clear log: C:\Users\User\OneDrive\Documents\EasyEDA-Pro\logs
[2026-09-15 18:13:46] [ERROR] [SERVER] [X-LC-ID-oKnpFloKekKKAA==] {"errno":-3008,"code":"ENOTFOUND","syscall":"getaddrinfo","hostname":"pro.easyeda.com"}
