[2026-09-14 09:33:44] [WARN] [INIT] auto clear log: C:\Users\User\OneDrive\Documents\EasyEDA-Pro\logs
[2026-09-14 09:34:44] [WARN] [INIT] auto clear log: C:\Users\User\OneDrive\Documents\EasyEDA-Pro\logs
[2026-09-14 09:35:44] [WARN] [INIT] auto clear log: C:\Users\User\OneDrive\Documents\EasyEDA-Pro\logs
[2026-09-14 09:36:44] [WARN] [INIT] auto clear log: C:\Users\User\OneDrive\Documents\EasyEDA-Pro\logs
[2026-09-14 09:37:44] [WARN] [INIT] auto clear log: C:\Users\User\OneDrive\Documents\EasyEDA-Pro\logs
[2026-09-14 09:38:44] [WARN] [INIT] auto clear log: C:\Users\User\OneDrive\Documents\EasyEDA-Pro\logs
[2026-09-14 09:45:56] [ERROR] unhandledRejection {}
[2026-09-14 09:45:56] [ERROR] unhandledRejection {}
[2026-09-14 09:45:56] [ERROR] unhandledRejection {}
[2026-09-14 09:45:56] [ERROR] unhandledRejection {}
[2026-09-14 09:45:56] [ERROR] unhandledRejection {}
[2026-09-14 09:45:56] [ERROR] unhandledRejection {}
[2026-09-14 09:45:57] [ERROR] unhandledRejection {}
[2026-09-14 09:46:01] [ERROR] unhandledRejection {}
[2026-09-14 09:46:26] [ERROR] unhandledRejection {}
[2026-09-14 09:46:50] [WARN] [INIT] auto clear log: C:\Users\User\OneDrive\Documents\EasyEDA-Pro\logs
[2026-09-14 09:46:53] [ERROR] [SERVER] [X-LC-ID-qCHbsuoJekJDAA==] json api /api/v2/components/basicLibraryFootprintPreview" {}
[2026-09-14 09:47:50] [WARN] [INIT] auto clear log: C:\Users\User\OneDrive\Documents\EasyEDA-Pro\logs
[2026-09-14 09:48:50] [WARN] [INIT] auto clear log: C:\Users\User\OneDrive\Documents\EasyEDA-Pro\logs
[2026-09-14 09:49:50] [WARN] [INIT] auto clear log: C:\Users\User\OneDrive\Documents\EasyEDA-Pro\logs
[2026-09-14 09:50:50] [WARN] [INIT] auto clear log: C:\Users\User\OneDrive\Documents\EasyEDA-Pro\logs
[2026-09-14 09:51:50] [WARN] [INIT] auto clear log: C:\Users\User\OneDrive\Documents\EasyEDA-Pro\logs
[2026-09-14 09:52:50] [WARN] [INIT] auto clear log: C:\Users\User\OneDrive\Documents\EasyEDA-Pro\logs
[2026-09-14 09:53:50] [WARN] [INIT] auto clear log: C:\Users\User\OneDrive\Documents\EasyEDA-Pro\logs
[2026-09-14 09:54:50] [WARN] [INIT] auto clear log: C:\Users\User\OneDrive\Documents\EasyEDA-Pro\logs
[2026-09-14 09:55:50] [WARN] [INIT] auto clear log: C:\Users\User\OneDrive\Documents\EasyEDA-Pro\logs
[2026-09-14 09:56:50] [WARN] [INIT] auto clear log: C:\Users\User\OneDrive\Documents\EasyEDA-Pro\logs
[2026-09-14 09:57:50] [WARN] [INIT] auto clear log: C:\Users\User\OneDrive\Documents\EasyEDA-Pro\logs
[2026-09-14 09:58:50] [WARN] [INIT] auto clear log: C:\Users\User\OneDrive\Documents\EasyEDA-Pro\logs
[2026-09-14 09:59:50] [WARN] [INIT] auto clear log: C:\Users\User\OneDrive\Documents\EasyEDA-Pro\logs
[2026-09-14 10:00:50] [WARN] [INIT] auto clear log: C:\Users\User\OneDrive\Documents\EasyEDA-Pro\logs
[2026-09-14 10:01:50] [WARN] [INIT] auto clear log: C:\Users\User\OneDrive\Documents\EasyEDA-Pro\logs
[2026-09-14 10:02:50] [WARN] [INIT] auto clear log: C:\Users\User\OneDrive\Documents\EasyEDA-Pro\logs
[2026-09-14 10:03:50] [WARN] [INIT] auto clear log: C:\Users\User\OneDrive\Documents\EasyEDA-Pro\logs
[2026-09-14 10:04:50] [WARN] [INIT] auto clear log: C:\Users\User\OneDrive\Documents\EasyEDA-Pro\logs
[2026-09-14 10:05:50] [WARN] [INIT] auto clear log: C:\Users\User\OneDrive\Documents\EasyEDA-Pro\logs
[2026-09-14 10:06:50] [WARN] [INIT] auto clear log: C:\Users\User\OneDrive\Documents\EasyEDA-Pro\logs
[2026-09-14 10:07:50] [WARN] [INIT] auto clear log: C:\Users\User\OneDrive\Documents\EasyEDA-Pro\logs
[2026-09-14 10:08:50] [WARN] [INIT] auto clear log: C:\Users\User\OneDrive\Documents\EasyEDA-Pro\logs
[2026-09-14 10:09:50] [WARN] [INIT] auto clear log: C:\Users\User\OneDrive\Documents\EasyEDA-Pro\logs
[2026-09-14 10:10:50] [WARN] [INIT] auto clear log: C:\Users\User\OneDrive\Documents\EasyEDA-Pro\logs
[2026-09-14 10:11:50] [WARN] [INIT] auto clear log: C:\Users\User\OneDrive\Documents\EasyEDA-Pro\logs
[2026-09-14 10:12:50] [WARN] [INIT] auto clear log: C:\Users\User\OneDrive\Documents\EasyEDA-Pro\logs
[2026-09-14 10:13:50] [WARN] [INIT] auto clear log: C:\Users\User\OneDrive\Documents\EasyEDA-Pro\logs
[2026-09-14 10:14:50] [WARN] [INIT] auto clear log: C:\Users\User\OneDrive\Documents\EasyEDA-Pro\logs
[2026-09-14 10:15:50] [WARN] [INIT] auto clear log: C:\Users\User\OneDrive\Documents\EasyEDA-Pro\logs
[2026-09-14 10:16:50] [WARN] [INIT] auto clear log: C:\Users\User\OneDrive\Documents\EasyEDA-Pro\logs
[2026-09-14 10:17:50] [WARN] [INIT] auto clear log: C:\Users\User\OneDrive\Documents\EasyEDA-Pro\logs
[2026-09-14 10:18:50] [WARN] [INIT] auto clear log: C:\Users\User\OneDrive\Documents\EasyEDA-Pro\logs
[2026-09-14 10:19:50] [WARN] [INIT] auto clear log: C:\Users\User\OneDrive\Documents\EasyEDA-Pro\logs
[2026-09-14 10:20:50] [WARN] [INIT] auto clear log: C:\Users\User\OneDrive\Documents\EasyEDA-Pro\logs
[2026-09-14 10:21:12] [ERROR] [SERVER] [X-LC-ID-2J9wqewJekI7AA==] json api /api/v2/components/searchByIds" {}
[2026-09-14 10:21:12] [ERROR] [SERVER] [X-LC-ID-tblwqewJekICAA==] json api /api/v2/components/searchByIds" {}
[2026-09-14 10:21:12] [ERROR] [SERVER] [X-LC-ID-mNRxqewJekJeAA==] json api /api/v2/components/searchByIds" {}
[2026-09-14 10:21:12] [ERROR] [SERVER] [X-LC-ID-y+dxqewJekKkAA==] json api /api/v2/components/searchByIds" {}
[2026-09-14 10:21:12] [ERROR] [SERVER] [X-LC-ID-f/txqewJekKDAA==] json api /api/v2/components/searchByIds" {}
[2026-09-14 10:21:12] [ERROR] [SERVER] [X-LC-ID-bSB0qewJekINAA==] json api /api/devices/searchByIds" {}
[2026-09-14 10:21:50] [WARN] [INIT] auto clear log: C:\Users\User\OneDrive\Documents\EasyEDA-Pro\logs
[2026-09-14 11:12:46] [ERROR] unhandledRejection {}
[2026-09-14 11:12:47] [ERROR] unhandledRejection {}
[2026-09-14 11:12:51] [ERROR] unhandledRejection {}
[2026-09-14 11:13:10] [ERROR] [SERVER] [X-LC-ID-s3ewou8JekK4AA==] json api /api/v2/components/searchByIds" {}
[2026-09-14 11:13:10] [ERROR] [SERVER] [X-LC-ID-PWmwou8JekL1AA==] json api /api/v2/components/searchByIds" {}
[2026-09-14 11:13:10] [ERROR] [SERVER] [X-LC-ID-ylmxou8JekJVAA==] json api /api/v2/components/searchByIds" {}
[2026-09-14 11:13:10] [ERROR] [SERVER] [X-LC-ID-9Wexou8JekIOAA==] json api /api/v2/components/searchByIds" {}
[2026-09-14 11:13:10] [ERROR] [SERVER] [X-LC-ID-AUmxou8JekIuAA==] json api /api/v2/components/searchByIds" {}
[2026-09-14 11:13:10] [ERROR] [SERVER] [X-LC-ID-s/ayou8JekJ0AA==] json api /api/devices/searchByIds" {}
[2026-09-14 11:13:39] [WARN] [INIT] auto clear log: C:\Users\User\OneDrive\Documents\EasyEDA-Pro\logs
[2026-09-14 11:14:39] [WARN] [INIT] auto clear log: C:\Users\User\OneDrive\Documents\EasyEDA-Pro\logs
[2026-09-14 11:15:39] [WARN] [INIT] auto clear log: C:\Users\User\OneDrive\Documents\EasyEDA-Pro\logs
[2026-09-14 11:16:39] [WARN] [INIT] auto clear log: C:\Users\User\OneDrive\Documents\EasyEDA-Pro\logs
[2026-09-14 11:17:39] [WARN] [INIT] auto clear log: C:\Users\User\OneDrive\Documents\EasyEDA-Pro\logs
[2026-09-14 11:17:57] [ERROR] unhandledRejection {}
[2026-09-14 11:18:01] [ERROR] unhandledRejection {}
[2026-09-14 11:18:50] [WARN] [INIT] auto clear log: C:\Users\User\OneDrive\Documents\EasyEDA-Pro\logs
[2026-09-14 11:19:50] [WARN] [INIT] auto clear log: C:\Users\User\OneDrive\Documents\EasyEDA-Pro\logs
[2026-09-14 11:20:50] [WARN] [INIT] auto clear log: C:\Users\User\OneDrive\Documents\EasyEDA-Pro\logs
[2026-09-14 11:21:50] [WARN] [INIT] auto clear log: C:\Users\User\OneDrive\Documents\EasyEDA-Pro\logs
[2026-09-14 11:22:50] [WARN] [INIT] auto clear log: C:\Users\User\OneDrive\Documents\EasyEDA-Pro\logs
[2026-09-14 11:23:50] [WARN] [INIT] auto clear log: C:\Users\User\OneDrive\Documents\EasyEDA-Pro\logs
[2026-09-14 11:24:50] [WARN] [INIT] auto clear log: C:\Users\User\OneDrive\Documents\EasyEDA-Pro\logs
[2026-09-14 11:25:50] [WARN] [INIT] auto clear log: C:\Users\User\OneDrive\Documents\EasyEDA-Pro\logs
[2026-09-14 11:26:50] [WARN] [INIT] auto clear log: C:\Users\User\OneDrive\Documents\EasyEDA-Pro\logs
[2026-09-14 11:27:50] [WARN] [INIT] auto clear log: C:\Users\User\OneDrive\Documents\EasyEDA-Pro\logs
[2026-09-14 11:28:50] [WARN] [INIT] auto clear log: C:\Users\User\OneDrive\Documents\EasyEDA-Pro\logs
[2026-09-14 11:29:50] [WARN] [INIT] auto clear log: C:\Users\User\OneDrive\Documents\EasyEDA-Pro\logs
[2026-09-14 11:30:50] [WARN] [INIT] auto clear log: C:\Users\User\OneDrive\Documents\EasyEDA-Pro\logs
[2026-09-14 11:31:50] [WARN] [INIT] auto clear log: C:\Users\User\OneDrive\Documents\EasyEDA-Pro\logs
[2026-09-14 11:32:50] [WARN] [INIT] auto clear log: C:\Users\User\OneDrive\Documents\EasyEDA-Pro\logs
[2026-09-14 11:33:50] [WARN] [INIT] auto clear log: C:\Users\User\OneDrive\Documents\EasyEDA-Pro\logs
[2026-09-14 11:34:50] [WARN] [INIT] auto clear log: C:\Users\User\OneDrive\Documents\EasyEDA-Pro\logs
[2026-09-14 11:35:50] [WARN] [INIT] auto clear log: C:\Users\User\OneDrive\Documents\EasyEDA-Pro\logs
[2026-09-14 11:36:50] [WARN] [INIT] auto clear log: C:\Users\User\OneDrive\Documents\EasyEDA-Pro\logs
[2026-09-14 11:37:50] [WARN] [INIT] auto clear log: C:\Users\User\OneDrive\Documents\EasyEDA-Pro\logs
[2026-09-14 11:44:32] [ERROR] unhandledRejection {}
[2026-09-14 11:44:37] [ERROR] unhandledRejection {}
[2026-09-14 11:45:24] [WARN] [INIT] auto clear log: C:\Users\User\OneDrive\Documents\EasyEDA-Pro\logs
[2026-09-14 11:46:24] [WARN] [INIT] auto clear log: C:\Users\User\OneDrive\Documents\EasyEDA-Pro\logs
[2026-09-14 11:47:24] [WARN] [INIT] auto clear log: C:\Users\User\OneDrive\Documents\EasyEDA-Pro\logs
[2026-09-14 11:48:24] [WARN] [INIT] auto clear log: C:\Users\User\OneDrive\Documents\EasyEDA-Pro\logs
[2026-09-14 11:49:24] [WARN] [INIT] auto clear log: C:\Users\User\OneDrive\Documents\EasyEDA-Pro\logs
[2026-09-14 11:50:24] [WARN] [INIT] auto clear log: C:\Users\User\OneDrive\Documents\EasyEDA-Pro\logs
[2026-09-14 11:51:24] [WARN] [INIT] auto clear log: C:\Users\User\OneDrive\Documents\EasyEDA-Pro\logs
[2026-09-14 11:52:24] [WARN] [INIT] auto clear log: C:\Users\User\OneDrive\Documents\EasyEDA-Pro\logs
[2026-09-14 11:53:24] [WARN] [INIT] auto clear log: C:\Users\User\OneDrive\Documents\EasyEDA-Pro\logs
[2026-09-14 11:54:24] [WARN] [INIT] auto clear log: C:\Users\User\OneDrive\Documents\EasyEDA-Pro\logs
[2026-09-14 11:55:24] [WARN] [INIT] auto clear log: C:\Users\User\OneDrive\Documents\EasyEDA-Pro\logs
[2026-09-14 11:56:24] [WARN] [INIT] auto clear log: C:\Users\User\OneDrive\Documents\EasyEDA-Pro\logs
[2026-09-14 11:57:24] [WARN] [INIT] auto clear log: C:\Users\User\OneDrive\Documents\EasyEDA-Pro\logs
[2026-09-14 11:58:24] [WARN] [INIT] auto clear log: C:\Users\User\OneDrive\Documents\EasyEDA-Pro\logs
[2026-09-14 11:59:24] [WARN] [INIT] auto clear log: C:\Users\User\OneDrive\Documents\EasyEDA-Pro\logs
[2026-09-14 12:00:24] [WARN] [INIT] auto clear log: C:\Users\User\OneDrive\Documents\EasyEDA-Pro\logs
[2026-09-14 12:01:24] [WARN] [INIT] auto clear log: C:\Users\User\OneDrive\Documents\EasyEDA-Pro\logs
[2026-09-14 12:02:24] [WARN] [INIT] auto clear log: C:\Users\User\OneDrive\Documents\EasyEDA-Pro\logs
[2026-09-14 12:03:24] [WARN] [INIT] auto clear log: C:\Users\User\OneDrive\Documents\EasyEDA-Pro\logs
[2026-09-14 12:04:24] [WARN] [INIT] auto clear log: C:\Users\User\OneDrive\Documents\EasyEDA-Pro\logs
[2026-09-14 12:05:24] [WARN] [INIT] auto clear log: C:\Users\User\OneDrive\Documents\EasyEDA-Pro\logs
[2026-09-14 12:06:24] [WARN] [INIT] auto clear log: C:\Users\User\OneDrive\Documents\EasyEDA-Pro\logs
[2026-09-14 12:07:24] [WARN] [INIT] auto clear log: C:\Users\User\OneDrive\Documents\EasyEDA-Pro\logs
[2026-09-14 12:08:24] [WARN] [INIT] auto clear log: C:\Users\User\OneDrive\Documents\EasyEDA-Pro\logs
[2026-09-14 12:09:24] [WARN] [INIT] auto clear log: C:\Users\User\OneDrive\Documents\EasyEDA-Pro\logs
[2026-09-14 12:10:24] [WARN] [INIT] auto clear log: C:\Users\User\OneDrive\Documents\EasyEDA-Pro\logs
[2026-09-14 12:11:24] [WARN] [INIT] auto clear log: C:\Users\User\OneDrive\Documents\EasyEDA-Pro\logs
[2026-09-14 12:12:24] [WARN] [INIT] auto clear log: C:\Users\User\OneDrive\Documents\EasyEDA-Pro\logs
[2026-09-14 12:13:24] [WARN] [INIT] auto clear log: C:\Users\User\OneDrive\Documents\EasyEDA-Pro\logs
[2026-09-14 12:14:24] [WARN] [INIT] auto clear log: C:\Users\User\OneDrive\Documents\EasyEDA-Pro\logs
[2026-09-14 12:15:24] [WARN] [INIT] auto clear log: C:\Users\User\OneDrive\Documents\EasyEDA-Pro\logs
[2026-09-14 12:16:24] [WARN] [INIT] auto clear log: C:\Users\User\OneDrive\Documents\EasyEDA-Pro\logs
[2026-09-14 12:17:24] [WARN] [INIT] auto clear log: C:\Users\User\OneDrive\Documents\EasyEDA-Pro\logs
[2026-09-14 12:18:24] [WARN] [INIT] auto clear log: C:\Users\User\OneDrive\Documents\EasyEDA-Pro\logs
[2026-09-14 12:19:24] [WARN] [INIT] auto clear log: C:\Users\User\OneDrive\Documents\EasyEDA-Pro\logs
[2026-09-14 12:20:24] [WARN] [INIT] auto clear log: C:\Users\User\OneDrive\Documents\EasyEDA-Pro\logs
[2026-09-14 12:21:24] [WARN] [INIT] auto clear log: C:\Users\User\OneDrive\Documents\EasyEDA-Pro\logs
[2026-09-14 12:22:24] [WARN] [INIT] auto clear log: C:\Users\User\OneDrive\Documents\EasyEDA-Pro\logs
[2026-09-14 12:23:24] [WARN] [INIT] auto clear log: C:\Users\User\OneDrive\Documents\EasyEDA-Pro\logs
[2026-09-14 12:24:24] [WARN] [INIT] auto clear log: C:\Users\User\OneDrive\Documents\EasyEDA-Pro\logs
[2026-09-14 12:25:24] [WARN] [INIT] auto clear log: C:\Users\User\OneDrive\Documents\EasyEDA-Pro\logs
[2026-09-14 12:26:24] [WARN] [INIT] auto clear log: C:\Users\User\OneDrive\Documents\EasyEDA-Pro\logs
[2026-09-14 12:27:24] [WARN] [INIT] auto clear log: C:\Users\User\OneDrive\Documents\EasyEDA-Pro\logs
[2026-09-14 12:28:24] [WARN] [INIT] auto clear log: C:\Users\User\OneDrive\Documents\EasyEDA-Pro\logs
[2026-09-14 12:29:24] [WARN] [INIT] auto clear log: C:\Users\User\OneDrive\Documents\EasyEDA-Pro\logs
[2026-09-14 12:30:24] [WARN] [INIT] auto clear log: C:\Users\User\OneDrive\Documents\EasyEDA-Pro\logs
[2026-09-14 12:31:24] [WARN] [INIT] auto clear log: C:\Users\User\OneDrive\Documents\EasyEDA-Pro\logs
[2026-09-14 12:32:24] [WARN] [INIT] auto clear log: C:\Users\User\OneDrive\Documents\EasyEDA-Pro\logs
[2026-09-14 12:33:24] [WARN] [INIT] auto clear log: C:\Users\User\OneDrive\Documents\EasyEDA-Pro\logs
[2026-09-14 12:34:24] [WARN] [INIT] auto clear log: C:\Users\User\OneDrive\Documents\EasyEDA-Pro\logs
[2026-09-14 12:35:24] [WARN] [INIT] auto clear log: C:\Users\User\OneDrive\Documents\EasyEDA-Pro\logs
[2026-09-14 12:36:24] [WARN] [INIT] auto clear log: C:\Users\User\OneDrive\Documents\EasyEDA-Pro\logs
[2026-09-14 12:37:24] [WARN] [INIT] auto clear log: C:\Users\User\OneDrive\Documents\EasyEDA-Pro\logs
[2026-09-14 12:38:24] [WARN] [INIT] auto clear log: C:\Users\User\OneDrive\Documents\EasyEDA-Pro\logs
[2026-09-14 12:39:24] [WARN] [INIT] auto clear log: C:\Users\User\OneDrive\Documents\EasyEDA-Pro\logs
[2026-09-14 12:40:24] [WARN] [INIT] auto clear log: C:\Users\User\OneDrive\Documents\EasyEDA-Pro\logs
[2026-09-14 12:41:24] [WARN] [INIT] auto clear log: C:\Users\User\OneDrive\Documents\EasyEDA-Pro\logs
[2026-09-14 12:42:24] [WARN] [INIT] auto clear log: C:\Users\User\OneDrive\Documents\EasyEDA-Pro\logs
[2026-09-14 12:43:24] [WARN] [INIT] auto clear log: C:\Users\User\OneDrive\Documents\EasyEDA-Pro\logs
[2026-09-14 12:44:24] [WARN] [INIT] auto clear log: C:\Users\User\OneDrive\Documents\EasyEDA-Pro\logs
[2026-09-14 12:45:24] [WARN] [INIT] auto clear log: C:\Users\User\OneDrive\Documents\EasyEDA-Pro\logs
[2026-09-14 12:46:24] [WARN] [INIT] auto clear log: C:\Users\User\OneDrive\Documents\EasyEDA-Pro\logs
[2026-09-14 12:47:24] [WARN] [INIT] auto clear log: C:\Users\User\OneDrive\Documents\EasyEDA-Pro\logs
[2026-09-14 12:48:24] [WARN] [INIT] auto clear log: C:\Users\User\OneDrive\Documents\EasyEDA-Pro\logs
[2026-09-14 12:49:25] [WARN] [INIT] auto clear log: C:\Users\User\OneDrive\Documents\EasyEDA-Pro\logs
[2026-09-14 12:50:25] [WARN] [INIT] auto clear log: C:\Users\User\OneDrive\Documents\EasyEDA-Pro\logs
[2026-09-14 12:51:25] [WARN] [INIT] auto clear log: C:\Users\User\OneDrive\Documents\EasyEDA-Pro\logs
[2026-09-14 12:52:25] [WARN] [INIT] auto clear log: C:\Users\User\OneDrive\Documents\EasyEDA-Pro\logs
[2026-09-14 12:53:25] [WARN] [INIT] auto clear log: C:\Users\User\OneDrive\Documents\EasyEDA-Pro\logs
[2026-09-14 12:54:25] [WARN] [INIT] auto clear log: C:\Users\User\OneDrive\Documents\EasyEDA-Pro\logs
[2026-09-14 12:55:25] [WARN] [INIT] auto clear log: C:\Users\User\OneDrive\Documents\EasyEDA-Pro\logs
[2026-09-14 12:56:25] [WARN] [INIT] auto clear log: C:\Users\User\OneDrive\Documents\EasyEDA-Pro\logs
[2026-09-14 12:57:25] [WARN] [INIT] auto clear log: C:\Users\User\OneDrive\Documents\EasyEDA-Pro\logs
[2026-09-14 12:58:25] [WARN] [INIT] auto clear log: C:\Users\User\OneDrive\Documents\EasyEDA-Pro\logs
[2026-09-14 12:59:25] [WARN] [INIT] auto clear log: C:\Users\User\OneDrive\Documents\EasyEDA-Pro\logs
[2026-09-14 13:00:25] [WARN] [INIT] auto clear log: C:\Users\User\OneDrive\Documents\EasyEDA-Pro\logs
[2026-09-14 13:01:25] [WARN] [INIT] auto clear log: C:\Users\User\OneDrive\Documents\EasyEDA-Pro\logs
[2026-09-14 13:02:25] [WARN] [INIT] auto clear log: C:\Users\User\OneDrive\Documents\EasyEDA-Pro\logs
[2026-09-14 13:03:25] [WARN] [INIT] auto clear log: C:\Users\User\OneDrive\Documents\EasyEDA-Pro\logs
[2026-09-14 13:04:25] [WARN] [INIT] auto clear log: C:\Users\User\OneDrive\Documents\EasyEDA-Pro\logs
[2026-09-14 13:05:25] [WARN] [INIT] auto clear log: C:\Users\User\OneDrive\Documents\EasyEDA-Pro\logs
[2026-09-14 13:06:25] [WARN] [INIT] auto clear log: C:\Users\User\OneDrive\Documents\EasyEDA-Pro\logs
[2026-09-14 13:07:25] [WARN] [INIT] auto clear log: C:\Users\User\OneDrive\Documents\EasyEDA-Pro\logs
[2026-09-14 13:08:25] [WARN] [INIT] auto clear log: C:\Users\User\OneDrive\Documents\EasyEDA-Pro\logs
[2026-09-14 13:09:25] [WARN] [INIT] auto clear log: C:\Users\User\OneDrive\Documents\EasyEDA-Pro\logs
[2026-09-14 13:10:25] [WARN] [INIT] auto clear log: C:\Users\User\OneDrive\Documents\EasyEDA-Pro\logs
[2026-09-14 13:11:25] [WARN] [INIT] auto clear log: C:\Users\User\OneDrive\Documents\EasyEDA-Pro\logs
[2026-09-14 13:12:25] [WARN] [INIT] auto clear log: C:\Users\User\OneDrive\Documents\EasyEDA-Pro\logs
[2026-09-14 13:13:25] [WARN] [INIT] auto clear log: C:\Users\User\OneDrive\Documents\EasyEDA-Pro\logs
[2026-09-14 13:14:25] [WARN] [INIT] auto clear log: C:\Users\User\OneDrive\Documents\EasyEDA-Pro\logs
[2026-09-14 13:15:25] [WARN] [INIT] auto clear log: C:\Users\User\OneDrive\Documents\EasyEDA-Pro\logs
[2026-09-14 13:16:25] [WARN] [INIT] auto clear log: C:\Users\User\OneDrive\Documents\EasyEDA-Pro\logs
[2026-09-14 13:17:25] [WARN] [INIT] auto clear log: C:\Users\User\OneDrive\Documents\EasyEDA-Pro\logs
[2026-09-14 13:18:25] [WARN] [INIT] auto clear log: C:\Users\User\OneDrive\Documents\EasyEDA-Pro\logs
[2026-09-14 13:19:25] [WARN] [INIT] auto clear log: C:\Users\User\OneDrive\Documents\EasyEDA-Pro\logs
[2026-09-14 13:20:25] [WARN] [INIT] auto clear log: C:\Users\User\OneDrive\Documents\EasyEDA-Pro\logs
[2026-09-14 13:21:25] [WARN] [INIT] auto clear log: C:\Users\User\OneDrive\Documents\EasyEDA-Pro\logs
[2026-09-14 13:22:25] [WARN] [INIT] auto clear log: C:\Users\User\OneDrive\Documents\EasyEDA-Pro\logs
[2026-09-14 13:23:25] [WARN] [INIT] auto clear log: C:\Users\User\OneDrive\Documents\EasyEDA-Pro\logs
[2026-09-14 13:24:25] [WARN] [INIT] auto clear log: C:\Users\User\OneDrive\Documents\EasyEDA-Pro\logs
[2026-09-14 14:01:47] [WARN] [INIT] auto clear log: C:\Users\User\OneDrive\Documents\EasyEDA-Pro\logs
[2026-09-14 14:02:47] [WARN] [INIT] auto clear log: C:\Users\User\OneDrive\Documents\EasyEDA-Pro\logs
[2026-09-14 14:03:47] [WARN] [INIT] auto clear log: C:\Users\User\OneDrive\Documents\EasyEDA-Pro\logs
[2026-09-14 14:04:47] [WARN] [INIT] auto clear log: C:\Users\User\OneDrive\Documents\EasyEDA-Pro\logs
[2026-09-14 14:05:47] [WARN] [INIT] auto clear log: C:\Users\User\OneDrive\Documents\EasyEDA-Pro\logs
[2026-09-14 14:06:47] [WARN] [INIT] auto clear log: C:\Users\User\OneDrive\Documents\EasyEDA-Pro\logs
[2026-09-14 14:14:17] [WARN] [INIT] auto clear log: C:\Users\User\OneDrive\Documents\EasyEDA-Pro\logs
[2026-09-14 14:15:17] [WARN] [INIT] auto clear log: C:\Users\User\OneDrive\Documents\EasyEDA-Pro\logs
[2026-09-14 14:15:33] [ERROR] [SERVER] [X-LC-ID-eB9vD/oJekIsAA==] {"errno":-3008,"code":"ENOTFOUND","syscall":"getaddrinfo","hostname":"pro.easyeda.com"}
[2026-09-14 14:16:17] [WARN] [INIT] auto clear log: C:\Users\User\OneDrive\Documents\EasyEDA-Pro\logs
[2026-09-14 14:17:17] [WARN] [INIT] auto clear log: C:\Users\User\OneDrive\Documents\EasyEDA-Pro\logs
[2026-09-14 14:18:17] [WARN] [INIT] auto clear log: C:\Users\User\OneDrive\Documents\EasyEDA-Pro\logs
[2026-09-14 14:19:17] [WARN] [INIT] auto clear log: C:\Users\User\OneDrive\Documents\EasyEDA-Pro\logs
[2026-09-14 14:20:17] [WARN] [INIT] auto clear log: C:\Users\User\OneDrive\Documents\EasyEDA-Pro\logs
[2026-09-14 14:21:17] [WARN] [INIT] auto clear log: C:\Users\User\OneDrive\Documents\EasyEDA-Pro\logs
[2026-09-14 14:22:17] [WARN] [INIT] auto clear log: C:\Users\User\OneDrive\Documents\EasyEDA-Pro\logs
[2026-09-14 14:23:17] [WARN] [INIT] auto clear log: C:\Users\User\OneDrive\Documents\EasyEDA-Pro\logs
[2026-09-14 14:24:17] [WARN] [INIT] auto clear log: C:\Users\User\OneDrive\Documents\EasyEDA-Pro\logs
[2026-09-14 14:25:17] [WARN] [INIT] auto clear log: C:\Users\User\OneDrive\Documents\EasyEDA-Pro\logs
[2026-09-14 14:26:17] [WARN] [INIT] auto clear log: C:\Users\User\OneDrive\Documents\EasyEDA-Pro\logs
[2026-09-14 14:27:17] [WARN] [INIT] auto clear log: C:\Users\User\OneDrive\Documents\EasyEDA-Pro\logs
[2026-09-14 14:28:17] [WARN] [INIT] auto clear log: C:\Users\User\OneDrive\Documents\EasyEDA-Pro\logs
[2026-09-14 14:28:40] [ERROR] [SERVER] [X-LC-ID-KVvPz/oJekLLAA==] {"errno":-3008,"code":"ENOTFOUND","syscall":"getaddrinfo","hostname":"pro.easyeda.com"}
[2026-09-14 14:29:17] [WARN] [INIT] auto clear log: C:\Users\User\OneDrive\Documents\EasyEDA-Pro\logs
[2026-09-14 14:30:17] [WARN] [INIT] auto clear log: C:\Users\User\OneDrive\Documents\EasyEDA-Pro\logs
[2026-09-14 14:31:17] [WARN] [INIT] auto clear log: C:\Users\User\OneDrive\Documents\EasyEDA-Pro\logs
[2026-09-14 14:32:17] [WARN] [INIT] auto clear log: C:\Users\User\OneDrive\Documents\EasyEDA-Pro\logs
[2026-09-14 14:33:17] [WARN] [INIT] auto clear log: C:\Users\User\OneDrive\Documents\EasyEDA-Pro\logs
[2026-09-14 14:34:17] [WARN] [INIT] auto clear log: C:\Users\User\OneDrive\Documents\EasyEDA-Pro\logs
[2026-09-14 14:35:17] [WARN] [INIT] auto clear log: C:\Users\User\OneDrive\Documents\EasyEDA-Pro\logs
[2026-09-14 14:36:17] [WARN] [INIT] auto clear log: C:\Users\User\OneDrive\Documents\EasyEDA-Pro\logs
[2026-09-14 14:37:17] [WARN] [INIT] auto clear log: C:\Users\User\OneDrive\Documents\EasyEDA-Pro\logs
[2026-09-14 14:38:17] [WARN] [INIT] auto clear log: C:\Users\User\OneDrive\Documents\EasyEDA-Pro\logs
[2026-09-14 14:39:17] [WARN] [INIT] auto clear log: C:\Users\User\OneDrive\Documents\EasyEDA-Pro\logs
[2026-09-14 14:40:17] [WARN] [INIT] auto clear log: C:\Users\User\OneDrive\Documents\EasyEDA-Pro\logs
[2026-09-14 14:41:16] [WARN] [INIT] auto clear log: C:\Users\User\OneDrive\Documents\EasyEDA-Pro\logs
[2026-09-14 14:42:16] [WARN] [INIT] auto clear log: C:\Users\User\OneDrive\Documents\EasyEDA-Pro\logs
[2026-09-14 14:43:16] [WARN] [INIT] auto clear log: C:\Users\User\OneDrive\Documents\EasyEDA-Pro\logs
[2026-09-14 14:44:16] [WARN] [INIT] auto clear log: C:\Users\User\OneDrive\Documents\EasyEDA-Pro\logs
[2026-09-14 14:45:16] [WARN] [INIT] auto clear log: C:\Users\User\OneDrive\Documents\EasyEDA-Pro\logs
[2026-09-14 14:46:16] [WARN] [INIT] auto clear log: C:\Users\User\OneDrive\Documents\EasyEDA-Pro\logs
[2026-09-14 14:47:16] [WARN] [INIT] auto clear log: C:\Users\User\OneDrive\Documents\EasyEDA-Pro\logs
[2026-09-14 14:48:16] [WARN] [INIT] auto clear log: C:\Users\User\OneDrive\Documents\EasyEDA-Pro\logs
[2026-09-14 14:49:16] [WARN] [INIT] auto clear log: C:\Users\User\OneDrive\Documents\EasyEDA-Pro\logs
[2026-09-14 14:50:16] [WARN] [INIT] auto clear log: C:\Users\User\OneDrive\Documents\EasyEDA-Pro\logs
[2026-09-14 14:51:16] [WARN] [INIT] auto clear log: C:\Users\User\OneDrive\Documents\EasyEDA-Pro\logs
[2026-09-14 14:52:16] [WARN] [INIT] auto clear log: C:\Users\User\OneDrive\Documents\EasyEDA-Pro\logs
[2026-09-14 14:53:16] [WARN] [INIT] auto clear log: C:\Users\User\OneDrive\Documents\EasyEDA-Pro\logs
[2026-09-14 14:54:16] [WARN] [INIT] auto clear log: C:\Users\User\OneDrive\Documents\EasyEDA-Pro\logs
[2026-09-14 14:55:16] [WARN] [INIT] auto clear log: C:\Users\User\OneDrive\Documents\EasyEDA-Pro\logs
[2026-09-14 14:56:16] [WARN] [INIT] auto clear log: C:\Users\User\OneDrive\Documents\EasyEDA-Pro\logs
[2026-09-14 14:57:16] [WARN] [INIT] auto clear log: C:\Users\User\OneDrive\Documents\EasyEDA-Pro\logs
[2026-09-14 14:58:16] [WARN] [INIT] auto clear log: C:\Users\User\OneDrive\Documents\EasyEDA-Pro\logs
[2026-09-14 14:59:16] [WARN] [INIT] auto clear log: C:\Users\User\OneDrive\Documents\EasyEDA-Pro\logs
[2026-09-14 15:00:16] [WARN] [INIT] auto clear log: C:\Users\User\OneDrive\Documents\EasyEDA-Pro\logs
[2026-09-14 15:01:16] [WARN] [INIT] auto clear log: C:\Users\User\OneDrive\Documents\EasyEDA-Pro\logs
[2026-09-14 15:02:16] [WARN] [INIT] auto clear log: C:\Users\User\OneDrive\Documents\EasyEDA-Pro\logs
[2026-09-14 15:03:16] [WARN] [INIT] auto clear log: C:\Users\User\OneDrive\Documents\EasyEDA-Pro\logs
[2026-09-14 15:04:16] [WARN] [INIT] auto clear log: C:\Users\User\OneDrive\Documents\EasyEDA-Pro\logs
[2026-09-14 15:05:16] [WARN] [INIT] auto clear log: C:\Users\User\OneDrive\Documents\EasyEDA-Pro\logs
[2026-09-14 15:06:16] [WARN] [INIT] auto clear log: C:\Users\User\OneDrive\Documents\EasyEDA-Pro\logs
[2026-09-14 15:06:57] [WARN] exit by single instance lock
[2026-09-14 15:07:00] [ERROR] [SERVER] [X-LC-ID-YvFiBP0JekKwAA==] {"errno":-4077,"code":"ECONNRESET","syscall":"read"}
[2026-09-14 15:07:11] [ERROR] [SERVER] {"errno":-3008,"code":"ENOTFOUND","syscall":"getaddrinfo","hostname":"www.googletagmanager.com"}
[2026-09-14 15:07:11] [ERROR] [SERVER] [X-LC-ID-oFUtBP0JekJdAA==] json api exception {"url":"/gtag/js","error":{"errno":-3008,"code":"ENOTFOUND","syscall":"getaddrinfo","hostname":"www.googletagmanager.com"}}
[2026-09-14 15:07:11] [ERROR] unhandledRejection {"errno":-3008,"code":"ENOTFOUND","syscall":"getaddrinfo","hostname":"www.googletagmanager.com"}
[2026-09-14 15:07:12] [ERROR] [SERVER] [X-LC-ID-c5dvBP0JekLeAA==] {"errno":-3008,"code":"ENOTFOUND","syscall":"getaddrinfo","hostname":"pro.easyeda.com"}
[2026-09-14 15:07:12] [ERROR] [SERVER] [X-LC-ID-yvOOBP0JekI+AA==] {"errno":-3008,"code":"ENOTFOUND","syscall":"getaddrinfo","hostname":"pro.easyeda.com"}
[2026-09-14 15:07:16] [WARN] [INIT] auto clear log: C:\Users\User\OneDrive\Documents\EasyEDA-Pro\logs
[2026-09-14 15:08:16] [WARN] [INIT] auto clear log: C:\Users\User\OneDrive\Documents\EasyEDA-Pro\logs
[2026-09-14 15:09:16] [WARN] [INIT] auto clear log: C:\Users\User\OneDrive\Documents\EasyEDA-Pro\logs
[2026-09-14 15:10:16] [WARN] [INIT] auto clear log: C:\Users\User\OneDrive\Documents\EasyEDA-Pro\logs
[2026-09-14 15:11:16] [WARN] [INIT] auto clear log: C:\Users\User\OneDrive\Documents\EasyEDA-Pro\logs
[2026-09-14 15:12:16] [WARN] [INIT] auto clear log: C:\Users\User\OneDrive\Documents\EasyEDA-Pro\logs
[2026-09-14 15:13:16] [WARN] [INIT] auto clear log: C:\Users\User\OneDrive\Documents\EasyEDA-Pro\logs
[2026-09-14 15:14:16] [WARN] [INIT] auto clear log: C:\Users\User\OneDrive\Documents\EasyEDA-Pro\logs
[2026-09-14 15:15:16] [WARN] [INIT] auto clear log: C:\Users\User\OneDrive\Documents\EasyEDA-Pro\logs
[2026-09-14 15:16:16] [WARN] [INIT] auto clear log: C:\Users\User\OneDrive\Documents\EasyEDA-Pro\logs
[2026-09-14 15:17:16] [WARN] [INIT] auto clear log: C:\Users\User\OneDrive\Documents\EasyEDA-Pro\logs
[2026-09-14 15:18:16] [WARN] [INIT] auto clear log: C:\Users\User\OneDrive\Documents\EasyEDA-Pro\logs
[2026-09-14 15:19:16] [WARN] [INIT] auto clear log: C:\Users\User\OneDrive\Documents\EasyEDA-Pro\logs
[2026-09-14 15:20:16] [WARN] [INIT] auto clear log: C:\Users\User\OneDrive\Documents\EasyEDA-Pro\logs
[2026-09-14 15:21:16] [WARN] [INIT] auto clear log: C:\Users\User\OneDrive\Documents\EasyEDA-Pro\logs
[2026-09-14 15:22:16] [WARN] [INIT] auto clear log: C:\Users\User\OneDrive\Documents\EasyEDA-Pro\logs
[2026-09-14 15:23:16] [WARN] [INIT] auto clear log: C:\Users\User\OneDrive\Documents\EasyEDA-Pro\logs
[2026-09-14 15:24:16] [WARN] [INIT] auto clear log: C:\Users\User\OneDrive\Documents\EasyEDA-Pro\logs
[2026-09-14 15:25:16] [WARN] [INIT] auto clear log: C:\Users\User\OneDrive\Documents\EasyEDA-Pro\logs
[2026-09-14 15:26:16] [WARN] [INIT] auto clear log: C:\Users\User\OneDrive\Documents\EasyEDA-Pro\logs
[2026-09-14 15:27:16] [WARN] [INIT] auto clear log: C:\Users\User\OneDrive\Documents\EasyEDA-Pro\logs
[2026-09-14 15:28:16] [WARN] [INIT] auto clear log: C:\Users\User\OneDrive\Documents\EasyEDA-Pro\logs
[2026-09-14 15:29:16] [WARN] [INIT] auto clear log: C:\Users\User\OneDrive\Documents\EasyEDA-Pro\logs
[2026-09-14 15:30:16] [WARN] [INIT] auto clear log: C:\Users\User\OneDrive\Documents\EasyEDA-Pro\logs
[2026-09-14 15:31:16] [WARN] [INIT] auto clear log: C:\Users\User\OneDrive\Documents\EasyEDA-Pro\logs
[2026-09-14 15:32:16] [WARN] [INIT] auto clear log: C:\Users\User\OneDrive\Documents\EasyEDA-Pro\logs
[2026-09-14 15:33:16] [WARN] [INIT] auto clear log: C:\Users\User\OneDrive\Documents\EasyEDA-Pro\logs
[2026-09-14 15:34:16] [WARN] [INIT] auto clear log: C:\Users\User\OneDrive\Documents\EasyEDA-Pro\logs
[2026-09-14 15:35:16] [WARN] [INIT] auto clear log: C:\Users\User\OneDrive\Documents\EasyEDA-Pro\logs
[2026-09-14 15:36:16] [WARN] [INIT] auto clear log: C:\Users\User\OneDrive\Documents\EasyEDA-Pro\logs
[2026-09-14 15:37:17] [WARN] [INIT] auto clear log: C:\Users\User\OneDrive\Documents\EasyEDA-Pro\logs
[2026-09-14 15:38:17] [WARN] [INIT] auto clear log: C:\Users\User\OneDrive\Documents\EasyEDA-Pro\logs
[2026-09-14 15:39:17] [WARN] [INIT] auto clear log: C:\Users\User\OneDrive\Documents\EasyEDA-Pro\logs
[2026-09-14 15:40:17] [WARN] [INIT] auto clear log: C:\Users\User\OneDrive\Documents\EasyEDA-Pro\logs
[2026-09-14 15:41:17] [WARN] [INIT] auto clear log: C:\Users\User\OneDrive\Documents\EasyEDA-Pro\logs
[2026-09-14 15:42:17] [WARN] [INIT] auto clear log: C:\Users\User\OneDrive\Documents\EasyEDA-Pro\logs
[2026-09-14 15:43:17] [WARN] [INIT] auto clear log: C:\Users\User\OneDrive\Documents\EasyEDA-Pro\logs
[2026-09-14 15:44:17] [WARN] [INIT] auto clear log: C:\Users\User\OneDrive\Documents\EasyEDA-Pro\logs
[2026-09-14 15:45:17] [WARN] [INIT] auto clear log: C:\Users\User\OneDrive\Documents\EasyEDA-Pro\logs
[2026-09-14 15:46:17] [WARN] [INIT] auto clear log: C:\Users\User\OneDrive\Documents\EasyEDA-Pro\logs
[2026-09-14 15:47:17] [WARN] [INIT] auto clear log: C:\Users\User\OneDrive\Documents\EasyEDA-Pro\logs
[2026-09-14 15:48:17] [WARN] [INIT] auto clear log: C:\Users\User\OneDrive\Documents\EasyEDA-Pro\logs
[2026-09-14 15:49:17] [WARN] [INIT] auto clear log: C:\Users\User\OneDrive\Documents\EasyEDA-Pro\logs
[2026-09-14 15:50:17] [WARN] [INIT] auto clear log: C:\Users\User\OneDrive\Documents\EasyEDA-Pro\logs
[2026-09-14 15:51:17] [WARN] [INIT] auto clear log: C:\Users\User\OneDrive\Documents\EasyEDA-Pro\logs
[2026-09-14 15:52:17] [WARN] [INIT] auto clear log: C:\Users\User\OneDrive\Documents\EasyEDA-Pro\logs
[2026-09-14 15:53:17] [WARN] [INIT] auto clear log: C:\Users\User\OneDrive\Documents\EasyEDA-Pro\logs
[2026-09-14 15:54:17] [WARN] [INIT] auto clear log: C:\Users\User\OneDrive\Documents\EasyEDA-Pro\logs
[2026-09-14 15:55:17] [WARN] [INIT] auto clear log: C:\Users\User\OneDrive\Documents\EasyEDA-Pro\logs
[2026-09-14 15:56:17] [WARN] [INIT] auto clear log: C:\Users\User\OneDrive\Documents\EasyEDA-Pro\logs
[2026-09-14 15:57:17] [WARN] [INIT] auto clear log: C:\Users\User\OneDrive\Documents\EasyEDA-Pro\logs
[2026-09-14 15:58:17] [WARN] [INIT] auto clear log: C:\Users\User\OneDrive\Documents\EasyEDA-Pro\logs
[2026-09-14 15:59:17] [WARN] [INIT] auto clear log: C:\Users\User\OneDrive\Documents\EasyEDA-Pro\logs
[2026-09-14 16:00:17] [WARN] [INIT] auto clear log: C:\Users\User\OneDrive\Documents\EasyEDA-Pro\logs
[2026-09-14 16:01:17] [WARN] [INIT] auto clear log: C:\Users\User\OneDrive\Documents\EasyEDA-Pro\logs
[2026-09-14 16:02:17] [WARN] [INIT] auto clear log: C:\Users\User\OneDrive\Documents\EasyEDA-Pro\logs
[2026-09-14 16:03:17] [WARN] [INIT] auto clear log: C:\Users\User\OneDrive\Documents\EasyEDA-Pro\logs
[2026-09-14 16:04:17] [WARN] [INIT] auto clear log: C:\Users\User\OneDrive\Documents\EasyEDA-Pro\logs
[2026-09-14 16:05:17] [WARN] [INIT] auto clear log: C:\Users\User\OneDrive\Documents\EasyEDA-Pro\logs
[2026-09-14 16:06:17] [WARN] [INIT] auto clear log: C:\Users\User\OneDrive\Documents\EasyEDA-Pro\logs
[2026-09-14 16:07:17] [WARN] [INIT] auto clear log: C:\Users\User\OneDrive\Documents\EasyEDA-Pro\logs
[2026-09-14 16:08:17] [WARN] [INIT] auto clear log: C:\Users\User\OneDrive\Documents\EasyEDA-Pro\logs
[2026-09-14 16:09:17] [WARN] [INIT] auto clear log: C:\Users\User\OneDrive\Documents\EasyEDA-Pro\logs
[2026-09-14 16:10:17] [WARN] [INIT] auto clear log: C:\Users\User\OneDrive\Documents\EasyEDA-Pro\logs
[2026-09-14 16:11:17] [WARN] [INIT] auto clear log: C:\Users\User\OneDrive\Documents\EasyEDA-Pro\logs
[2026-09-14 16:12:17] [WARN] [INIT] auto clear log: C:\Users\User\OneDrive\Documents\EasyEDA-Pro\logs
[2026-09-14 16:13:17] [WARN] [INIT] auto clear log: C:\Users\User\OneDrive\Documents\EasyEDA-Pro\logs
[2026-09-14 16:14:17] [WARN] [INIT] auto clear log: C:\Users\User\OneDrive\Documents\EasyEDA-Pro\logs
[2026-09-14 16:15:17] [WARN] [INIT] auto clear log: C:\Users\User\OneDrive\Documents\EasyEDA-Pro\logs
[2026-09-14 16:16:17] [WARN] [INIT] auto clear log: C:\Users\User\OneDrive\Documents\EasyEDA-Pro\logs
[2026-09-14 16:17:17] [WARN] [INIT] auto clear log: C:\Users\User\OneDrive\Documents\EasyEDA-Pro\logs
[2026-09-14 16:18:17] [WARN] [INIT] auto clear log: C:\Users\User\OneDrive\Documents\EasyEDA-Pro\logs
[2026-09-14 16:19:17] [WARN] [INIT] auto clear log: C:\Users\User\OneDrive\Documents\EasyEDA-Pro\logs
[2026-09-14 16:20:17] [WARN] [INIT] auto clear log: C:\Users\User\OneDrive\Documents\EasyEDA-Pro\logs
[2026-09-14 16:21:17] [WARN] [INIT] auto clear log: C:\Users\User\OneDrive\Documents\EasyEDA-Pro\logs
[2026-09-14 16:22:17] [WARN] [INIT] auto clear log: C:\Users\User\OneDrive\Documents\EasyEDA-Pro\logs
[2026-09-14 16:23:17] [WARN] [INIT] auto clear log: C:\Users\User\OneDrive\Documents\EasyEDA-Pro\logs
[2026-09-14 16:24:17] [WARN] [INIT] auto clear log: C:\Users\User\OneDrive\Documents\EasyEDA-Pro\logs
[2026-09-14 16:25:17] [WARN] [INIT] auto clear log: C:\Users\User\OneDrive\Documents\EasyEDA-Pro\logs
[2026-09-14 16:26:17] [WARN] [INIT] auto clear log: C:\Users\User\OneDrive\Documents\EasyEDA-Pro\logs
[2026-09-14 16:27:17] [WARN] [INIT] auto clear log: C:\Users\User\OneDrive\Documents\EasyEDA-Pro\logs
[2026-09-14 16:28:17] [WARN] [INIT] auto clear log: C:\Users\User\OneDrive\Documents\EasyEDA-Pro\logs
[2026-09-14 16:29:17] [WARN] [INIT] auto clear log: C:\Users\User\OneDrive\Documents\EasyEDA-Pro\logs
[2026-09-14 16:30:17] [WARN] [INIT] auto clear log: C:\Users\User\OneDrive\Documents\EasyEDA-Pro\logs
[2026-09-14 16:31:17] [WARN] [INIT] auto clear log: C:\Users\User\OneDrive\Documents\EasyEDA-Pro\logs
[2026-09-14 16:32:17] [WARN] [INIT] auto clear log: C:\Users\User\OneDrive\Documents\EasyEDA-Pro\logs
[2026-09-14 16:33:17] [WARN] [INIT] auto clear log: C:\Users\User\OneDrive\Documents\EasyEDA-Pro\logs
[2026-09-14 16:34:17] [WARN] [INIT] auto clear log: C:\Users\User\OneDrive\Documents\EasyEDA-Pro\logs
[2026-09-14 16:35:17] [WARN] [INIT] auto clear log: C:\Users\User\OneDrive\Documents\EasyEDA-Pro\logs
[2026-09-14 16:36:17] [WARN] [INIT] auto clear log: C:\Users\User\OneDrive\Documents\EasyEDA-Pro\logs
[2026-09-14 16:37:17] [WARN] [INIT] auto clear log: C:\Users\User\OneDrive\Documents\EasyEDA-Pro\logs
[2026-09-14 16:38:17] [WARN] [INIT] auto clear log: C:\Users\User\OneDrive\Documents\EasyEDA-Pro\logs
[2026-09-14 16:39:17] [WARN] [INIT] auto clear log: C:\Users\User\OneDrive\Documents\EasyEDA-Pro\logs
[2026-09-14 16:40:17] [WARN] [INIT] auto clear log: C:\Users\User\OneDrive\Documents\EasyEDA-Pro\logs
[2026-09-14 16:41:17] [WARN] [INIT] auto clear log: C:\Users\User\OneDrive\Documents\EasyEDA-Pro\logs
[2026-09-14 16:42:17] [WARN] [INIT] auto clear log: C:\Users\User\OneDrive\Documents\EasyEDA-Pro\logs
[2026-09-14 16:43:17] [WARN] [INIT] auto clear log: C:\Users\User\OneDrive\Documents\EasyEDA-Pro\logs
[2026-09-14 16:44:17] [WARN] [INIT] auto clear log: C:\Users\User\OneDrive\Documents\EasyEDA-Pro\logs
[2026-09-14 16:45:17] [WARN] [INIT] auto clear log: C:\Users\User\OneDrive\Documents\EasyEDA-Pro\logs
[2026-09-14 16:46:17] [WARN] [INIT] auto clear log: C:\Users\User\OneDrive\Documents\EasyEDA-Pro\logs
[2026-09-14 16:47:17] [WARN] [INIT] auto clear log: C:\Users\User\OneDrive\Documents\EasyEDA-Pro\logs
[2026-09-14 16:48:17] [WARN] [INIT] auto clear log: C:\Users\User\OneDrive\Documents\EasyEDA-Pro\logs
[2026-09-14 16:49:17] [WARN] [INIT] auto clear log: C:\Users\User\OneDrive\Documents\EasyEDA-Pro\logs
[2026-09-14 16:50:17] [WARN] [INIT] auto clear log: C:\Users\User\OneDrive\Documents\EasyEDA-Pro\logs
[2026-09-14 16:51:17] [WARN] [INIT] auto clear log: C:\Users\User\OneDrive\Documents\EasyEDA-Pro\logs
[2026-09-14 16:52:12] [ERROR] [SERVER] [X-LC-ID-lfPmBwMKekL/AA==] {"code":"ECONNRESET"}
[2026-09-14 16:52:17] [WARN] [INIT] auto clear log: C:\Users\User\OneDrive\Documents\EasyEDA-Pro\logs
[2026-09-14 16:53:17] [WARN] [INIT] auto clear log: C:\Users\User\OneDrive\Documents\EasyEDA-Pro\logs
[2026-09-14 16:54:17] [WARN] [INIT] auto clear log: C:\Users\User\OneDrive\Documents\EasyEDA-Pro\logs
[2026-09-14 16:55:17] [WARN] [INIT] auto clear log: C:\Users\User\OneDrive\Documents\EasyEDA-Pro\logs
[2026-09-14 16:56:17] [WARN] [INIT] auto clear log: C:\Users\User\OneDrive\Documents\EasyEDA-Pro\logs
[2026-09-14 16:57:17] [WARN] [INIT] auto clear log: C:\Users\User\OneDrive\Documents\EasyEDA-Pro\logs
[2026-09-14 16:58:17] [WARN] [INIT] auto clear log: C:\Users\User\OneDrive\Documents\EasyEDA-Pro\logs
[2026-09-14 16:59:17] [WARN] [INIT] auto clear log: C:\Users\User\OneDrive\Documents\EasyEDA-Pro\logs
[2026-09-14 17:00:17] [WARN] [INIT] auto clear log: C:\Users\User\OneDrive\Documents\EasyEDA-Pro\logs
[2026-09-14 17:01:17] [WARN] [INIT] auto clear log: C:\Users\User\OneDrive\Documents\EasyEDA-Pro\logs
[2026-09-14 17:02:17] [WARN] [INIT] auto clear log: C:\Users\User\OneDrive\Documents\EasyEDA-Pro\logs
[2026-09-14 17:03:17] [WARN] [INIT] auto clear log: C:\Users\User\OneDrive\Documents\EasyEDA-Pro\logs
[2026-09-14 17:04:17] [WARN] [INIT] auto clear log: C:\Users\User\OneDrive\Documents\EasyEDA-Pro\logs
[2026-09-14 17:05:17] [WARN] [INIT] auto clear log: C:\Users\User\OneDrive\Documents\EasyEDA-Pro\logs
[2026-09-14 17:06:17] [WARN] [INIT] auto clear log: C:\Users\User\OneDrive\Documents\EasyEDA-Pro\logs
[2026-09-14 17:07:17] [WARN] [INIT] auto clear log: C:\Users\User\OneDrive\Documents\EasyEDA-Pro\logs
[2026-09-14 17:08:17] [WARN] [INIT] auto clear log: C:\Users\User\OneDrive\Documents\EasyEDA-Pro\logs
[2026-09-14 17:09:17] [WARN] [INIT] auto clear log: C:\Users\User\OneDrive\Documents\EasyEDA-Pro\logs
[2026-09-14 17:10:17] [WARN] [INIT] auto clear log: C:\Users\User\OneDrive\Documents\EasyEDA-Pro\logs
[2026-09-14 17:11:17] [WARN] [INIT] auto clear log: C:\Users\User\OneDrive\Documents\EasyEDA-Pro\logs
[2026-09-14 17:12:17] [WARN] [INIT] auto clear log: C:\Users\User\OneDrive\Documents\EasyEDA-Pro\logs
[2026-09-14 17:13:17] [WARN] [INIT] auto clear log: C:\Users\User\OneDrive\Documents\EasyEDA-Pro\logs
[2026-09-14 17:14:17] [WARN] [INIT] auto clear log: C:\Users\User\OneDrive\Documents\EasyEDA-Pro\logs
[2026-09-14 17:15:17] [WARN] [INIT] auto clear log: C:\Users\User\OneDrive\Documents\EasyEDA-Pro\logs
[2026-09-14 17:16:17] [WARN] [INIT] auto clear log: C:\Users\User\OneDrive\Documents\EasyEDA-Pro\logs
[2026-09-14 17:17:17] [WARN] [INIT] auto clear log: C:\Users\User\OneDrive\Documents\EasyEDA-Pro\logs
[2026-09-14 17:18:17] [WARN] [INIT] auto clear log: C:\Users\User\OneDrive\Documents\EasyEDA-Pro\logs
[2026-09-14 17:19:17] [WARN] [INIT] auto clear log: C:\Users\User\OneDrive\Documents\EasyEDA-Pro\logs
[2026-09-14 17:20:17] [WARN] [INIT] auto clear log: C:\Users\User\OneDrive\Documents\EasyEDA-Pro\logs
[2026-09-14 17:21:17] [WARN] [INIT] auto clear log: C:\Users\User\OneDrive\Documents\EasyEDA-Pro\logs
[2026-09-14 17:22:17] [WARN] [INIT] auto clear log: C:\Users\User\OneDrive\Documents\EasyEDA-Pro\logs
[2026-09-14 17:23:17] [WARN] [INIT] auto clear log: C:\Users\User\OneDrive\Documents\EasyEDA-Pro\logs
[2026-09-14 17:24:17] [WARN] [INIT] auto clear log: C:\Users\User\OneDrive\Documents\EasyEDA-Pro\logs
[2026-09-14 17:25:17] [WARN] [INIT] auto clear log: C:\Users\User\OneDrive\Documents\EasyEDA-Pro\logs
[2026-09-14 17:26:17] [WARN] [INIT] auto clear log: C:\Users\User\OneDrive\Documents\EasyEDA-Pro\logs
[2026-09-14 17:27:17] [WARN] [INIT] auto clear log: C:\Users\User\OneDrive\Documents\EasyEDA-Pro\logs
[2026-09-14 17:28:17] [WARN] [INIT] auto clear log: C:\Users\User\OneDrive\Documents\EasyEDA-Pro\logs
[2026-09-14 17:29:17] [WARN] [INIT] auto clear log: C:\Users\User\OneDrive\Documents\EasyEDA-Pro\logs
[2026-09-14 17:30:17] [WARN] [INIT] auto clear log: C:\Users\User\OneDrive\Documents\EasyEDA-Pro\logs
[2026-09-14 17:31:17] [WARN] [INIT] auto clear log: C:\Users\User\OneDrive\Documents\EasyEDA-Pro\logs
[2026-09-14 17:32:17] [WARN] [INIT] auto clear log: C:\Users\User\OneDrive\Documents\EasyEDA-Pro\logs
[2026-09-14 17:33:17] [WARN] [INIT] auto clear log: C:\Users\User\OneDrive\Documents\EasyEDA-Pro\logs
[2026-09-14 17:34:17] [WARN] [INIT] auto clear log: C:\Users\User\OneDrive\Documents\EasyEDA-Pro\logs
[2026-09-14 17:35:17] [WARN] [INIT] auto clear log: C:\Users\User\OneDrive\Documents\EasyEDA-Pro\logs
[2026-09-14 17:36:17] [WARN] [INIT] auto clear log: C:\Users\User\OneDrive\Documents\EasyEDA-Pro\logs
[2026-09-14 17:37:17] [WARN] [INIT] auto clear log: C:\Users\User\OneDrive\Documents\EasyEDA-Pro\logs
[2026-09-14 17:38:17] [WARN] [INIT] auto clear log: C:\Users\User\OneDrive\Documents\EasyEDA-Pro\logs
[2026-09-14 17:39:17] [WARN] [INIT] auto clear log: C:\Users\User\OneDrive\Documents\EasyEDA-Pro\logs
[2026-09-14 17:40:17] [WARN] [INIT] auto clear log: C:\Users\User\OneDrive\Documents\EasyEDA-Pro\logs
[2026-09-14 17:41:17] [WARN] [INIT] auto clear log: C:\Users\User\OneDrive\Documents\EasyEDA-Pro\logs
[2026-09-14 17:42:17] [WARN] [INIT] auto clear log: C:\Users\User\OneDrive\Documents\EasyEDA-Pro\logs
[2026-09-14 17:43:17] [WARN] [INIT] auto clear log: C:\Users\User\OneDrive\Documents\EasyEDA-Pro\logs
[2026-09-14 17:44:17] [WARN] [INIT] auto clear log: C:\Users\User\OneDrive\Documents\EasyEDA-Pro\logs
[2026-09-14 17:45:17] [WARN] [INIT] auto clear log: C:\Users\User\OneDrive\Documents\EasyEDA-Pro\logs
[2026-09-14 17:46:17] [WARN] [INIT] auto clear log: C:\Users\User\OneDrive\Documents\EasyEDA-Pro\logs
[2026-09-14 17:47:17] [WARN] [INIT] auto clear log: C:\Users\User\OneDrive\Documents\EasyEDA-Pro\logs
[2026-09-14 17:48:17] [WARN] [INIT] auto clear log: C:\Users\User\OneDrive\Documents\EasyEDA-Pro\logs
[2026-09-14 17:49:17] [WARN] [INIT] auto clear log: C:\Users\User\OneDrive\Documents\EasyEDA-Pro\logs
[2026-09-14 17:50:18] [WARN] [INIT] auto clear log: C:\Users\User\OneDrive\Documents\EasyEDA-Pro\logs
[2026-09-14 17:51:18] [WARN] [INIT] auto clear log: C:\Users\User\OneDrive\Documents\EasyEDA-Pro\logs
[2026-09-14 17:52:18] [WARN] [INIT] auto clear log: C:\Users\User\OneDrive\Documents\EasyEDA-Pro\logs
[2026-09-14 17:53:18] [WARN] [INIT] auto clear log: C:\Users\User\OneDrive\Documents\EasyEDA-Pro\logs
[2026-09-14 17:54:18] [WARN] [INIT] auto clear log: C:\Users\User\OneDrive\Documents\EasyEDA-Pro\logs
[2026-09-14 17:55:18] [WARN] [INIT] auto clear log: C:\Users\User\OneDrive\Documents\EasyEDA-Pro\logs
[2026-09-14 17:56:18] [WARN] [INIT] auto clear log: C:\Users\User\OneDrive\Documents\EasyEDA-Pro\logs
[2026-09-14 17:57:18] [WARN] [INIT] auto clear log: C:\Users\User\OneDrive\Documents\EasyEDA-Pro\logs
[2026-09-14 17:58:18] [WARN] [INIT] auto clear log: C:\Users\User\OneDrive\Documents\EasyEDA-Pro\logs
[2026-09-14 17:59:18] [WARN] [INIT] auto clear log: C:\Users\User\OneDrive\Documents\EasyEDA-Pro\logs
[2026-09-14 18:00:18] [WARN] [INIT] auto clear log: C:\Users\User\OneDrive\Documents\EasyEDA-Pro\logs
[2026-09-14 18:01:18] [WARN] [INIT] auto clear log: C:\Users\User\OneDrive\Documents\EasyEDA-Pro\logs
[2026-09-14 18:02:18] [WARN] [INIT] auto clear log: C:\Users\User\OneDrive\Documents\EasyEDA-Pro\logs
[2026-09-14 18:03:18] [WARN] [INIT] auto clear log: C:\Users\User\OneDrive\Documents\EasyEDA-Pro\logs
[2026-09-14 18:04:18] [WARN] [INIT] auto clear log: C:\Users\User\OneDrive\Documents\EasyEDA-Pro\logs
[2026-09-14 18:05:18] [WARN] [INIT] auto clear log: C:\Users\User\OneDrive\Documents\EasyEDA-Pro\logs
[2026-09-14 18:06:18] [WARN] [INIT] auto clear log: C:\Users\User\OneDrive\Documents\EasyEDA-Pro\logs
[2026-09-14 18:07:18] [WARN] [INIT] auto clear log: C:\Users\User\OneDrive\Documents\EasyEDA-Pro\logs
[2026-09-14 18:08:18] [WARN] [INIT] auto clear log: C:\Users\User\OneDrive\Documents\EasyEDA-Pro\logs
[2026-09-14 18:09:18] [WARN] [INIT] auto clear log: C:\Users\User\OneDrive\Documents\EasyEDA-Pro\logs
[2026-09-14 18:10:18] [WARN] [INIT] auto clear log: C:\Users\User\OneDrive\Documents\EasyEDA-Pro\logs
[2026-09-14 18:11:18] [WARN] [INIT] auto clear log: C:\Users\User\OneDrive\Documents\EasyEDA-Pro\logs
[2026-09-14 18:12:18] [WARN] [INIT] auto clear log: C:\Users\User\OneDrive\Documents\EasyEDA-Pro\logs
[2026-09-14 18:13:18] [WARN] [INIT] auto clear log: C:\Users\User\OneDrive\Documents\EasyEDA-Pro\logs
[2026-09-14 18:14:18] [WARN] [INIT] auto clear log: C:\Users\User\OneDrive\Documents\EasyEDA-Pro\logs
[2026-09-14 18:15:18] [WARN] [INIT] auto clear log: C:\Users\User\OneDrive\Documents\EasyEDA-Pro\logs
[2026-09-14 18:16:18] [WARN] [INIT] auto clear log: C:\Users\User\OneDrive\Documents\EasyEDA-Pro\logs
[2026-09-14 18:58:40] [WARN] [INIT] auto clear log: C:\Users\User\OneDrive\Documents\EasyEDA-Pro\logs
[2026-09-14 18:59:40] [WARN] [INIT] auto clear log: C:\Users\User\OneDrive\Documents\EasyEDA-Pro\logs
[2026-09-14 19:00:40] [WARN] [INIT] auto clear log: C:\Users\User\OneDrive\Documents\EasyEDA-Pro\logs
[2026-09-14 19:01:40] [WARN] [INIT] auto clear log: C:\Users\User\OneDrive\Documents\EasyEDA-Pro\logs
[2026-09-14 19:02:40] [WARN] [INIT] auto clear log: C:\Users\User\OneDrive\Documents\EasyEDA-Pro\logs
[2026-09-14 19:03:40] [WARN] [INIT] auto clear log: C:\Users\User\OneDrive\Documents\EasyEDA-Pro\logs
[2026-09-14 19:04:40] [WARN] [INIT] auto clear log: C:\Users\User\OneDrive\Documents\EasyEDA-Pro\logs
[2026-09-14 19:05:40] [WARN] [INIT] auto clear log: C:\Users\User\OneDrive\Documents\EasyEDA-Pro\logs
[2026-09-14 19:06:40] [WARN] [INIT] auto clear log: C:\Users\User\OneDrive\Documents\EasyEDA-Pro\logs
[2026-09-14 19:07:40] [WARN] [INIT] auto clear log: C:\Users\User\OneDrive\Documents\EasyEDA-Pro\logs
[2026-09-14 19:08:40] [WARN] [INIT] auto clear log: C:\Users\User\OneDrive\Documents\EasyEDA-Pro\logs
[2026-09-14 19:09:40] [WARN] [INIT] auto clear log: C:\Users\User\OneDrive\Documents\EasyEDA-Pro\logs
[2026-09-14 19:10:40] [WARN] [INIT] auto clear log: C:\Users\User\OneDrive\Documents\EasyEDA-Pro\logs
[2026-09-14 19:11:40] [WARN] [INIT] auto clear log: C:\Users\User\OneDrive\Documents\EasyEDA-Pro\logs
[2026-09-14 19:12:40] [WARN] [INIT] auto clear log: C:\Users\User\OneDrive\Documents\EasyEDA-Pro\logs
[2026-09-14 19:13:40] [WARN] [INIT] auto clear log: C:\Users\User\OneDrive\Documents\EasyEDA-Pro\logs
[2026-09-14 19:57:22] [WARN] [INIT] auto clear log: C:\Users\User\OneDrive\Documents\EasyEDA-Pro\logs
[2026-09-14 19:58:22] [WARN] [INIT] auto clear log: C:\Users\User\OneDrive\Documents\EasyEDA-Pro\logs
[2026-09-14 19:59:22] [WARN] [INIT] auto clear log: C:\Users\User\OneDrive\Documents\EasyEDA-Pro\logs
[2026-09-14 20:00:22] [WARN] [INIT] auto clear log: C:\Users\User\OneDrive\Documents\EasyEDA-Pro\logs
[2026-09-14 20:01:22] [WARN] [INIT] auto clear log: C:\Users\User\OneDrive\Documents\EasyEDA-Pro\logs
[2026-09-14 20:02:22] [WARN] [INIT] auto clear log: C:\Users\User\OneDrive\Documents\EasyEDA-Pro\logs
[2026-09-14 20:03:22] [WARN] [INIT] auto clear log: C:\Users\User\OneDrive\Documents\EasyEDA-Pro\logs
[2026-09-14 20:04:22] [WARN] [INIT] auto clear log: C:\Users\User\OneDrive\Documents\EasyEDA-Pro\logs
[2026-09-14 20:05:22] [WARN] [INIT] auto clear log: C:\Users\User\OneDrive\Documents\EasyEDA-Pro\logs
[2026-09-14 20:06:22] [WARN] [INIT] auto clear log: C:\Users\User\OneDrive\Documents\EasyEDA-Pro\logs
[2026-09-14 20:07:22] [WARN] [INIT] auto clear log: C:\Users\User\OneDrive\Documents\EasyEDA-Pro\logs
[2026-09-14 20:08:22] [WARN] [INIT] auto clear log: C:\Users\User\OneDrive\Documents\EasyEDA-Pro\logs
[2026-09-14 20:09:22] [WARN] [INIT] auto clear log: C:\Users\User\OneDrive\Documents\EasyEDA-Pro\logs
[2026-09-14 20:10:22] [WARN] [INIT] auto clear log: C:\Users\User\OneDrive\Documents\EasyEDA-Pro\logs
[2026-09-14 20:11:22] [WARN] [INIT] auto clear log: C:\Users\User\OneDrive\Documents\EasyEDA-Pro\logs
[2026-09-14 20:12:22] [WARN] [INIT] auto clear log: C:\Users\User\OneDrive\Documents\EasyEDA-Pro\logs
[2026-09-14 20:13:22] [WARN] [INIT] auto clear log: C:\Users\User\OneDrive\Documents\EasyEDA-Pro\logs
[2026-09-14 20:14:22] [WARN] [INIT] auto clear log: C:\Users\User\OneDrive\Documents\EasyEDA-Pro\logs
[2026-09-14 20:15:22] [WARN] [INIT] auto clear log: C:\Users\User\OneDrive\Documents\EasyEDA-Pro\logs
[2026-09-14 20:16:22] [WARN] [INIT] auto clear log: C:\Users\User\OneDrive\Documents\EasyEDA-Pro\logs
[2026-09-14 20:17:22] [WARN] [INIT] auto clear log: C:\Users\User\OneDrive\Documents\EasyEDA-Pro\logs
[2026-09-14 20:18:22] [WARN] [INIT] auto clear log: C:\Users\User\OneDrive\Documents\EasyEDA-Pro\logs
[2026-09-14 20:19:22] [WARN] [INIT] auto clear log: C:\Users\User\OneDrive\Documents\EasyEDA-Pro\logs
[2026-09-14 20:20:22] [WARN] [INIT] auto clear log: C:\Users\User\OneDrive\Documents\EasyEDA-Pro\logs
[2026-09-14 20:21:22] [WARN] [INIT] auto clear log: C:\Users\User\OneDrive\Documents\EasyEDA-Pro\logs
[2026-09-14 20:22:22] [WARN] [INIT] auto clear log: C:\Users\User\OneDrive\Documents\EasyEDA-Pro\logs
[2026-09-14 20:23:22] [WARN] [INIT] auto clear log: C:\Users\User\OneDrive\Documents\EasyEDA-Pro\logs
[2026-09-14 20:24:22] [WARN] [INIT] auto clear log: C:\Users\User\OneDrive\Documents\EasyEDA-Pro\logs
[2026-09-14 20:25:22] [WARN] [INIT] auto clear log: C:\Users\User\OneDrive\Documents\EasyEDA-Pro\logs
[2026-09-14 20:26:22] [WARN] [INIT] auto clear log: C:\Users\User\OneDrive\Documents\EasyEDA-Pro\logs
[2026-09-14 20:27:22] [WARN] [INIT] auto clear log: C:\Users\User\OneDrive\Documents\EasyEDA-Pro\logs
[2026-09-14 20:28:22] [WARN] [INIT] auto clear log: C:\Users\User\OneDrive\Documents\EasyEDA-Pro\logs
[2026-09-14 20:29:22] [WARN] [INIT] auto clear log: C:\Users\User\OneDrive\Documents\EasyEDA-Pro\logs
[2026-09-14 20:30:22] [WARN] [INIT] auto clear log: C:\Users\User\OneDrive\Documents\EasyEDA-Pro\logs
[2026-09-14 20:31:22] [WARN] [INIT] auto clear log: C:\Users\User\OneDrive\Documents\EasyEDA-Pro\logs
[2026-09-14 20:32:22] [WARN] [INIT] auto clear log: C:\Users\User\OneDrive\Documents\EasyEDA-Pro\logs
[2026-09-14 20:33:22] [WARN] [INIT] auto clear log: C:\Users\User\OneDrive\Documents\EasyEDA-Pro\logs
[2026-09-14 20:34:22] [WARN] [INIT] auto clear log: C:\Users\User\OneDrive\Documents\EasyEDA-Pro\logs
[2026-09-14 20:35:23] [WARN] [INIT] auto clear log: C:\Users\User\OneDrive\Documents\EasyEDA-Pro\logs
[2026-09-14 20:36:23] [WARN] [INIT] auto clear log: C:\Users\User\OneDrive\Documents\EasyEDA-Pro\logs
