[2026-09-16 07:36:09] [ERROR] unhandledRejection {}
[2026-09-16 07:36:09] [ERROR] unhandledRejection {}
[2026-09-16 07:36:14] [ERROR] unhandledRejection {}
[2026-09-16 07:37:02] [WARN] [INIT] auto clear log: C:\Users\User\OneDrive\Documents\EasyEDA-Pro\logs
[2026-09-16 07:38:02] [WARN] [INIT] auto clear log: C:\Users\User\OneDrive\Documents\EasyEDA-Pro\logs
[2026-09-16 07:39:02] [WARN] [INIT] auto clear log: C:\Users\User\OneDrive\Documents\EasyEDA-Pro\logs
[2026-09-16 07:40:02] [WARN] [INIT] auto clear log: C:\Users\User\OneDrive\Documents\EasyEDA-Pro\logs
[2026-09-16 07:41:02] [WARN] [INIT] auto clear log: C:\Users\User\OneDrive\Documents\EasyEDA-Pro\logs
[2026-09-16 07:42:02] [WARN] [INIT] auto clear log: C:\Users\User\OneDrive\Documents\EasyEDA-Pro\logs
[2026-09-16 07:43:02] [WARN] [INIT] auto clear log: C:\Users\User\OneDrive\Documents\EasyEDA-Pro\logs
[2026-09-16 07:44:02] [WARN] [INIT] auto clear log: C:\Users\User\OneDrive\Documents\EasyEDA-Pro\logs
[2026-09-16 07:45:02] [WARN] [INIT] auto clear log: C:\Users\User\OneDrive\Documents\EasyEDA-Pro\logs
[2026-09-16 07:46:02] [WARN] [INIT] auto clear log: C:\Users\User\OneDrive\Documents\EasyEDA-Pro\logs
[2026-09-16 07:47:02] [WARN] [INIT] auto clear log: C:\Users\User\OneDrive\Documents\EasyEDA-Pro\logs
[2026-09-16 07:48:02] [WARN] [INIT] auto clear log: C:\Users\User\OneDrive\Documents\EasyEDA-Pro\logs
[2026-09-16 07:49:02] [WARN] [INIT] auto clear log: C:\Users\User\OneDrive\Documents\EasyEDA-Pro\logs
[2026-09-16 07:50:02] [WARN] [INIT] auto clear log: C:\Users\User\OneDrive\Documents\EasyEDA-Pro\logs
[2026-09-16 07:51:02] [WARN] [INIT] auto clear log: C:\Users\User\OneDrive\Documents\EasyEDA-Pro\logs
[2026-09-16 07:52:02] [WARN] [INIT] auto clear log: C:\Users\User\OneDrive\Documents\EasyEDA-Pro\logs
[2026-09-16 07:53:02] [WARN] [INIT] auto clear log: C:\Users\User\OneDrive\Documents\EasyEDA-Pro\logs
[2026-09-16 07:54:02] [WARN] [INIT] auto clear log: C:\Users\User\OneDrive\Documents\EasyEDA-Pro\logs
[2026-09-16 07:55:02] [WARN] [INIT] auto clear log: C:\Users\User\OneDrive\Documents\EasyEDA-Pro\logs
[2026-09-16 07:56:02] [WARN] [INIT] auto clear log: C:\Users\User\OneDrive\Documents\EasyEDA-Pro\logs
[2026-09-16 07:57:02] [WARN] [INIT] auto clear log: C:\Users\User\OneDrive\Documents\EasyEDA-Pro\logs
[2026-09-16 07:58:02] [WARN] [INIT] auto clear log: C:\Users\User\OneDrive\Documents\EasyEDA-Pro\logs
[2026-09-16 07:59:02] [WARN] [INIT] auto clear log: C:\Users\User\OneDrive\Documents\EasyEDA-Pro\logs
[2026-09-16 08:00:02] [WARN] [INIT] auto clear log: C:\Users\User\OneDrive\Documents\EasyEDA-Pro\logs
[2026-09-16 08:01:02] [WARN] [INIT] auto clear log: C:\Users\User\OneDrive\Documents\EasyEDA-Pro\logs
[2026-09-16 08:02:02] [WARN] [INIT] auto clear log: C:\Users\User\OneDrive\Documents\EasyEDA-Pro\logs
[2026-09-16 08:03:02] [WARN] [INIT] auto clear log: C:\Users\User\OneDrive\Documents\EasyEDA-Pro\logs
[2026-09-16 08:04:02] [WARN] [INIT] auto clear log: C:\Users\User\OneDrive\Documents\EasyEDA-Pro\logs
[2026-09-16 08:05:02] [WARN] [INIT] auto clear log: C:\Users\User\OneDrive\Documents\EasyEDA-Pro\logs
[2026-09-16 08:06:02] [WARN] [INIT] auto clear log: C:\Users\User\OneDrive\Documents\EasyEDA-Pro\logs
[2026-09-16 08:07:02] [WARN] [INIT] auto clear log: C:\Users\User\OneDrive\Documents\EasyEDA-Pro\logs
[2026-09-16 08:08:02] [WARN] [INIT] auto clear log: C:\Users\User\OneDrive\Documents\EasyEDA-Pro\logs
[2026-09-16 08:09:02] [WARN] [INIT] auto clear log: C:\Users\User\OneDrive\Documents\EasyEDA-Pro\logs
[2026-09-16 08:10:02] [WARN] [INIT] auto clear log: C:\Users\User\OneDrive\Documents\EasyEDA-Pro\logs
[2026-09-16 08:11:02] [WARN] [INIT] auto clear log: C:\Users\User\OneDrive\Documents\EasyEDA-Pro\logs
[2026-09-16 08:12:02] [WARN] [INIT] auto clear log: C:\Users\User\OneDrive\Documents\EasyEDA-Pro\logs
[2026-09-16 08:13:02] [WARN] [INIT] auto clear log: C:\Users\User\OneDrive\Documents\EasyEDA-Pro\logs
[2026-09-16 08:14:02] [WARN] [INIT] auto clear log: C:\Users\User\OneDrive\Documents\EasyEDA-Pro\logs
[2026-09-16 08:15:02] [WARN] [INIT] auto clear log: C:\Users\User\OneDrive\Documents\EasyEDA-Pro\logs
[2026-09-16 08:16:02] [WARN] [INIT] auto clear log: C:\Users\User\OneDrive\Documents\EasyEDA-Pro\logs
[2026-09-16 08:17:02] [WARN] [INIT] auto clear log: C:\Users\User\OneDrive\Documents\EasyEDA-Pro\logs
[2026-09-16 08:18:03] [WARN] [INIT] auto clear log: C:\Users\User\OneDrive\Documents\EasyEDA-Pro\logs
[2026-09-16 08:19:03] [WARN] [INIT] auto clear log: C:\Users\User\OneDrive\Documents\EasyEDA-Pro\logs
[2026-09-16 08:20:03] [WARN] [INIT] auto clear log: C:\Users\User\OneDrive\Documents\EasyEDA-Pro\logs
[2026-09-16 08:21:03] [WARN] [INIT] auto clear log: C:\Users\User\OneDrive\Documents\EasyEDA-Pro\logs
[2026-09-16 08:22:03] [WARN] [INIT] auto clear log: C:\Users\User\OneDrive\Documents\EasyEDA-Pro\logs
[2026-09-16 08:23:03] [WARN] [INIT] auto clear log: C:\Users\User\OneDrive\Documents\EasyEDA-Pro\logs
[2026-09-16 08:24:03] [WARN] [INIT] auto clear log: C:\Users\User\OneDrive\Documents\EasyEDA-Pro\logs
[2026-09-16 08:25:03] [WARN] [INIT] auto clear log: C:\Users\User\OneDrive\Documents\EasyEDA-Pro\logs
[2026-09-16 08:26:03] [WARN] [INIT] auto clear log: C:\Users\User\OneDrive\Documents\EasyEDA-Pro\logs
[2026-09-16 08:27:03] [WARN] [INIT] auto clear log: C:\Users\User\OneDrive\Documents\EasyEDA-Pro\logs
[2026-09-16 08:28:03] [WARN] [INIT] auto clear log: C:\Users\User\OneDrive\Documents\EasyEDA-Pro\logs
[2026-09-16 08:29:03] [WARN] [INIT] auto clear log: C:\Users\User\OneDrive\Documents\EasyEDA-Pro\logs
[2026-09-16 08:30:03] [WARN] [INIT] auto clear log: C:\Users\User\OneDrive\Documents\EasyEDA-Pro\logs
[2026-09-16 08:31:03] [WARN] [INIT] auto clear log: C:\Users\User\OneDrive\Documents\EasyEDA-Pro\logs
[2026-09-16 08:32:03] [WARN] [INIT] auto clear log: C:\Users\User\OneDrive\Documents\EasyEDA-Pro\logs
[2026-09-16 08:33:03] [WARN] [INIT] auto clear log: C:\Users\User\OneDrive\Documents\EasyEDA-Pro\logs
[2026-09-16 08:34:03] [WARN] [INIT] auto clear log: C:\Users\User\OneDrive\Documents\EasyEDA-Pro\logs
[2026-09-16 08:35:03] [WARN] [INIT] auto clear log: C:\Users\User\OneDrive\Documents\EasyEDA-Pro\logs
[2026-09-16 08:36:03] [WARN] [INIT] auto clear log: C:\Users\User\OneDrive\Documents\EasyEDA-Pro\logs
[2026-09-16 08:37:03] [WARN] [INIT] auto clear log: C:\Users\User\OneDrive\Documents\EasyEDA-Pro\logs
[2026-09-16 08:38:03] [WARN] [INIT] auto clear log: C:\Users\User\OneDrive\Documents\EasyEDA-Pro\logs
[2026-09-16 08:39:03] [WARN] [INIT] auto clear log: C:\Users\User\OneDrive\Documents\EasyEDA-Pro\logs
[2026-09-16 08:40:03] [WARN] [INIT] auto clear log: C:\Users\User\OneDrive\Documents\EasyEDA-Pro\logs
[2026-09-16 08:41:03] [WARN] [INIT] auto clear log: C:\Users\User\OneDrive\Documents\EasyEDA-Pro\logs
[2026-09-16 08:42:03] [WARN] [INIT] auto clear log: C:\Users\User\OneDrive\Documents\EasyEDA-Pro\logs
[2026-09-16 08:43:03] [WARN] [INIT] auto clear log: C:\Users\User\OneDrive\Documents\EasyEDA-Pro\logs
[2026-09-16 08:44:03] [WARN] [INIT] auto clear log: C:\Users\User\OneDrive\Documents\EasyEDA-Pro\logs
[2026-09-16 08:45:03] [WARN] [INIT] auto clear log: C:\Users\User\OneDrive\Documents\EasyEDA-Pro\logs
[2026-09-16 08:46:03] [WARN] [INIT] auto clear log: C:\Users\User\OneDrive\Documents\EasyEDA-Pro\logs
[2026-09-16 08:47:03] [WARN] [INIT] auto clear log: C:\Users\User\OneDrive\Documents\EasyEDA-Pro\logs
[2026-09-16 08:48:03] [WARN] [INIT] auto clear log: C:\Users\User\OneDrive\Documents\EasyEDA-Pro\logs
[2026-09-16 08:49:03] [WARN] [INIT] auto clear log: C:\Users\User\OneDrive\Documents\EasyEDA-Pro\logs
[2026-09-16 08:50:03] [WARN] [INIT] auto clear log: C:\Users\User\OneDrive\Documents\EasyEDA-Pro\logs
[2026-09-16 08:51:03] [WARN] [INIT] auto clear log: C:\Users\User\OneDrive\Documents\EasyEDA-Pro\logs
[2026-09-16 08:52:03] [WARN] [INIT] auto clear log: C:\Users\User\OneDrive\Documents\EasyEDA-Pro\logs
[2026-09-16 08:53:03] [WARN] [INIT] auto clear log: C:\Users\User\OneDrive\Documents\EasyEDA-Pro\logs
[2026-09-16 08:54:03] [WARN] [INIT] auto clear log: C:\Users\User\OneDrive\Documents\EasyEDA-Pro\logs
[2026-09-16 09:04:28] [WARN] [INIT] auto clear log: C:\Users\User\OneDrive\Documents\EasyEDA-Pro\logs
[2026-09-16 09:05:28] [WARN] [INIT] auto clear log: C:\Users\User\OneDrive\Documents\EasyEDA-Pro\logs
[2026-09-16 09:06:28] [WARN] [INIT] auto clear log: C:\Users\User\OneDrive\Documents\EasyEDA-Pro\logs
[2026-09-16 09:07:28] [WARN] [INIT] auto clear log: C:\Users\User\OneDrive\Documents\EasyEDA-Pro\logs
[2026-09-16 09:08:28] [WARN] [INIT] auto clear log: C:\Users\User\OneDrive\Documents\EasyEDA-Pro\logs
[2026-09-16 09:09:28] [WARN] [INIT] auto clear log: C:\Users\User\OneDrive\Documents\EasyEDA-Pro\logs
[2026-09-16 09:10:28] [WARN] [INIT] auto clear log: C:\Users\User\OneDrive\Documents\EasyEDA-Pro\logs
[2026-09-16 09:11:28] [WARN] [INIT] auto clear log: C:\Users\User\OneDrive\Documents\EasyEDA-Pro\logs
[2026-09-16 09:12:28] [WARN] [INIT] auto clear log: C:\Users\User\OneDrive\Documents\EasyEDA-Pro\logs
[2026-09-16 09:13:28] [WARN] [INIT] auto clear log: C:\Users\User\OneDrive\Documents\EasyEDA-Pro\logs
[2026-09-16 09:14:28] [WARN] [INIT] auto clear log: C:\Users\User\OneDrive\Documents\EasyEDA-Pro\logs
[2026-09-16 09:15:28] [WARN] [INIT] auto clear log: C:\Users\User\OneDrive\Documents\EasyEDA-Pro\logs
[2026-09-16 09:16:28] [WARN] [INIT] auto clear log: C:\Users\User\OneDrive\Documents\EasyEDA-Pro\logs
[2026-09-16 09:17:28] [WARN] [INIT] auto clear log: C:\Users\User\OneDrive\Documents\EasyEDA-Pro\logs
[2026-09-16 09:18:28] [WARN] [INIT] auto clear log: C:\Users\User\OneDrive\Documents\EasyEDA-Pro\logs
[2026-09-16 09:19:28] [WARN] [INIT] auto clear log: C:\Users\User\OneDrive\Documents\EasyEDA-Pro\logs
[2026-09-16 09:20:28] [WARN] [INIT] auto clear log: C:\Users\User\OneDrive\Documents\EasyEDA-Pro\logs
[2026-09-16 09:21:28] [WARN] [INIT] auto clear log: C:\Users\User\OneDrive\Documents\EasyEDA-Pro\logs
[2026-09-16 09:22:28] [WARN] [INIT] auto clear log: C:\Users\User\OneDrive\Documents\EasyEDA-Pro\logs
[2026-09-16 09:23:28] [WARN] [INIT] auto clear log: C:\Users\User\OneDrive\Documents\EasyEDA-Pro\logs
[2026-09-16 09:24:28] [WARN] [INIT] auto clear log: C:\Users\User\OneDrive\Documents\EasyEDA-Pro\logs
[2026-09-16 09:25:28] [WARN] [INIT] auto clear log: C:\Users\User\OneDrive\Documents\EasyEDA-Pro\logs
[2026-09-16 09:26:28] [WARN] [INIT] auto clear log: C:\Users\User\OneDrive\Documents\EasyEDA-Pro\logs
[2026-09-16 09:27:28] [WARN] [INIT] auto clear log: C:\Users\User\OneDrive\Documents\EasyEDA-Pro\logs
[2026-09-16 09:28:28] [WARN] [INIT] auto clear log: C:\Users\User\OneDrive\Documents\EasyEDA-Pro\logs
[2026-09-16 09:29:28] [WARN] [INIT] auto clear log: C:\Users\User\OneDrive\Documents\EasyEDA-Pro\logs
[2026-09-16 09:30:28] [WARN] [INIT] auto clear log: C:\Users\User\OneDrive\Documents\EasyEDA-Pro\logs
[2026-09-16 09:31:28] [WARN] [INIT] auto clear log: C:\Users\User\OneDrive\Documents\EasyEDA-Pro\logs
[2026-09-16 09:32:28] [WARN] [INIT] auto clear log: C:\Users\User\OneDrive\Documents\EasyEDA-Pro\logs
[2026-09-16 09:33:28] [WARN] [INIT] auto clear log: C:\Users\User\OneDrive\Documents\EasyEDA-Pro\logs
[2026-09-16 09:34:28] [WARN] [INIT] auto clear log: C:\Users\User\OneDrive\Documents\EasyEDA-Pro\logs
[2026-09-16 09:35:28] [WARN] [INIT] auto clear log: C:\Users\User\OneDrive\Documents\EasyEDA-Pro\logs
[2026-09-16 09:36:28] [WARN] [INIT] auto clear log: C:\Users\User\OneDrive\Documents\EasyEDA-Pro\logs
[2026-09-16 09:37:28] [WARN] [INIT] auto clear log: C:\Users\User\OneDrive\Documents\EasyEDA-Pro\logs
[2026-09-16 09:38:28] [WARN] [INIT] auto clear log: C:\Users\User\OneDrive\Documents\EasyEDA-Pro\logs
[2026-09-16 09:39:28] [WARN] [INIT] auto clear log: C:\Users\User\OneDrive\Documents\EasyEDA-Pro\logs
[2026-09-16 09:40:28] [WARN] [INIT] auto clear log: C:\Users\User\OneDrive\Documents\EasyEDA-Pro\logs
[2026-09-16 09:41:28] [WARN] [INIT] auto clear log: C:\Users\User\OneDrive\Documents\EasyEDA-Pro\logs
[2026-09-16 09:42:28] [WARN] [INIT] auto clear log: C:\Users\User\OneDrive\Documents\EasyEDA-Pro\logs
[2026-09-16 09:43:28] [WARN] [INIT] auto clear log: C:\Users\User\OneDrive\Documents\EasyEDA-Pro\logs
[2026-09-16 09:44:28] [WARN] [INIT] auto clear log: C:\Users\User\OneDrive\Documents\EasyEDA-Pro\logs
[2026-09-16 09:45:28] [WARN] [INIT] auto clear log: C:\Users\User\OneDrive\Documents\EasyEDA-Pro\logs
[2026-09-16 09:46:28] [WARN] [INIT] auto clear log: C:\Users\User\OneDrive\Documents\EasyEDA-Pro\logs
[2026-09-16 09:47:28] [WARN] [INIT] auto clear log: C:\Users\User\OneDrive\Documents\EasyEDA-Pro\logs
[2026-09-16 09:48:28] [WARN] [INIT] auto clear log: C:\Users\User\OneDrive\Documents\EasyEDA-Pro\logs
[2026-09-16 09:49:28] [WARN] [INIT] auto clear log: C:\Users\User\OneDrive\Documents\EasyEDA-Pro\logs
[2026-09-16 09:50:28] [WARN] [INIT] auto clear log: C:\Users\User\OneDrive\Documents\EasyEDA-Pro\logs
[2026-09-16 09:51:28] [WARN] [INIT] auto clear log: C:\Users\User\OneDrive\Documents\EasyEDA-Pro\logs
[2026-09-16 09:52:28] [WARN] [INIT] auto clear log: C:\Users\User\OneDrive\Documents\EasyEDA-Pro\logs
[2026-09-16 09:53:28] [WARN] [INIT] auto clear log: C:\Users\User\OneDrive\Documents\EasyEDA-Pro\logs
[2026-09-16 09:54:28] [WARN] [INIT] auto clear log: C:\Users\User\OneDrive\Documents\EasyEDA-Pro\logs
[2026-09-16 09:55:28] [WARN] [INIT] auto clear log: C:\Users\User\OneDrive\Documents\EasyEDA-Pro\logs
[2026-09-16 09:56:28] [WARN] [INIT] auto clear log: C:\Users\User\OneDrive\Documents\EasyEDA-Pro\logs
[2026-09-16 09:57:28] [WARN] [INIT] auto clear log: C:\Users\User\OneDrive\Documents\EasyEDA-Pro\logs
[2026-09-16 09:58:28] [WARN] [INIT] auto clear log: C:\Users\User\OneDrive\Documents\EasyEDA-Pro\logs
[2026-09-16 09:59:28] [WARN] [INIT] auto clear log: C:\Users\User\OneDrive\Documents\EasyEDA-Pro\logs
[2026-09-16 10:00:28] [WARN] [INIT] auto clear log: C:\Users\User\OneDrive\Documents\EasyEDA-Pro\logs
[2026-09-16 10:01:28] [WARN] [INIT] auto clear log: C:\Users\User\OneDrive\Documents\EasyEDA-Pro\logs
[2026-09-16 10:02:28] [WARN] [INIT] auto clear log: C:\Users\User\OneDrive\Documents\EasyEDA-Pro\logs
[2026-09-16 10:03:28] [WARN] [INIT] auto clear log: C:\Users\User\OneDrive\Documents\EasyEDA-Pro\logs
[2026-09-16 10:04:28] [WARN] [INIT] auto clear log: C:\Users\User\OneDrive\Documents\EasyEDA-Pro\logs
[2026-09-16 10:05:28] [WARN] [INIT] auto clear log: C:\Users\User\OneDrive\Documents\EasyEDA-Pro\logs
[2026-09-16 10:06:29] [WARN] [INIT] auto clear log: C:\Users\User\OneDrive\Documents\EasyEDA-Pro\logs
[2026-09-16 10:07:29] [WARN] [INIT] auto clear log: C:\Users\User\OneDrive\Documents\EasyEDA-Pro\logs
[2026-09-16 10:08:29] [WARN] [INIT] auto clear log: C:\Users\User\OneDrive\Documents\EasyEDA-Pro\logs
[2026-09-16 10:09:29] [WARN] [INIT] auto clear log: C:\Users\User\OneDrive\Documents\EasyEDA-Pro\logs
[2026-09-16 10:10:29] [WARN] [INIT] auto clear log: C:\Users\User\OneDrive\Documents\EasyEDA-Pro\logs
[2026-09-16 10:11:29] [WARN] [INIT] auto clear log: C:\Users\User\OneDrive\Documents\EasyEDA-Pro\logs
[2026-09-16 10:12:29] [WARN] [INIT] auto clear log: C:\Users\User\OneDrive\Documents\EasyEDA-Pro\logs
[2026-09-16 10:13:29] [WARN] [INIT] auto clear log: C:\Users\User\OneDrive\Documents\EasyEDA-Pro\logs
[2026-09-16 10:14:29] [WARN] [INIT] auto clear log: C:\Users\User\OneDrive\Documents\EasyEDA-Pro\logs
[2026-09-16 10:15:29] [WARN] [INIT] auto clear log: C:\Users\User\OneDrive\Documents\EasyEDA-Pro\logs
[2026-09-16 10:15:45] [ERROR] unhandledRejection {"errno":8,"code":"SQLITE_READONLY"}
[2026-09-16 10:15:50] [ERROR] unhandledRejection {}
[2026-09-16 10:15:50] [ERROR] unhandledRejection {}
[2026-09-16 10:15:55] [ERROR] unhandledRejection {}
[2026-09-16 10:16:05] [ERROR] unhandledRejection {}
[2026-09-16 10:16:05] [ERROR] unhandledRejection {}
[2026-09-16 10:16:10] [ERROR] unhandledRejection {}
[2026-09-16 10:16:11] [ERROR] unhandledRejection {}
[2026-09-16 10:16:21] [ERROR] unhandledRejection {}
[2026-09-16 10:16:23] [ERROR] unhandledRejection {}
[2026-09-16 10:16:23] [ERROR] unhandledRejection {}
[2026-09-16 10:16:24] [ERROR] unhandledRejection {}
[2026-09-16 10:16:26] [ERROR] unhandledRejection {}
[2026-09-16 10:16:35] [ERROR] unhandledRejection {}
[2026-09-16 10:16:35] [ERROR] unhandledRejection {}
[2026-09-16 10:16:36] [ERROR] unhandledRejection {}
[2026-09-16 10:16:36] [ERROR] unhandledRejection {}
[2026-09-16 10:16:37] [ERROR] unhandledRejection {}
[2026-09-16 10:16:37] [ERROR] unhandledRejection {}
[2026-09-16 10:16:42] [ERROR] unhandledRejection {"code":"ERR_INVALID_STATE"}
[2026-09-16 10:16:44] [ERROR] unhandledRejection {}
[2026-09-16 10:16:45] [WARN] [INIT] auto clear log: C:\Users\User\OneDrive\Documents\EasyEDA-Pro\logs
[2026-09-16 10:16:49] [ERROR] unhandledRejection {}
[2026-09-16 10:16:57] [ERROR] unhandledRejection {}
[2026-09-16 10:17:05] [ERROR] unhandledRejection {}
[2026-09-16 10:17:09] [ERROR] unhandledRejection {}
[2026-09-16 10:17:09] [ERROR] unhandledRejection {}
[2026-09-16 10:17:09] [ERROR] unhandledRejection {}
[2026-09-16 10:17:11] [ERROR] unhandledRejection {}
[2026-09-16 10:17:33] [ERROR] unhandledRejection {}
[2026-09-16 10:17:36] [ERROR] unhandledRejection {}
[2026-09-16 10:17:36] [ERROR] unhandledRejection {}
[2026-09-16 10:17:36] [ERROR] unhandledRejection {}
[2026-09-16 10:17:37] [ERROR] unhandledRejection {}
[2026-09-16 10:17:45] [WARN] [INIT] auto clear log: C:\Users\User\OneDrive\Documents\EasyEDA-Pro\logs
[2026-09-16 10:18:29] [ERROR] unhandledRejection {"errno":8,"code":"SQLITE_READONLY"}
[2026-09-16 10:18:32] [ERROR] [SERVER] {"errno":-3008,"code":"ENOTFOUND","syscall":"getaddrinfo","hostname":"www.googletagmanager.com"}
[2026-09-16 10:18:32] [ERROR] [SERVER] [X-LC-ID-lg8MTpEKekKSAA==] json api exception {"url":"/gtag/js","error":{"errno":-3008,"code":"ENOTFOUND","syscall":"getaddrinfo","hostname":"www.googletagmanager.com"}}
[2026-09-16 10:18:32] [ERROR] unhandledRejection {"errno":-3008,"code":"ENOTFOUND","syscall":"getaddrinfo","hostname":"www.googletagmanager.com"}
[2026-09-16 10:18:36] [ERROR] [SERVER] [X-LC-ID-M9HoTpEKekJtAA==] {"errno":-3008,"code":"ENOTFOUND","syscall":"getaddrinfo","hostname":"pro.easyeda.com"}
[2026-09-16 10:18:37] [ERROR] [SERVER] [X-LC-ID-goAOT5EKekIBAA==] {"errno":-3008,"code":"ENOTFOUND","syscall":"getaddrinfo","hostname":"pro.easyeda.com"}
[2026-09-16 10:18:37] [ERROR] [SERVER] [X-LC-ID-hwgkT5EKekKXAA==] {"errno":-3008,"code":"ENOTFOUND","syscall":"getaddrinfo","hostname":"pro.easyeda.com"}
[2026-09-16 10:18:39] [ERROR] [SERVER] [X-LC-ID-gzG6T5EKekLiAA==] {"errno":-3008,"code":"ENOTFOUND","syscall":"getaddrinfo","hostname":"pro.easyeda.com"}
[2026-09-16 10:18:41] [ERROR] [SERVER] [X-LC-ID-nbsXUJEKekKoAA==] {"errno":-3008,"code":"ENOTFOUND","syscall":"getaddrinfo","hostname":"pro.easyeda.com"}
[2026-09-16 10:18:43] [ERROR] [SERVER] [X-LC-ID-QJK3UJEKekI6AA==] {"errno":-3008,"code":"ENOTFOUND","syscall":"getaddrinfo","hostname":"pro.easyeda.com"}
[2026-09-16 10:18:59] [ERROR] [SERVER] [X-LC-ID-3YZxVJEKekISAA==] device not found cd3216d9bc4f404184cba0f0abf8ab6e
[2026-09-16 10:18:59] [ERROR] [SERVER] [X-LC-ID-3YZxVJEKekISAA==] device not found 7eed248cc93a4b9490c7f3269d2bbe19
[2026-09-16 10:18:59] [ERROR] [SERVER] [X-LC-ID-3YZxVJEKekISAA==] device not found e91d265b5b6141e6a31418fac62344a4
[2026-09-16 10:18:59] [ERROR] [SERVER] [X-LC-ID-3YZxVJEKekISAA==] device not found b160c2e17c784c08a241de4465fca222
[2026-09-16 10:18:59] [ERROR] [SERVER] [X-LC-ID-3YZxVJEKekISAA==] device not found ec5ac45b7e254c1d84a8625935124f1e
[2026-09-16 10:18:59] [ERROR] [SERVER] [X-LC-ID-3YZxVJEKekISAA==] device not found 048aa00cd3204f50a9c01166f298aacc
[2026-09-16 10:18:59] [ERROR] [SERVER] [X-LC-ID-3YZxVJEKekISAA==] device not found e0711572ce7e452eb162b0e04b74277e
[2026-09-16 10:18:59] [ERROR] [SERVER] [X-LC-ID-3YZxVJEKekISAA==] device not found 8d450c794bd047cb92c6d45c7b1e1ac8
[2026-09-16 10:18:59] [ERROR] [SERVER] [X-LC-ID-3YZxVJEKekISAA==] device not found cf9c5e8bb1684430b5abc73e9e7020b7
[2026-09-16 10:18:59] [ERROR] [SERVER] [X-LC-ID-3YZxVJEKekISAA==] device not found 8d450c794bd047cb92c6d45c7b1e1ac8
[2026-09-16 10:18:59] [ERROR] [SERVER] [X-LC-ID-3YZxVJEKekISAA==] device not found 8d450c794bd047cb92c6d45c7b1e1ac8
[2026-09-16 10:18:59] [ERROR] [SERVER] [X-LC-ID-3YZxVJEKekISAA==] device not found 8d450c794bd047cb92c6d45c7b1e1ac8
[2026-09-16 10:18:59] [ERROR] [SERVER] [X-LC-ID-3YZxVJEKekISAA==] device not found bb24dd648e204d77bbc9233f38a72ef7
[2026-09-16 10:18:59] [ERROR] [SERVER] [X-LC-ID-3YZxVJEKekISAA==] device not found bb24dd648e204d77bbc9233f38a72ef7
[2026-09-16 10:18:59] [ERROR] [SERVER] [X-LC-ID-3YZxVJEKekISAA==] device not found 3201eb6ee8b74709b670e2c2cfa829b2
[2026-09-16 10:18:59] [ERROR] [SERVER] [X-LC-ID-3YZxVJEKekISAA==] device not found 6d0b719e7bd34c8e8b3b433105463c46
[2026-09-16 10:18:59] [ERROR] [SERVER] [X-LC-ID-3YZxVJEKekISAA==] device not found 4f70a66695294441a9d95a68cf6c0b04
[2026-09-16 10:18:59] [ERROR] [SERVER] [X-LC-ID-3YZxVJEKekISAA==] device not found df69b335204f4509a5ae5df5cdc97a14
[2026-09-16 10:18:59] [ERROR] [SERVER] [X-LC-ID-3YZxVJEKekISAA==] device not found 1aa662ca01074dd4b7c59d9ee0ae5ef8
[2026-09-16 10:18:59] [ERROR] [SERVER] [X-LC-ID-3YZxVJEKekISAA==] device not found 10f51703def24c2c8e15533489a9d404
[2026-09-16 10:18:59] [ERROR] [SERVER] [X-LC-ID-3YZxVJEKekISAA==] device not found b9b752a0be424d8e9fc43121e5cd681c
[2026-09-16 10:18:59] [ERROR] [SERVER] [X-LC-ID-3YZxVJEKekISAA==] device not found bbf3fb045fba419f83ed1e18075c4189
[2026-09-16 10:18:59] [ERROR] [SERVER] [X-LC-ID-3YZxVJEKekISAA==] device not found 9c38742267e74cc99cb4b43daf8f5355
[2026-09-16 10:18:59] [ERROR] [SERVER] [X-LC-ID-3YZxVJEKekISAA==] device not found eff7e71c351249fe8f4e303c8b2b85cc
[2026-09-16 10:18:59] [ERROR] [SERVER] [X-LC-ID-3YZxVJEKekISAA==] device not found 24f1572ddddb42c2abec3b14b1aeb99f
[2026-09-16 10:18:59] [ERROR] [SERVER] [X-LC-ID-3YZxVJEKekISAA==] device not found 93c829a348834d679d8d8a059ea91636
[2026-09-16 10:18:59] [ERROR] [SERVER] [X-LC-ID-3YZxVJEKekISAA==] device not found 1152456e4bb34697bfc17842913252f1
[2026-09-16 10:18:59] [ERROR] [SERVER] [X-LC-ID-3YZxVJEKekISAA==] device not found dc801d7a8953425fb466eee691d69d37
[2026-09-16 10:18:59] [ERROR] [SERVER] [X-LC-ID-3YZxVJEKekISAA==] device not found 6073168119a941bda41c330f8b8e9152
[2026-09-16 10:18:59] [ERROR] [SERVER] [X-LC-ID-3YZxVJEKekISAA==] device not found 139440e937d84e40b10cbbda322091bc
[2026-09-16 10:18:59] [ERROR] [SERVER] [X-LC-ID-3YZxVJEKekISAA==] device not found 0317c12649054b9285e3960ac616091e
[2026-09-16 10:18:59] [ERROR] [SERVER] [X-LC-ID-3YZxVJEKekISAA==] device not found b41ccb459dcf41e8b2bb835fee5c7177
[2026-09-16 10:18:59] [ERROR] [SERVER] [X-LC-ID-3YZxVJEKekISAA==] device not found 0534164f9ab04448b84d379e07ab6876
[2026-09-16 10:18:59] [ERROR] [SERVER] [X-LC-ID-3YZxVJEKekISAA==] device not found 54d7d6b6acf24d9bba1a605d1f858bb2
[2026-09-16 10:18:59] [ERROR] [SERVER] [X-LC-ID-3YZxVJEKekISAA==] device not found 548c86e8e6bb471782069b78e8c67f67
[2026-09-16 10:18:59] [ERROR] [SERVER] [X-LC-ID-3YZxVJEKekISAA==] device not found 926b34d92d0d444eb75988761982ec59
[2026-09-16 10:18:59] [ERROR] [SERVER] [X-LC-ID-3YZxVJEKekISAA==] device not found 035e6ff02f374c0e9e78a0e542711bab
[2026-09-16 10:18:59] [ERROR] [SERVER] [X-LC-ID-3YZxVJEKekISAA==] device not found 77e4e58c188a4330a8ecb535773aacb1
[2026-09-16 10:18:59] [ERROR] [SERVER] [X-LC-ID-3YZxVJEKekISAA==] device not found a713ecdd66cb4532b9de5713fd6b63b5
[2026-09-16 10:18:59] [ERROR] [SERVER] [X-LC-ID-3YZxVJEKekISAA==] device not found 2e4e71fea06848c9a86eef0ed6338204
[2026-09-16 10:18:59] [ERROR] [SERVER] [X-LC-ID-3YZxVJEKekISAA==] device not found 8bbb548a2b9a4712be2ebcc9fccc3a1c
[2026-09-16 10:18:59] [ERROR] [SERVER] [X-LC-ID-3YZxVJEKekISAA==] device not found 1e49409bec974672828f01a773e33450
[2026-09-16 10:18:59] [ERROR] [SERVER] [X-LC-ID-3YZxVJEKekISAA==] device not found 7dfdb91ec9a24723baca64628d003fcf
[2026-09-16 10:19:14] [ERROR] [SERVER] [X-LC-ID-FesgWJEKekKiAA==] json api /api/v2/components/basicLibraryFootprintPreview" {}
[2026-09-16 10:19:29] [WARN] [INIT] auto clear log: C:\Users\User\OneDrive\Documents\EasyEDA-Pro\logs
[2026-09-16 10:20:29] [WARN] [INIT] auto clear log: C:\Users\User\OneDrive\Documents\EasyEDA-Pro\logs
[2026-09-16 10:21:29] [WARN] [INIT] auto clear log: C:\Users\User\OneDrive\Documents\EasyEDA-Pro\logs
[2026-09-16 10:22:29] [WARN] [INIT] auto clear log: C:\Users\User\OneDrive\Documents\EasyEDA-Pro\logs
[2026-09-16 10:23:29] [WARN] [INIT] auto clear log: C:\Users\User\OneDrive\Documents\EasyEDA-Pro\logs
[2026-09-16 10:24:29] [WARN] [INIT] auto clear log: C:\Users\User\OneDrive\Documents\EasyEDA-Pro\logs
[2026-09-16 10:25:29] [WARN] [INIT] auto clear log: C:\Users\User\OneDrive\Documents\EasyEDA-Pro\logs
[2026-09-16 10:26:29] [WARN] [INIT] auto clear log: C:\Users\User\OneDrive\Documents\EasyEDA-Pro\logs
[2026-09-16 10:27:29] [WARN] [INIT] auto clear log: C:\Users\User\OneDrive\Documents\EasyEDA-Pro\logs
[2026-09-16 10:28:29] [WARN] [INIT] auto clear log: C:\Users\User\OneDrive\Documents\EasyEDA-Pro\logs
[2026-09-16 10:29:29] [WARN] [INIT] auto clear log: C:\Users\User\OneDrive\Documents\EasyEDA-Pro\logs
[2026-09-16 10:30:29] [WARN] [INIT] auto clear log: C:\Users\User\OneDrive\Documents\EasyEDA-Pro\logs
[2026-09-16 10:31:29] [WARN] [INIT] auto clear log: C:\Users\User\OneDrive\Documents\EasyEDA-Pro\logs
[2026-09-16 10:32:29] [WARN] [INIT] auto clear log: C:\Users\User\OneDrive\Documents\EasyEDA-Pro\logs
[2026-09-16 10:33:29] [WARN] [INIT] auto clear log: C:\Users\User\OneDrive\Documents\EasyEDA-Pro\logs
[2026-09-16 10:34:29] [WARN] [INIT] auto clear log: C:\Users\User\OneDrive\Documents\EasyEDA-Pro\logs
[2026-09-16 10:35:29] [WARN] [INIT] auto clear log: C:\Users\User\OneDrive\Documents\EasyEDA-Pro\logs
[2026-09-16 10:36:29] [WARN] [INIT] auto clear log: C:\Users\User\OneDrive\Documents\EasyEDA-Pro\logs
[2026-09-16 10:37:29] [WARN] [INIT] auto clear log: C:\Users\User\OneDrive\Documents\EasyEDA-Pro\logs
[2026-09-16 10:38:29] [WARN] [INIT] auto clear log: C:\Users\User\OneDrive\Documents\EasyEDA-Pro\logs
[2026-09-16 10:39:29] [WARN] [INIT] auto clear log: C:\Users\User\OneDrive\Documents\EasyEDA-Pro\logs
[2026-09-16 10:40:29] [WARN] [INIT] auto clear log: C:\Users\User\OneDrive\Documents\EasyEDA-Pro\logs
[2026-09-16 10:41:29] [WARN] [INIT] auto clear log: C:\Users\User\OneDrive\Documents\EasyEDA-Pro\logs
[2026-09-16 10:42:29] [WARN] [INIT] auto clear log: C:\Users\User\OneDrive\Documents\EasyEDA-Pro\logs
[2026-09-16 10:43:29] [WARN] [INIT] auto clear log: C:\Users\User\OneDrive\Documents\EasyEDA-Pro\logs
[2026-09-16 10:44:29] [WARN] [INIT] auto clear log: C:\Users\User\OneDrive\Documents\EasyEDA-Pro\logs
[2026-09-16 10:45:29] [WARN] [INIT] auto clear log: C:\Users\User\OneDrive\Documents\EasyEDA-Pro\logs
[2026-09-16 10:46:29] [WARN] [INIT] auto clear log: C:\Users\User\OneDrive\Documents\EasyEDA-Pro\logs
[2026-09-16 10:47:29] [WARN] [INIT] auto clear log: C:\Users\User\OneDrive\Documents\EasyEDA-Pro\logs
[2026-09-16 10:48:29] [WARN] [INIT] auto clear log: C:\Users\User\OneDrive\Documents\EasyEDA-Pro\logs
[2026-09-16 10:49:29] [WARN] [INIT] auto clear log: C:\Users\User\OneDrive\Documents\EasyEDA-Pro\logs
[2026-09-16 10:50:29] [WARN] [INIT] auto clear log: C:\Users\User\OneDrive\Documents\EasyEDA-Pro\logs
[2026-09-16 10:51:29] [WARN] [INIT] auto clear log: C:\Users\User\OneDrive\Documents\EasyEDA-Pro\logs
[2026-09-16 10:52:29] [WARN] [INIT] auto clear log: C:\Users\User\OneDrive\Documents\EasyEDA-Pro\logs
[2026-09-16 10:53:29] [WARN] [INIT] auto clear log: C:\Users\User\OneDrive\Documents\EasyEDA-Pro\logs
[2026-09-16 10:54:29] [WARN] [INIT] auto clear log: C:\Users\User\OneDrive\Documents\EasyEDA-Pro\logs
[2026-09-16 10:55:29] [WARN] [INIT] auto clear log: C:\Users\User\OneDrive\Documents\EasyEDA-Pro\logs
[2026-09-16 10:56:29] [WARN] [INIT] auto clear log: C:\Users\User\OneDrive\Documents\EasyEDA-Pro\logs
[2026-09-16 10:57:29] [WARN] [INIT] auto clear log: C:\Users\User\OneDrive\Documents\EasyEDA-Pro\logs
[2026-09-16 10:58:29] [WARN] [INIT] auto clear log: C:\Users\User\OneDrive\Documents\EasyEDA-Pro\logs
[2026-09-16 10:59:29] [WARN] [INIT] auto clear log: C:\Users\User\OneDrive\Documents\EasyEDA-Pro\logs
[2026-09-16 11:00:29] [WARN] [INIT] auto clear log: C:\Users\User\OneDrive\Documents\EasyEDA-Pro\logs
[2026-09-16 11:01:29] [WARN] [INIT] auto clear log: C:\Users\User\OneDrive\Documents\EasyEDA-Pro\logs
[2026-09-16 11:02:29] [WARN] [INIT] auto clear log: C:\Users\User\OneDrive\Documents\EasyEDA-Pro\logs
[2026-09-16 11:03:29] [WARN] [INIT] auto clear log: C:\Users\User\OneDrive\Documents\EasyEDA-Pro\logs
[2026-09-16 11:04:29] [WARN] [INIT] auto clear log: C:\Users\User\OneDrive\Documents\EasyEDA-Pro\logs
[2026-09-16 11:05:29] [WARN] [INIT] auto clear log: C:\Users\User\OneDrive\Documents\EasyEDA-Pro\logs
[2026-09-16 11:06:29] [WARN] [INIT] auto clear log: C:\Users\User\OneDrive\Documents\EasyEDA-Pro\logs
[2026-09-16 11:07:29] [WARN] [INIT] auto clear log: C:\Users\User\OneDrive\Documents\EasyEDA-Pro\logs
[2026-09-16 11:08:29] [WARN] [INIT] auto clear log: C:\Users\User\OneDrive\Documents\EasyEDA-Pro\logs
[2026-09-16 11:09:29] [WARN] [INIT] auto clear log: C:\Users\User\OneDrive\Documents\EasyEDA-Pro\logs
[2026-09-16 11:10:29] [WARN] [INIT] auto clear log: C:\Users\User\OneDrive\Documents\EasyEDA-Pro\logs
[2026-09-16 11:11:29] [WARN] [INIT] auto clear log: C:\Users\User\OneDrive\Documents\EasyEDA-Pro\logs
[2026-09-16 11:12:29] [WARN] [INIT] auto clear log: C:\Users\User\OneDrive\Documents\EasyEDA-Pro\logs
[2026-09-16 11:13:29] [WARN] [INIT] auto clear log: C:\Users\User\OneDrive\Documents\EasyEDA-Pro\logs
[2026-09-16 11:14:29] [WARN] [INIT] auto clear log: C:\Users\User\OneDrive\Documents\EasyEDA-Pro\logs
[2026-09-16 11:15:29] [WARN] [INIT] auto clear log: C:\Users\User\OneDrive\Documents\EasyEDA-Pro\logs
[2026-09-16 11:16:29] [WARN] [INIT] auto clear log: C:\Users\User\OneDrive\Documents\EasyEDA-Pro\logs
[2026-09-16 11:17:07] [ERROR] [SERVER] [X-LC-ID-OUmkppQKekLqAA==] {"errno":-4077,"code":"ECONNRESET","syscall":"read"}
[2026-09-16 11:17:29] [WARN] [INIT] auto clear log: C:\Users\User\OneDrive\Documents\EasyEDA-Pro\logs
[2026-09-16 11:18:29] [WARN] [INIT] auto clear log: C:\Users\User\OneDrive\Documents\EasyEDA-Pro\logs
[2026-09-16 11:18:46] [ERROR] [SERVER] [X-LC-ID-Bz5gwJQKekKoAA==] {"errno":-3008,"code":"ENOTFOUND","syscall":"getaddrinfo","hostname":"pro.easyeda.com"}
[2026-09-16 11:19:29] [WARN] [INIT] auto clear log: C:\Users\User\OneDrive\Documents\EasyEDA-Pro\logs
[2026-09-16 11:20:29] [WARN] [INIT] auto clear log: C:\Users\User\OneDrive\Documents\EasyEDA-Pro\logs
[2026-09-16 11:21:29] [WARN] [INIT] auto clear log: C:\Users\User\OneDrive\Documents\EasyEDA-Pro\logs
[2026-09-16 11:22:29] [WARN] [INIT] auto clear log: C:\Users\User\OneDrive\Documents\EasyEDA-Pro\logs
[2026-09-16 11:23:29] [WARN] [INIT] auto clear log: C:\Users\User\OneDrive\Documents\EasyEDA-Pro\logs
[2026-09-16 11:24:29] [WARN] [INIT] auto clear log: C:\Users\User\OneDrive\Documents\EasyEDA-Pro\logs
[2026-09-16 11:25:29] [WARN] [INIT] auto clear log: C:\Users\User\OneDrive\Documents\EasyEDA-Pro\logs
[2026-09-16 11:26:29] [WARN] [INIT] auto clear log: C:\Users\User\OneDrive\Documents\EasyEDA-Pro\logs
[2026-09-16 11:27:29] [WARN] [INIT] auto clear log: C:\Users\User\OneDrive\Documents\EasyEDA-Pro\logs
[2026-09-16 11:28:29] [WARN] [INIT] auto clear log: C:\Users\User\OneDrive\Documents\EasyEDA-Pro\logs
[2026-09-16 11:29:29] [WARN] [INIT] auto clear log: C:\Users\User\OneDrive\Documents\EasyEDA-Pro\logs
[2026-09-16 11:30:29] [WARN] [INIT] auto clear log: C:\Users\User\OneDrive\Documents\EasyEDA-Pro\logs
[2026-09-16 11:31:29] [WARN] [INIT] auto clear log: C:\Users\User\OneDrive\Documents\EasyEDA-Pro\logs
[2026-09-16 11:32:29] [WARN] [INIT] auto clear log: C:\Users\User\OneDrive\Documents\EasyEDA-Pro\logs
[2026-09-16 11:33:29] [WARN] [INIT] auto clear log: C:\Users\User\OneDrive\Documents\EasyEDA-Pro\logs
[2026-09-16 11:34:29] [WARN] [INIT] auto clear log: C:\Users\User\OneDrive\Documents\EasyEDA-Pro\logs
[2026-09-16 11:35:29] [WARN] [INIT] auto clear log: C:\Users\User\OneDrive\Documents\EasyEDA-Pro\logs
[2026-09-16 11:36:29] [WARN] [INIT] auto clear log: C:\Users\User\OneDrive\Documents\EasyEDA-Pro\logs
[2026-09-16 11:37:29] [WARN] [INIT] auto clear log: C:\Users\User\OneDrive\Documents\EasyEDA-Pro\logs
[2026-09-16 11:38:29] [WARN] [INIT] auto clear log: C:\Users\User\OneDrive\Documents\EasyEDA-Pro\logs
[2026-09-16 11:39:30] [WARN] [INIT] auto clear log: C:\Users\User\OneDrive\Documents\EasyEDA-Pro\logs
[2026-09-16 11:40:30] [WARN] [INIT] auto clear log: C:\Users\User\OneDrive\Documents\EasyEDA-Pro\logs
[2026-09-16 11:41:30] [WARN] [INIT] auto clear log: C:\Users\User\OneDrive\Documents\EasyEDA-Pro\logs
[2026-09-16 11:42:30] [WARN] [INIT] auto clear log: C:\Users\User\OneDrive\Documents\EasyEDA-Pro\logs
[2026-09-16 11:43:30] [WARN] [INIT] auto clear log: C:\Users\User\OneDrive\Documents\EasyEDA-Pro\logs
[2026-09-16 11:44:30] [WARN] [INIT] auto clear log: C:\Users\User\OneDrive\Documents\EasyEDA-Pro\logs
[2026-09-16 11:45:30] [WARN] [INIT] auto clear log: C:\Users\User\OneDrive\Documents\EasyEDA-Pro\logs
[2026-09-16 11:46:30] [WARN] [INIT] auto clear log: C:\Users\User\OneDrive\Documents\EasyEDA-Pro\logs
[2026-09-16 11:47:30] [WARN] [INIT] auto clear log: C:\Users\User\OneDrive\Documents\EasyEDA-Pro\logs
[2026-09-16 11:48:30] [WARN] [INIT] auto clear log: C:\Users\User\OneDrive\Documents\EasyEDA-Pro\logs
[2026-09-16 11:49:30] [WARN] [INIT] auto clear log: C:\Users\User\OneDrive\Documents\EasyEDA-Pro\logs
[2026-09-16 11:50:30] [WARN] [INIT] auto clear log: C:\Users\User\OneDrive\Documents\EasyEDA-Pro\logs
[2026-09-16 11:51:30] [WARN] [INIT] auto clear log: C:\Users\User\OneDrive\Documents\EasyEDA-Pro\logs
[2026-09-16 11:52:30] [WARN] [INIT] auto clear log: C:\Users\User\OneDrive\Documents\EasyEDA-Pro\logs
[2026-09-16 11:53:30] [WARN] [INIT] auto clear log: C:\Users\User\OneDrive\Documents\EasyEDA-Pro\logs
[2026-09-16 11:54:30] [WARN] [INIT] auto clear log: C:\Users\User\OneDrive\Documents\EasyEDA-Pro\logs
[2026-09-16 11:55:30] [WARN] [INIT] auto clear log: C:\Users\User\OneDrive\Documents\EasyEDA-Pro\logs
[2026-09-16 11:56:30] [WARN] [INIT] auto clear log: C:\Users\User\OneDrive\Documents\EasyEDA-Pro\logs
